Archive member included because of file (symbol)

/home/ishyro/Documents/Info/M1/S2/OMicrob-next/src/byterun/pic32/cores/core.a(exceptions.c.o)
                              /tmp/ccvDI7Oq.o (_general_exception_handler_entry)
/home/ishyro/Documents/Info/M1/S2/OMicrob-next/src/byterun/pic32/cores/core.a(task_manager.c.o)
                              /tmp/cc2tldj7.o (_scheduleTask)
/home/ishyro/Documents/Info/M1/S2/OMicrob-next/src/byterun/pic32/cores/core.a(vector_table.S.o)
                              /tmp/cc2tldj7.o (__use_isr_install)
/home/ishyro/Documents/Info/M1/S2/OMicrob-next/src/byterun/pic32/cores/core.a(wiring.c.o)
                              /tmp/cc2tldj7.o (millis)
/home/ishyro/Documents/Info/M1/S2/OMicrob-next/src/byterun/pic32/cores/core.a(wiring_analog.c.o)
                              /tmp/cc2tldj7.o (analogRead)
/home/ishyro/Documents/Info/M1/S2/OMicrob-next/src/byterun/pic32/cores/core.a(wiring_digital.c.o)
                              /tmp/cc2tldj7.o (pinMode)
/home/ishyro/Documents/Info/M1/S2/OMicrob-next/src/byterun/pic32/cores/core.a(USB.cpp.o)
                              /home/ishyro/Documents/Info/M1/S2/OMicrob-next/src/byterun/pic32/cores/core.a(wiring.c.o) (usb_boot_system)
/home/ishyro/Documents/Info/M1/S2/OMicrob-next/src/byterun/pic32/cores/core.a(USB_CDCACM.cpp.o)
                              /home/ishyro/Documents/Info/M1/S2/OMicrob-next/src/byterun/pic32/cores/core.a(USB.cpp.o) (vtable for CDCACM)
/home/ishyro/Documents/Info/M1/S2/OMicrob-next/src/byterun/pic32/cores/core.a(USB_FS.cpp.o)
                              /home/ishyro/Documents/Info/M1/S2/OMicrob-next/src/byterun/pic32/cores/core.a(USB.cpp.o) (USBFS::_this)
/home/ishyro/Documents/Info/M1/S2/OMicrob-next/src/byterun/pic32/cores/core.a(WSystem.c.o)
                              /home/ishyro/Documents/Info/M1/S2/OMicrob-next/src/byterun/pic32/cores/core.a(wiring.c.o) (initIntVector)
/home/ishyro/Documents/Info/M1/S2/OMicrob-next/src/byterun/pic32/cores/core.a(pins_arduino.c.o)
                              /home/ishyro/Documents/Info/M1/S2/OMicrob-next/src/byterun/pic32/cores/core.a(wiring.c.o) (_board_init)
/home/ishyro/Documents/Info/M1/S2/OMicrob-next/src/byterun/pic32/cores/core.a(Print.cpp.o)
                              /home/ishyro/Documents/Info/M1/S2/OMicrob-next/src/byterun/pic32/cores/core.a(USB_CDCACM.cpp.o) (typeinfo for Print)
/home/ishyro/Documents/Info/M1/S2/OMicrob-next/src/byterun/pic32/cores/core.a(doprnt.cpp.o)
                              /home/ishyro/Documents/Info/M1/S2/OMicrob-next/src/byterun/pic32/cores/core.a(Print.cpp.o) (_doprnt(char const*, void*, Print*))
/home/ishyro/.arduino15/packages/chipKIT/tools/pic32-tools/1.43-pic32gcc/bin/bin/../../lib/gcc/pic32mx/4.8.3/../../../../pic32mx/lib/size/libsupc++.a(class_type_info.o)
                              /home/ishyro/Documents/Info/M1/S2/OMicrob-next/src/byterun/pic32/cores/core.a(USB_CDCACM.cpp.o) (vtable for __cxxabiv1::__class_type_info)
/home/ishyro/.arduino15/packages/chipKIT/tools/pic32-tools/1.43-pic32gcc/bin/bin/../../lib/gcc/pic32mx/4.8.3/../../../../pic32mx/lib/size/libsupc++.a(del_op.o)
                              /home/ishyro/.arduino15/packages/chipKIT/tools/pic32-tools/1.43-pic32gcc/bin/bin/../../lib/gcc/pic32mx/4.8.3/../../../../pic32mx/lib/size/libsupc++.a(class_type_info.o) (operator delete(void*))
/home/ishyro/.arduino15/packages/chipKIT/tools/pic32-tools/1.43-pic32gcc/bin/bin/../../lib/gcc/pic32mx/4.8.3/../../../../pic32mx/lib/size/libsupc++.a(si_class_type_info.o)
                              /home/ishyro/Documents/Info/M1/S2/OMicrob-next/src/byterun/pic32/cores/core.a(USB_CDCACM.cpp.o) (vtable for __cxxabiv1::__si_class_type_info)
/home/ishyro/.arduino15/packages/chipKIT/tools/pic32-tools/1.43-pic32gcc/bin/bin/../../lib/gcc/pic32mx/4.8.3/../../../../pic32mx/lib/size/libsupc++.a(tinfo.o)
                              /home/ishyro/.arduino15/packages/chipKIT/tools/pic32-tools/1.43-pic32gcc/bin/bin/../../lib/gcc/pic32mx/4.8.3/../../../../pic32mx/lib/size/libsupc++.a(class_type_info.o) (std::type_info::~type_info())
/home/ishyro/.arduino15/packages/chipKIT/tools/pic32-tools/1.43-pic32gcc/bin/bin/../../lib/gcc/pic32mx/4.8.3/../../../../pic32mx/lib/size/libsupc++.a(vmi_class_type_info.o)
                              /home/ishyro/Documents/Info/M1/S2/OMicrob-next/src/byterun/pic32/cores/core.a(USB_CDCACM.cpp.o) (vtable for __cxxabiv1::__vmi_class_type_info)
/home/ishyro/.arduino15/packages/chipKIT/tools/pic32-tools/1.43-pic32gcc/bin/bin/../../lib/gcc/pic32mx/4.8.3/../../../../pic32mx/lib/size/libsupc++.a(pure.o)
                              /home/ishyro/Documents/Info/M1/S2/OMicrob-next/src/byterun/pic32/cores/core.a(Print.cpp.o) (__cxa_pure_virtual)
/home/ishyro/.arduino15/packages/chipKIT/tools/pic32-tools/1.43-pic32gcc/bin/bin/../../lib/gcc/pic32mx/4.8.3/../../../../pic32mx/lib/size/libsupc++.a(eh_terminate.o)
[...]
Memory Configuration

Name             Origin             Length             Attributes
exception_mem    0x9d000000         0x00001000
kseg0_program_mem 0x9d001000         0x0001d000         xr
kseg0_eeprom_mem 0x9d01e000         0x00001000
kseg0_splitflash_mem 0x9d01f000         0x00001000
kseg0_boot_mem   0x9fc00200         0x00000000
kseg1_boot_mem   0xbfc00000         0x00000000
debug_exec_mem   0xbfc00490         0x00000000
config3          0xbfc00bf0         0x00000004
config2          0xbfc00bf4         0x00000004
config1          0xbfc00bf8         0x00000004
config0          0xbfc00bfc         0x00000004
kseg1_data_mem   0xa0000000         0x00008000         w !x
sfrs             0xbf800000         0x00100000
configsfrs       0xbfc00bf0         0x00000010
*default*        0x00000000         0xffffffff

Linker script and memory map

                0x00000001                _DEBUGGER = 0x1
LOAD /tmp/cc2tldj7.o
LOAD /home/ishyro/Documents/Info/M1/S2/OMicrob-next/src/byterun/pic32/Board_Data.o
LOAD /tmp/ccP31kNd.o
LOAD /tmp/ccswR8hk.o
LOAD /tmp/ccvDI7Oq.o
LOAD /tmp/ccEsu2mx.o
LOAD /home/ishyro/Documents/Info/M1/S2/OMicrob-next/src/byterun/pic32/cores/core.a
LOAD /home/ishyro/.arduino15/packages/chipKIT/tools/pic32-tools/1.43-pic32gcc/bin/bin/../../lib/gcc/pic32mx/4.8.3/../../../../pic32mx/lib/size/libsupc++.a
LOAD /home/ishyro/.arduino15/packages/chipKIT/tools/pic32-tools/1.43-pic32gcc/bin/bin/../../lib/gcc/pic32mx/4.8.3/../../../../pic32mx/lib/size/libm.a
                0x00000800                PROVIDE (_min_stack_size, 0x800)
                0x00000800                PROVIDE (_min_heap_size, 0x800)
LOAD /home/ishyro/.arduino15/packages/chipKIT/tools/pic32-tools/1.43-pic32gcc/bin/bin/../../lib/gcc/pic32mx/4.8.3/../../../../pic32mx/lib/./proc/32MX250F128D/processor.o
START GROUP
LOAD libmchp_peripheral_32MX250F128D.a
END GROUP
                0x9d000000                _ebase_address = ORIGIN (exception_mem)
                0x9d0000f8                _IMAGE_PTR_TABLE = (_ebase_address + 0xf8)
                0x9d0000fc                _IMAGE_HEADER_ADDR = (_ebase_address + 0xfc)
                0x9d000180                _GEN_EXCPT_ADDR = (_ebase_address + 0x180)
                0x9d001000                _RESET_ADDR = ORIGIN (kseg0_program_mem)
                0x9d01e000                _EEPROM_ADDR = ORIGIN (kseg0_eeprom_mem)
                0xbfc00380                _BEV_EXCPT_ADDR = 0xbfc00380
                0xbfc00480                _DBG_EXCPT_ADDR = 0xbfc00480
                0xbfc00490                _DBG_CODE_ADDR = ORIGIN (debug_exec_mem)
                0x00000000                _imageReserved = 0x0
                0x00000001                _imageMPIDE = 0x1
                0x00000002                _imageBootFlashBootloader = 0x2
                0x00000004                _imageProgramFlashBootloader = 0x4
                0x00000008                _imageSplitFlashBootloader = 0x8
                0x00010000                _imageFullFlashEraseLess4KEEProm = 0x10000
                0x00020000                _imageJustInTimeFlashErase = 0x20000
                0x00040000                _imageLinkerSpecifiedFlashErase = 0x40000
                0x00080000                _imageFullFlashErase = 0x80000
                0x01000000                _imageExecutionJumpAddress = 0x1000000
                0x02000000                _imageExecutionJumpToFirstInFlash = 0x2000000
                0x01020001                _IMAGE_TYPE = ((_imageMPIDE | _imageJustInTimeFlashErase) | _imageExecutionJumpAddress)
                0x0001e000                _IMAGE_FLASH_SIZE = 0x1e000
                0x9d001000                _JUMP_ADDR = _RESET_ADDR

.reset          0x9d001000        0x8
 *(.reset)
 .reset         0x9d001000        0x8 /tmp/ccvDI7Oq.o
                0x9d001000                _reset
                0x00000001                PROVIDE (_vector_spacing, 0x1)
LOAD /home/ishyro/.arduino15/packages/chipKIT/tools/pic32-tools/1.43-pic32gcc/bin/bin/../../lib/gcc/pic32mx/4.8.3/size/crtbegin.o
LOAD /home/ishyro/.arduino15/packages/chipKIT/tools/pic32-tools/1.43-pic32gcc/bin/bin/../../lib/gcc/pic32mx/4.8.3/size/crtend.o
LOAD /home/ishyro/.arduino15/packages/chipKIT/tools/pic32-tools/1.43-pic32gcc/bin/bin/../../lib/gcc/pic32mx/4.8.3/size/crtn.o
START GROUP
LOAD libmchp_peripheral.a
END GROUP

/DISCARD/
 *(.config_*)
 *(.bev_handler)
 *(.pdr)
 *(.reginfo)
 *(.rel.dyn)
 *(.note.GNU-stack)
 *(.note.GNU-stack)
 *(.gnu_debuglink)
 *(.gnu.lto_*)
 *(.discard)

.eeprom_pic32
 *(.eeprom_pic32 .eeprom_pic32.*)

.image_ptr_table
                0x9d0000f8        0x8
                0x9d0000f8        0x4 LONG 0x9d000000 _ebase_address
                0x9d0000fc        0x4 LONG 0x9d001430 _image_header_info

.app_excpt      0x9d000180       0x10
 *(.gen_handler)
 .gen_handler   0x9d000180       0x10 /tmp/ccvDI7Oq.o

.vector_0       0x9d000200       0x14
                0x9d000200                _new_vector_0 = .
 *(.vector_new_0)
 .vector_new_0  0x9d000200       0x14 /home/ishyro/Documents/Info/M1/S2/OMicrob-next/src/byterun/pic32/cores/core.a(vector_table.S.o)
                0x9d000200                __vector_0
                0x9d000214                _original_vector_0 = .
 *(.vector_0)
                0x00000001                ASSERT (((_vector_spacing == 0x0) || (SIZEOF (.vector_0) <= (_vector_spacing << 0x5))), function at exception vector 0 too large)

.vector_1       0x9d000220       0x14
 *(.vector_new_1)
 .vector_new_1  0x9d000220       0x14 /home/ishyro/Documents/Info/M1/S2/OMicrob-next/src/byterun/pic32/cores/core.a(vector_table.S.o)
                0x9d000220                __vector_1
 *(.vector_1)
                0x00000001                ASSERT (((_vector_spacing == 0x0) || (SIZEOF (.vector_1) <= (_vector_spacing << 0x5))), function at exception vector 1 too large)

.vector_2       0x9d000240       0x14
 *(.vector_new_2)
 .vector_new_2  0x9d000240       0x14 /home/ishyro/Documents/Info/M1/S2/OMicrob-next/src/byterun/pic32/cores/core.a(vector_table.S.o)
                0x9d000240                __vector_2
 *(.vector_2)
                0x00000001                ASSERT (((_vector_spacing == 0x0) || (SIZEOF (.vector_2) <= (_vector_spacing << 0x5))), function at exception vector 2 too large)

.vector_3       0x9d000260       0x14
 *(.vector_new_3)
 .vector_new_3  0x9d000260       0x14 /home/ishyro/Documents/Info/M1/S2/OMicrob-next/src/byterun/pic32/cores/core.a(vector_table.S.o)
                0x9d000260                __vector_3
 *(.vector_3)
                0x00000001                ASSERT (((_vector_spacing == 0x0) || (SIZEOF (.vector_3) <= (_vector_spacing << 0x5))), function at exception vector 3 too large)

.vector_4       0x9d000280       0x14
 *(.vector_new_4)
 .vector_new_4  0x9d000280       0x14 /home/ishyro/Documents/Info/M1/S2/OMicrob-next/src/byterun/pic32/cores/core.a(vector_table.S.o)
                0x9d000280                __vector_4
 *(.vector_4)
                0x00000001                ASSERT (((_vector_spacing == 0x0) || (SIZEOF (.vector_4) <= (_vector_spacing << 0x5))), function at exception vector 4 too large)

.vector_5       0x9d0002a0       0x14
 *(.vector_new_5)
 .vector_new_5  0x9d0002a0       0x14 /home/ishyro/Documents/Info/M1/S2/OMicrob-next/src/byterun/pic32/cores/core.a(vector_table.S.o)
                0x9d0002a0                __vector_5
 *(.vector_5)
                0x00000001                ASSERT (((_vector_spacing == 0x0) || (SIZEOF (.vector_5) <= (_vector_spacing << 0x5))), function at exception vector 5 too large)

.vector_6       0x9d0002c0       0x14
 *(.vector_new_6)
 .vector_new_6  0x9d0002c0       0x14 /home/ishyro/Documents/Info/M1/S2/OMicrob-next/src/byterun/pic32/cores/core.a(vector_table.S.o)
                0x9d0002c0                __vector_6
 *(.vector_6)
                0x00000001                ASSERT (((_vector_spacing == 0x0) || (SIZEOF (.vector_6) <= (_vector_spacing << 0x5))), function at exception vector 6 too large)

.vector_7       0x9d0002e0       0x14
 *(.vector_new_7)
 .vector_new_7  0x9d0002e0       0x14 /home/ishyro/Documents/Info/M1/S2/OMicrob-next/src/byterun/pic32/cores/core.a(vector_table.S.o)
                0x9d0002e0                __vector_7
 *(.vector_7)
                0x00000001                ASSERT (((_vector_spacing == 0x0) || (SIZEOF (.vector_7) <= (_vector_spacing << 0x5))), function at exception vector 7 too large)

.vector_8       0x9d000300       0x14
 *(.vector_new_8)
 .vector_new_8  0x9d000300       0x14 /home/ishyro/Documents/Info/M1/S2/OMicrob-next/src/byterun/pic32/cores/core.a(vector_table.S.o)
                0x9d000300                __vector_8
 *(.vector_8)
                0x00000001                ASSERT (((_vector_spacing == 0x0) || (SIZEOF (.vector_8) <= (_vector_spacing << 0x5))), function at exception vector 8 too large)

.vector_9       0x9d000320       0x14
 *(.vector_new_9)
 .vector_new_9  0x9d000320       0x14 /home/ishyro/Documents/Info/M1/S2/OMicrob-next/src/byterun/pic32/cores/core.a(vector_table.S.o)
                0x9d000320                __vector_9
 *(.vector_9)
                0x00000001                ASSERT (((_vector_spacing == 0x0) || (SIZEOF (.vector_9) <= (_vector_spacing << 0x5))), function at exception vector 9 too large)

.vector_10      0x9d000340       0x14
 *(.vector_new_10)
 .vector_new_10
                0x9d000340       0x14 /home/ishyro/Documents/Info/M1/S2/OMicrob-next/src/byterun/pic32/cores/core.a(vector_table.S.o)
                0x9d000340                __vector_10
 *(.vector_10)
                0x00000001                ASSERT (((_vector_spacing == 0x0) || (SIZEOF (.vector_10) <= (_vector_spacing << 0x5))), function at exception vector 10 too large)

.vector_11      0x9d000360       0x14
 *(.vector_new_11)
 .vector_new_11
                0x9d000360       0x14 /home/ishyro/Documents/Info/M1/S2/OMicrob-next/src/byterun/pic32/cores/core.a(vector_table.S.o)
                0x9d000360                __vector_11
 *(.vector_11)
                0x00000001                ASSERT (((_vector_spacing == 0x0) || (SIZEOF (.vector_11) <= (_vector_spacing << 0x5))), function at exception vector 11 too large)

.vector_12      0x9d000380       0x14
 *(.vector_new_12)
 .vector_new_12
                0x9d000380       0x14 /home/ishyro/Documents/Info/M1/S2/OMicrob-next/src/byterun/pic32/cores/core.a(vector_table.S.o)
                0x9d000380                __vector_12
 *(.vector_12)
                0x00000001                ASSERT (((_vector_spacing == 0x0) || (SIZEOF (.vector_12) <= (_vector_spacing << 0x5))), function at exception vector 12 too large)

.vector_13      0x9d0003a0       0x14
 *(.vector_new_13)
 .vector_new_13
                0x9d0003a0       0x14 /home/ishyro/Documents/Info/M1/S2/OMicrob-next/src/byterun/pic32/cores/core.a(vector_table.S.o)
                0x9d0003a0                __vector_13
 *(.vector_13)
                0x00000001                ASSERT (((_vector_spacing == 0x0) || (SIZEOF (.vector_13) <= (_vector_spacing << 0x5))), function at exception vector 13 too large)

.vector_14      0x9d0003c0       0x14
 *(.vector_new_14)
 .vector_new_14
                0x9d0003c0       0x14 /home/ishyro/Documents/Info/M1/S2/OMicrob-next/src/byterun/pic32/cores/core.a(vector_table.S.o)
                0x9d0003c0                __vector_14
 *(.vector_14)
                0x00000001                ASSERT (((_vector_spacing == 0x0) || (SIZEOF (.vector_14) <= (_vector_spacing << 0x5))), function at exception vector 14 too large)

.vector_15      0x9d0003e0       0x14
 *(.vector_new_15)
 .vector_new_15
                0x9d0003e0       0x14 /home/ishyro/Documents/Info/M1/S2/OMicrob-next/src/byterun/pic32/cores/core.a(vector_table.S.o)
                0x9d0003e0                __vector_15
 *(.vector_15)
                0x00000001                ASSERT (((_vector_spacing == 0x0) || (SIZEOF (.vector_15) <= (_vector_spacing << 0x5))), function at exception vector 15 too large)

.vector_16      0x9d000400       0x14
 *(.vector_new_16)
 .vector_new_16
                0x9d000400       0x14 /home/ishyro/Documents/Info/M1/S2/OMicrob-next/src/byterun/pic32/cores/core.a(vector_table.S.o)
                0x9d000400                __vector_16
 *(.vector_16)
                0x00000001                ASSERT (((_vector_spacing == 0x0) || (SIZEOF (.vector_16) <= (_vector_spacing << 0x5))), function at exception vector 16 too large)

.vector_17      0x9d000420       0x14
 *(.vector_new_17)
 .vector_new_17
                0x9d000420       0x14 /home/ishyro/Documents/Info/M1/S2/OMicrob-next/src/byterun/pic32/cores/core.a(vector_table.S.o)
                0x9d000420                __vector_17
 *(.vector_17)
                0x00000001                ASSERT (((_vector_spacing == 0x0) || (SIZEOF (.vector_17) <= (_vector_spacing << 0x5))), function at exception vector 17 too large)

.vector_18      0x9d000440       0x14
 *(.vector_new_18)
 .vector_new_18
                0x9d000440       0x14 /home/ishyro/Documents/Info/M1/S2/OMicrob-next/src/byterun/pic32/cores/core.a(vector_table.S.o)
                0x9d000440                __vector_18
 *(.vector_18)
                0x00000001                ASSERT (((_vector_spacing == 0x0) || (SIZEOF (.vector_18) <= (_vector_spacing << 0x5))), function at exception vector 18 too large)

.vector_19      0x9d000460       0x14
 *(.vector_new_19)
 .vector_new_19
                0x9d000460       0x14 /home/ishyro/Documents/Info/M1/S2/OMicrob-next/src/byterun/pic32/cores/core.a(vector_table.S.o)
                0x9d000460                __vector_19
 *(.vector_19)
                0x00000001                ASSERT (((_vector_spacing == 0x0) || (SIZEOF (.vector_19) <= (_vector_spacing << 0x5))), function at exception vector 19 too large)

.vector_20      0x9d000480       0x14
 *(.vector_new_20)
 .vector_new_20
                0x9d000480       0x14 /home/ishyro/Documents/Info/M1/S2/OMicrob-next/src/byterun/pic32/cores/core.a(vector_table.S.o)
                0x9d000480                __vector_20
 *(.vector_20)
                0x00000001                ASSERT (((_vector_spacing == 0x0) || (SIZEOF (.vector_20) <= (_vector_spacing << 0x5))), function at exception vector 20 too large)

.vector_21      0x9d0004a0       0x14
 *(.vector_new_21)
 .vector_new_21
                0x9d0004a0       0x14 /home/ishyro/Documents/Info/M1/S2/OMicrob-next/src/byterun/pic32/cores/core.a(vector_table.S.o)
                0x9d0004a0                __vector_21
 *(.vector_21)
                0x00000001                ASSERT (((_vector_spacing == 0x0) || (SIZEOF (.vector_21) <= (_vector_spacing << 0x5))), function at exception vector 21 too large)

.vector_22      0x9d0004c0       0x14
 *(.vector_new_22)
 .vector_new_22
                0x9d0004c0       0x14 /home/ishyro/Documents/Info/M1/S2/OMicrob-next/src/byterun/pic32/cores/core.a(vector_table.S.o)
                0x9d0004c0                __vector_22
 *(.vector_22)
                0x00000001                ASSERT (((_vector_spacing == 0x0) || (SIZEOF (.vector_22) <= (_vector_spacing << 0x5))), function at exception vector 22 too large)

.vector_23      0x9d0004e0       0x14
 *(.vector_new_23)
 .vector_new_23
                0x9d0004e0       0x14 /home/ishyro/Documents/Info/M1/S2/OMicrob-next/src/byterun/pic32/cores/core.a(vector_table.S.o)
                0x9d0004e0                __vector_23
 *(.vector_23)
                0x00000001                ASSERT (((_vector_spacing == 0x0) || (SIZEOF (.vector_23) <= (_vector_spacing << 0x5))), function at exception vector 23 too large)

.vector_24      0x9d000500       0x14
 *(.vector_new_24)
 .vector_new_24
                0x9d000500       0x14 /home/ishyro/Documents/Info/M1/S2/OMicrob-next/src/byterun/pic32/cores/core.a(vector_table.S.o)
                0x9d000500                __vector_24
 *(.vector_24)
                0x00000001                ASSERT (((_vector_spacing == 0x0) || (SIZEOF (.vector_24) <= (_vector_spacing << 0x5))), function at exception vector 24 too large)

.vector_25      0x9d000520       0x14
 *(.vector_new_25)
 .vector_new_25
                0x9d000520       0x14 /home/ishyro/Documents/Info/M1/S2/OMicrob-next/src/byterun/pic32/cores/core.a(vector_table.S.o)
                0x9d000520                __vector_25
 *(.vector_25)
                0x00000001                ASSERT (((_vector_spacing == 0x0) || (SIZEOF (.vector_25) <= (_vector_spacing << 0x5))), function at exception vector 25 too large)

.vector_26      0x9d000540       0x14
 *(.vector_new_26)
 .vector_new_26
                0x9d000540       0x14 /home/ishyro/Documents/Info/M1/S2/OMicrob-next/src/byterun/pic32/cores/core.a(vector_table.S.o)
                0x9d000540                __vector_26
 *(.vector_26)
                0x00000001                ASSERT (((_vector_spacing == 0x0) || (SIZEOF (.vector_26) <= (_vector_spacing << 0x5))), function at exception vector 26 too large)

.vector_27      0x9d000560       0x14
 *(.vector_new_27)
 .vector_new_27
                0x9d000560       0x14 /home/ishyro/Documents/Info/M1/S2/OMicrob-next/src/byterun/pic32/cores/core.a(vector_table.S.o)
                0x9d000560                __vector_27
 *(.vector_27)
                0x00000001                ASSERT (((_vector_spacing == 0x0) || (SIZEOF (.vector_27) <= (_vector_spacing << 0x5))), function at exception vector 27 too large)

.vector_28      0x9d000580       0x14
 *(.vector_new_28)
 .vector_new_28
                0x9d000580       0x14 /home/ishyro/Documents/Info/M1/S2/OMicrob-next/src/byterun/pic32/cores/core.a(vector_table.S.o)
                0x9d000580                __vector_28
 *(.vector_28)
                0x00000001                ASSERT (((_vector_spacing == 0x0) || (SIZEOF (.vector_28) <= (_vector_spacing << 0x5))), function at exception vector 28 too large)

.vector_29      0x9d0005a0       0x14
 *(.vector_new_29)
 .vector_new_29
                0x9d0005a0       0x14 /home/ishyro/Documents/Info/M1/S2/OMicrob-next/src/byterun/pic32/cores/core.a(vector_table.S.o)
                0x9d0005a0                __vector_29
 *(.vector_29)
                0x00000001                ASSERT (((_vector_spacing == 0x0) || (SIZEOF (.vector_29) <= (_vector_spacing << 0x5))), function at exception vector 29 too large)

.vector_30      0x9d0005c0       0x14
 *(.vector_new_30)
 .vector_new_30
                0x9d0005c0       0x14 /home/ishyro/Documents/Info/M1/S2/OMicrob-next/src/byterun/pic32/cores/core.a(vector_table.S.o)
                0x9d0005c0                __vector_30
 *(.vector_30)
                0x00000001                ASSERT (((_vector_spacing == 0x0) || (SIZEOF (.vector_30) <= (_vector_spacing << 0x5))), function at exception vector 30 too large)

.vector_31      0x9d0005e0       0x14
 *(.vector_new_31)
 .vector_new_31
                0x9d0005e0       0x14 /home/ishyro/Documents/Info/M1/S2/OMicrob-next/src/byterun/pic32/cores/core.a(vector_table.S.o)
                0x9d0005e0                __vector_31
 *(.vector_31)
                0x00000001                ASSERT (((_vector_spacing == 0x0) || (SIZEOF (.vector_31) <= (_vector_spacing << 0x5))), function at exception vector 31 too large)

.vector_32      0x9d000600       0x14
 *(.vector_new_32)
 .vector_new_32
                0x9d000600       0x14 /home/ishyro/Documents/Info/M1/S2/OMicrob-next/src/byterun/pic32/cores/core.a(vector_table.S.o)
                0x9d000600                __vector_32
 *(.vector_32)
                0x00000001                ASSERT (((_vector_spacing == 0x0) || (SIZEOF (.vector_32) <= (_vector_spacing << 0x5))), function at exception vector 32 too large)

.vector_33      0x9d000620       0x14
 *(.vector_new_33)
 .vector_new_33
                0x9d000620       0x14 /home/ishyro/Documents/Info/M1/S2/OMicrob-next/src/byterun/pic32/cores/core.a(vector_table.S.o)
                0x9d000620                __vector_33
 *(.vector_33)
                0x00000001                ASSERT (((_vector_spacing == 0x0) || (SIZEOF (.vector_33) <= (_vector_spacing << 0x5))), function at exception vector 33 too large)

.vector_34      0x9d000640       0x14
 *(.vector_new_34)
 .vector_new_34
                0x9d000640       0x14 /home/ishyro/Documents/Info/M1/S2/OMicrob-next/src/byterun/pic32/cores/core.a(vector_table.S.o)
                0x9d000640                __vector_34
 *(.vector_34)
                0x00000001                ASSERT (((_vector_spacing == 0x0) || (SIZEOF (.vector_34) <= (_vector_spacing << 0x5))), function at exception vector 34 too large)

.vector_35      0x9d000660       0x14
 *(.vector_new_35)
 .vector_new_35
                0x9d000660       0x14 /home/ishyro/Documents/Info/M1/S2/OMicrob-next/src/byterun/pic32/cores/core.a(vector_table.S.o)
                0x9d000660                __vector_35
 *(.vector_35)
                0x00000001                ASSERT (((_vector_spacing == 0x0) || (SIZEOF (.vector_35) <= (_vector_spacing << 0x5))), function at exception vector 35 too large)

.vector_36      0x9d000680       0x14
 *(.vector_new_36)
 .vector_new_36
                0x9d000680       0x14 /home/ishyro/Documents/Info/M1/S2/OMicrob-next/src/byterun/pic32/cores/core.a(vector_table.S.o)
                0x9d000680                __vector_36
 *(.vector_36)
                0x00000001                ASSERT (((_vector_spacing == 0x0) || (SIZEOF (.vector_36) <= (_vector_spacing << 0x5))), function at exception vector 36 too large)

.vector_37      0x9d0006a0       0x14
 *(.vector_new_37)
 .vector_new_37
                0x9d0006a0       0x14 /home/ishyro/Documents/Info/M1/S2/OMicrob-next/src/byterun/pic32/cores/core.a(vector_table.S.o)
                0x9d0006a0                __vector_37
 *(.vector_37)
                0x00000001                ASSERT (((_vector_spacing == 0x0) || (SIZEOF (.vector_37) <= (_vector_spacing << 0x5))), function at exception vector 37 too large)

.vector_38      0x9d0006c0       0x14
 *(.vector_new_38)
 .vector_new_38
                0x9d0006c0       0x14 /home/ishyro/Documents/Info/M1/S2/OMicrob-next/src/byterun/pic32/cores/core.a(vector_table.S.o)
                0x9d0006c0                __vector_38
 *(.vector_38)
                0x00000001                ASSERT (((_vector_spacing == 0x0) || (SIZEOF (.vector_38) <= (_vector_spacing << 0x5))), function at exception vector 38 too large)

.vector_39      0x9d0006e0       0x14
 *(.vector_new_39)
 .vector_new_39
                0x9d0006e0       0x14 /home/ishyro/Documents/Info/M1/S2/OMicrob-next/src/byterun/pic32/cores/core.a(vector_table.S.o)
                0x9d0006e0                __vector_39
 *(.vector_39)
                0x00000001                ASSERT (((_vector_spacing == 0x0) || (SIZEOF (.vector_39) <= (_vector_spacing << 0x5))), function at exception vector 39 too large)

.vector_40      0x9d000700       0x14
 *(.vector_new_40)
 .vector_new_40
                0x9d000700       0x14 /home/ishyro/Documents/Info/M1/S2/OMicrob-next/src/byterun/pic32/cores/core.a(vector_table.S.o)
                0x9d000700                __vector_40
 *(.vector_40)
                0x00000001                ASSERT (((_vector_spacing == 0x0) || (SIZEOF (.vector_40) <= (_vector_spacing << 0x5))), function at exception vector 40 too large)

.vector_41      0x9d000720       0x14
 *(.vector_new_41)
 .vector_new_41
                0x9d000720       0x14 /home/ishyro/Documents/Info/M1/S2/OMicrob-next/src/byterun/pic32/cores/core.a(vector_table.S.o)
                0x9d000720                __vector_41
 *(.vector_41)
                0x00000001                ASSERT (((_vector_spacing == 0x0) || (SIZEOF (.vector_41) <= (_vector_spacing << 0x5))), function at exception vector 41 too large)

.vector_42      0x9d000740       0x14
 *(.vector_new_42)
 .vector_new_42
                0x9d000740       0x14 /home/ishyro/Documents/Info/M1/S2/OMicrob-next/src/byterun/pic32/cores/core.a(vector_table.S.o)
                0x9d000740                __vector_42
 *(.vector_42)
                0x00000001                ASSERT (((_vector_spacing == 0x0) || (SIZEOF (.vector_42) <= (_vector_spacing << 0x5))), function at exception vector 42 too large)

.vector_43      0x9d000760       0x14
 *(.vector_new_43)
 .vector_new_43
                0x9d000760       0x14 /home/ishyro/Documents/Info/M1/S2/OMicrob-next/src/byterun/pic32/cores/core.a(vector_table.S.o)
                0x9d000760                __vector_43
 *(.vector_43)
                0x00000001                ASSERT (((_vector_spacing == 0x0) || (SIZEOF (.vector_43) <= (_vector_spacing << 0x5))), function at exception vector 43 too large)

.vector_44      0x9d000780       0x14
 *(.vector_new_44)
 .vector_new_44
                0x9d000780       0x14 /home/ishyro/Documents/Info/M1/S2/OMicrob-next/src/byterun/pic32/cores/core.a(vector_table.S.o)
                0x9d000780                __vector_44
 *(.vector_44)
                0x00000001                ASSERT (((_vector_spacing == 0x0) || (SIZEOF (.vector_44) <= (_vector_spacing << 0x5))), function at exception vector 44 too large)

.vector_45      0x9d0007a0       0x14
 *(.vector_new_45)
 .vector_new_45
                0x9d0007a0       0x14 /home/ishyro/Documents/Info/M1/S2/OMicrob-next/src/byterun/pic32/cores/core.a(vector_table.S.o)
                0x9d0007a0                __vector_45
 *(.vector_45)
                0x00000001                ASSERT (((_vector_spacing == 0x0) || (SIZEOF (.vector_45) <= (_vector_spacing << 0x5))), function at exception vector 45 too large)

.vector_46      0x9d0007c0       0x14
 *(.vector_new_46)
 .vector_new_46
                0x9d0007c0       0x14 /home/ishyro/Documents/Info/M1/S2/OMicrob-next/src/byterun/pic32/cores/core.a(vector_table.S.o)
                0x9d0007c0                __vector_46
 *(.vector_46)
                0x00000001                ASSERT (((_vector_spacing == 0x0) || (SIZEOF (.vector_46) <= (_vector_spacing << 0x5))), function at exception vector 46 too large)

.vector_47      0x9d0007e0       0x14
 *(.vector_new_47)
 .vector_new_47
                0x9d0007e0       0x14 /home/ishyro/Documents/Info/M1/S2/OMicrob-next/src/byterun/pic32/cores/core.a(vector_table.S.o)
                0x9d0007e0                __vector_47
 *(.vector_47)
                0x00000001                ASSERT (((_vector_spacing == 0x0) || (SIZEOF (.vector_47) <= (_vector_spacing << 0x5))), function at exception vector 47 too large)

.vector_48      0x9d000800       0x14
 *(.vector_new_48)
 .vector_new_48
                0x9d000800       0x14 /home/ishyro/Documents/Info/M1/S2/OMicrob-next/src/byterun/pic32/cores/core.a(vector_table.S.o)
                0x9d000800                __vector_48
 *(.vector_48)
                0x00000001                ASSERT (((_vector_spacing == 0x0) || (SIZEOF (.vector_48) <= (_vector_spacing << 0x5))), function at exception vector 48 too large)

.vector_49      0x9d000820       0x14
 *(.vector_new_49)
 .vector_new_49
                0x9d000820       0x14 /home/ishyro/Documents/Info/M1/S2/OMicrob-next/src/byterun/pic32/cores/core.a(vector_table.S.o)
                0x9d000820                __vector_49
 *(.vector_49)
                0x00000001                ASSERT (((_vector_spacing == 0x0) || (SIZEOF (.vector_49) <= (_vector_spacing << 0x5))), function at exception vector 49 too large)

.vector_50      0x9d000840       0x14
 *(.vector_new_50)
 .vector_new_50
                0x9d000840       0x14 /home/ishyro/Documents/Info/M1/S2/OMicrob-next/src/byterun/pic32/cores/core.a(vector_table.S.o)
                0x9d000840                __vector_50
 *(.vector_50)
                0x00000001                ASSERT (((_vector_spacing == 0x0) || (SIZEOF (.vector_50) <= (_vector_spacing << 0x5))), function at exception vector 50 too large)

.vector_51      0x9d000860       0x14
 *(.vector_new_51)
 .vector_new_51
                0x9d000860       0x14 /home/ishyro/Documents/Info/M1/S2/OMicrob-next/src/byterun/pic32/cores/core.a(vector_table.S.o)
                0x9d000860                __vector_51
 *(.vector_51)
                0x00000001                ASSERT (((_vector_spacing == 0x0) || (SIZEOF (.vector_51) <= (_vector_spacing << 0x5))), function at exception vector 51 too large)

.vector_52      0x9d000880       0x14
 *(.vector_new_52)
 .vector_new_52
                0x9d000880       0x14 /home/ishyro/Documents/Info/M1/S2/OMicrob-next/src/byterun/pic32/cores/core.a(vector_table.S.o)
                0x9d000880                __vector_52
 *(.vector_52)
                0x00000001                ASSERT (((_vector_spacing == 0x0) || (SIZEOF (.vector_52) <= (_vector_spacing << 0x5))), function at exception vector 52 too large)

.vector_53      0x9d0008a0       0x14
 *(.vector_new_53)
 .vector_new_53
                0x9d0008a0       0x14 /home/ishyro/Documents/Info/M1/S2/OMicrob-next/src/byterun/pic32/cores/core.a(vector_table.S.o)
                0x9d0008a0                __vector_53
 *(.vector_53)
                0x00000001                ASSERT (((_vector_spacing == 0x0) || (SIZEOF (.vector_53) <= (_vector_spacing << 0x5))), function at exception vector 53 too large)

.vector_54      0x9d0008c0       0x14
 *(.vector_new_54)
 .vector_new_54
                0x9d0008c0       0x14 /home/ishyro/Documents/Info/M1/S2/OMicrob-next/src/byterun/pic32/cores/core.a(vector_table.S.o)
                0x9d0008c0                __vector_54
 *(.vector_54)
                0x00000001                ASSERT (((_vector_spacing == 0x0) || (SIZEOF (.vector_54) <= (_vector_spacing << 0x5))), function at exception vector 54 too large)

.vector_55      0x9d0008e0       0x14
 *(.vector_new_55)
 .vector_new_55
                0x9d0008e0       0x14 /home/ishyro/Documents/Info/M1/S2/OMicrob-next/src/byterun/pic32/cores/core.a(vector_table.S.o)
                0x9d0008e0                __vector_55
 *(.vector_55)
                0x00000001                ASSERT (((_vector_spacing == 0x0) || (SIZEOF (.vector_55) <= (_vector_spacing << 0x5))), function at exception vector 55 too large)

.vector_56      0x9d000900       0x14
 *(.vector_new_56)
 .vector_new_56
                0x9d000900       0x14 /home/ishyro/Documents/Info/M1/S2/OMicrob-next/src/byterun/pic32/cores/core.a(vector_table.S.o)
                0x9d000900                __vector_56
 *(.vector_56)
                0x00000001                ASSERT (((_vector_spacing == 0x0) || (SIZEOF (.vector_56) <= (_vector_spacing << 0x5))), function at exception vector 56 too large)

.vector_57      0x9d000920       0x14
 *(.vector_new_57)
 .vector_new_57
                0x9d000920       0x14 /home/ishyro/Documents/Info/M1/S2/OMicrob-next/src/byterun/pic32/cores/core.a(vector_table.S.o)
                0x9d000920                __vector_57
 *(.vector_57)
                0x00000001                ASSERT (((_vector_spacing == 0x0) || (SIZEOF (.vector_57) <= (_vector_spacing << 0x5))), function at exception vector 57 too large)

.vector_58      0x9d000940       0x14
 *(.vector_new_58)
 .vector_new_58
                0x9d000940       0x14 /home/ishyro/Documents/Info/M1/S2/OMicrob-next/src/byterun/pic32/cores/core.a(vector_table.S.o)
                0x9d000940                __vector_58
 *(.vector_58)
                0x00000001                ASSERT (((_vector_spacing == 0x0) || (SIZEOF (.vector_58) <= (_vector_spacing << 0x5))), function at exception vector 58 too large)

.vector_59      0x9d000960       0x14
 *(.vector_new_59)
 .vector_new_59
                0x9d000960       0x14 /home/ishyro/Documents/Info/M1/S2/OMicrob-next/src/byterun/pic32/cores/core.a(vector_table.S.o)
                0x9d000960                __vector_59
 *(.vector_59)
                0x00000001                ASSERT (((_vector_spacing == 0x0) || (SIZEOF (.vector_59) <= (_vector_spacing << 0x5))), function at exception vector 59 too large)

.vector_60      0x9d000980       0x14
 *(.vector_new_60)
 .vector_new_60
                0x9d000980       0x14 /home/ishyro/Documents/Info/M1/S2/OMicrob-next/src/byterun/pic32/cores/core.a(vector_table.S.o)
                0x9d000980                __vector_60
 *(.vector_60)
                0x00000001                ASSERT (((_vector_spacing == 0x0) || (SIZEOF (.vector_60) <= (_vector_spacing << 0x5))), function at exception vector 60 too large)

.vector_61      0x9d0009a0       0x14
 *(.vector_new_61)
 .vector_new_61
                0x9d0009a0       0x14 /home/ishyro/Documents/Info/M1/S2/OMicrob-next/src/byterun/pic32/cores/core.a(vector_table.S.o)
                0x9d0009a0                __vector_61
 *(.vector_61)
                0x00000001                ASSERT (((_vector_spacing == 0x0) || (SIZEOF (.vector_61) <= (_vector_spacing << 0x5))), function at exception vector 61 too large)

.vector_62      0x9d0009c0       0x14
 *(.vector_new_62)
 .vector_new_62
                0x9d0009c0       0x14 /home/ishyro/Documents/Info/M1/S2/OMicrob-next/src/byterun/pic32/cores/core.a(vector_table.S.o)
                0x9d0009c0                __vector_62
 *(.vector_62)
                0x00000001                ASSERT (((_vector_spacing == 0x0) || (SIZEOF (.vector_62) <= (_vector_spacing << 0x5))), function at exception vector 62 too large)

.vector_63      0x9d0009e0       0x14
 *(.vector_new_63)
 .vector_new_63
                0x9d0009e0       0x14 /home/ishyro/Documents/Info/M1/S2/OMicrob-next/src/byterun/pic32/cores/core.a(vector_table.S.o)
                0x9d0009e0                __vector_63
 *(.vector_63)
                0x00000001                ASSERT (((_vector_spacing == 0x0) || (SIZEOF (.vector_63) <= (_vector_spacing << 0x5))), function at exception vector 63 too large)

.startup        0x9d001008      0x200
 *(.startup)
 .startup       0x9d001008      0x200 /tmp/ccvDI7Oq.o

.text           0x9d001208      0x1bc
                0x9d001208                _text_begin = .
 *(.stub .gnu.linkonce.t.*)
 .gnu.linkonce.t._ZN9USBDriver10setManagerEP10USBManager
                0x9d001208        0x8 /home/ishyro/Documents/Info/M1/S2/OMicrob-next/src/byterun/pic32/cores/core.a(USB.cpp.o)
                0x9d001208                USBDriver::setManager(USBManager*)
 .gnu.linkonce.t._ZN6CDCACM19getReportDescriptorEhhhh
                0x9d001210        0x8 /home/ishyro/Documents/Info/M1/S2/OMicrob-next/src/byterun/pic32/cores/core.a(USB_CDCACM.cpp.o)
                0x9d001210                CDCACM::getReportDescriptor(unsigned char, unsigned char, unsigned char, unsigned char)
 .gnu.linkonce.t._ZN6CDCACM19getStringDescriptorEht
                0x9d001218        0x8 /home/ishyro/Documents/Info/M1/S2/OMicrob-next/src/byterun/pic32/cores/core.a(USB_CDCACM.cpp.o)
                0x9d001218                CDCACM::getStringDescriptor(unsigned char, unsigned short)
 .gnu.linkonce.t._ZN5USBFS11isHighSpeedEv
                0x9d001220        0x8 /home/ishyro/Documents/Info/M1/S2/OMicrob-next/src/byterun/pic32/cores/core.a(USB_FS.cpp.o)
                0x9d001220                USBFS::isHighSpeed()
 .gnu.linkonce.t._ZN5USBFS12haltEndpointEh
                0x9d001228        0x8 /home/ishyro/Documents/Info/M1/S2/OMicrob-next/src/byterun/pic32/cores/core.a(USB_FS.cpp.o)
                0x9d001228                USBFS::haltEndpoint(unsigned char)
 .gnu.linkonce.t._ZN5USBFS14resumeEndpointEh
                0x9d001230        0x8 /home/ishyro/Documents/Info/M1/S2/OMicrob-next/src/byterun/pic32/cores/core.a(USB_FS.cpp.o)
                0x9d001230                USBFS::resumeEndpoint(unsigned char)
 .gnu.linkonce.t._ZN5USBFS13_usbInterruptEv
                0x9d001238      0x138 /home/ishyro/Documents/Info/M1/S2/OMicrob-next/src/byterun/pic32/cores/core.a(USB_FS.cpp.o)
                0x9d001238                USBFS::_usbInterrupt()
 .gnu.linkonce.t._ZNK10__cxxabiv117__class_type_info17__find_public_srcElPKvPKS0_S2_
                0x9d001370       0x54 /home/ishyro/.arduino15/packages/chipKIT/tools/pic32-tools/1.43-pic32gcc/bin/bin/../../lib/gcc/pic32mx/4.8.3/../../../../pic32mx/lib/size/libsupc++.a(vmi_class_type_info.o)
                0x9d001370                __cxxabiv1::__class_type_info::__find_public_src(long, void const*, __cxxabiv1::__class_type_info const*, void const*) const
 *(.text.*personality*)
 *(.mips16.fn.*)
 *(.mips16.call.*)
 *(.gnu.warning)
                0x9d0013c4                . = ALIGN (0x4)

.init           0x9d0013c4       0x30
 *crti.o(.init)
 *crtbegin.o(.init)
 .init          0x9d0013c4        0x8 /home/ishyro/.arduino15/packages/chipKIT/tools/pic32-tools/1.43-pic32gcc/bin/bin/../../lib/gcc/pic32mx/4.8.3/size/crtbegin.o
 *(EXCLUDE_FILE(*crtn.o *crtend?.o *crtend.o) .init)
 .init          0x9d0013cc        0xc /tmp/ccP31kNd.o
 .init          0x9d0013d8        0x8 /tmp/ccEsu2mx.o
                0x9d0013d8                _init
 *crtend.o(.init)
 .init          0x9d0013e0        0x8 /home/ishyro/.arduino15/packages/chipKIT/tools/pic32-tools/1.43-pic32gcc/bin/bin/../../lib/gcc/pic32mx/4.8.3/size/crtend.o
 *crtn.o(.init)
 .init          0x9d0013e8        0xc /home/ishyro/.arduino15/packages/chipKIT/tools/pic32-tools/1.43-pic32gcc/bin/bin/../../lib/gcc/pic32mx/4.8.3/size/crtn.o
                0x9d0013f4                . = ALIGN (0x4)

.fini           0x9d0013f4       0x28
 *(.fini)
 .fini          0x9d0013f4        0xc /tmp/ccP31kNd.o
 .fini          0x9d001400        0x8 /tmp/ccEsu2mx.o
                0x9d001400                _fini
 .fini          0x9d001408        0x8 /home/ishyro/.arduino15/packages/chipKIT/tools/pic32-tools/1.43-pic32gcc/bin/bin/../../lib/gcc/pic32mx/4.8.3/size/crtbegin.o
 .fini          0x9d001410        0xc /home/ishyro/.arduino15/packages/chipKIT/tools/pic32-tools/1.43-pic32gcc/bin/bin/../../lib/gcc/pic32mx/4.8.3/size/crtn.o
                0x9d00141c                . = ALIGN (0x4)

.preinit_array  0x9d00141c        0x0
                0x9d00141c                PROVIDE (__preinit_array_start, .)
 *(.preinit_array)
                0x9d00141c                . = ALIGN (0x4)
                0x9d00141c                PROVIDE (__preinit_array_end, .)
 *(.preinit_array)
                0x9d00141c                . = ALIGN (0x4)

.init_array     0x9d00141c        0x0
                0x9d00141c                PROVIDE (__init_array_start, .)
 *(SORT(.init_array.*))
 *(.init_array)
                0x9d00141c                . = ALIGN (0x4)
                0x9d00141c                PROVIDE (__init_array_end, .)

.fini_array     0x9d00141c        0x0
                0x9d00141c                PROVIDE (__fini_array_start, .)
 *(SORT(.fini_array.*))
 *(.fini_array)
                0x9d00141c                . = ALIGN (0x4)
                0x9d00141c                PROVIDE (__fini_array_end, .)

.ctors          0x9d00141c        0xc
 *crtbegin.o(.ctors)
 .ctors         0x9d00141c        0x4 /home/ishyro/.arduino15/packages/chipKIT/tools/pic32-tools/1.43-pic32gcc/bin/bin/../../lib/gcc/pic32mx/4.8.3/size/crtbegin.o
 *crtbegin?.o(.ctors)
 *(EXCLUDE_FILE(*crtend?.o *crtend.o) .ctors)
 .ctors         0x9d001420        0x4 /home/ishyro/Documents/Info/M1/S2/OMicrob-next/src/byterun/pic32/cores/core.a(USB.cpp.o)
 *(SORT(.ctors.*))
 *(.ctors)
 .ctors         0x9d001424        0x4 /home/ishyro/.arduino15/packages/chipKIT/tools/pic32-tools/1.43-pic32gcc/bin/bin/../../lib/gcc/pic32mx/4.8.3/size/crtend.o
                0x9d001428                . = ALIGN (0x4)

.dtors          0x9d001428        0x8
 *crtbegin.o(.dtors)
 .dtors         0x9d001428        0x4 /home/ishyro/.arduino15/packages/chipKIT/tools/pic32-tools/1.43-pic32gcc/bin/bin/../../lib/gcc/pic32mx/4.8.3/size/crtbegin.o
 *crtbegin?.o(.dtors)
 *(EXCLUDE_FILE(*crtend?.o *crtend.o) .dtors)
 *(SORT(.dtors.*))
 *(.dtors)
 .dtors         0x9d00142c        0x4 /home/ishyro/.arduino15/packages/chipKIT/tools/pic32-tools/1.43-pic32gcc/bin/bin/../../lib/gcc/pic32mx/4.8.3/size/crtend.o
                0x9d00142c                __DTOR_END__
                0x9d001430                . = ALIGN (0x4)

.header_info    0x9d001430       0x4c
                0x9d001430                _image_header_info = .
                0x9d001430        0x4 LONG 0x4c SIZEOF (.header_info)
                0x9d001434        0x4 LONG 0xffffffff
 *(.mpide_version *.mpide_version.*)
 .mpide_version._verMPIDE_Stub
                0x9d001438        0x4 /home/ishyro/Documents/Info/M1/S2/OMicrob-next/src/byterun/pic32/cores/core.a(wiring.c.o)
                0x9d001438                _verMPIDE_Stub
                0x9d00143c        0x4 LONG 0xffffffff
                0x9d001440        0x4 LONG 0xffffffff
                0x9d001444        0x4 LONG 0x1020001 _IMAGE_TYPE
                0x9d001448        0x4 LONG 0x9d001000 _JUMP_ADDR
                0x9d00144c        0x4 LONG 0x9d000000 _ebase_address
                0x9d001450        0x4 LONG 0x1e000 _IMAGE_FLASH_SIZE
                0x9d001454        0x4 LONG 0x9d01e000 ORIGIN (kseg0_eeprom_mem)
                0x9d001458        0x4 LONG 0x1000
                0x9d00145c        0x4 LONG 0xbfc00bf0 ORIGIN (configsfrs)
                0x9d001460        0x4 LONG 0x10
                0x9d001464        0x4 LONG 0xa0000200 _ram_header_addr
                0x9d001468        0x4 LONG 0x8 SIZEOF (.ram_exchange_data)
                0x9d00146c        0x4 LONG 0xffffffff
                0x9d001470        0x4 LONG 0x9d000214 _original_vector_0
                0x9d001474        0x4 LONG 0x9d000200 _new_vector_0
                0x9d001478        0x4 LONG 0x20 (_vector_spacing << 0x5)
                0x9d00147c                _image_header_info_end = .

.rodata         0x9d00147c      0x1f4
 *(.gnu.linkonce.r.*)
 .gnu.linkonce.r._ZTI6Stream._ZTI6Stream
                0x9d00147c        0xc /home/ishyro/Documents/Info/M1/S2/OMicrob-next/src/byterun/pic32/cores/core.a(USB_CDCACM.cpp.o)
                0x9d00147c                typeinfo for Stream
 .gnu.linkonce.r._ZTS6Stream._ZTS6Stream
                0x9d001488        0x8 /home/ishyro/Documents/Info/M1/S2/OMicrob-next/src/byterun/pic32/cores/core.a(USB_CDCACM.cpp.o)
                0x9d001488                typeinfo name for Stream
 .gnu.linkonce.r._ZTI9USBDevice._ZTI9USBDevice
                0x9d001490        0x8 /home/ishyro/Documents/Info/M1/S2/OMicrob-next/src/byterun/pic32/cores/core.a(USB_CDCACM.cpp.o)
                0x9d001490                typeinfo for USBDevice
 .gnu.linkonce.r._ZTS9USBDevice._ZTS9USBDevice
                0x9d001498        0xc /home/ishyro/Documents/Info/M1/S2/OMicrob-next/src/byterun/pic32/cores/core.a(USB_CDCACM.cpp.o)
                0x9d001498                typeinfo name for USBDevice
 .gnu.linkonce.r._ZTS6CDCACM._ZTS6CDCACM
                0x9d0014a4        0x8 /home/ishyro/Documents/Info/M1/S2/OMicrob-next/src/byterun/pic32/cores/core.a(USB_CDCACM.cpp.o)
                0x9d0014a4                typeinfo name for CDCACM
 .gnu.linkonce.r._ZTI6CDCACM._ZTI6CDCACM
                0x9d0014ac       0x20 /home/ishyro/Documents/Info/M1/S2/OMicrob-next/src/byterun/pic32/cores/core.a(USB_CDCACM.cpp.o)
                0x9d0014ac                typeinfo for CDCACM
 *fill*         0x9d0014cc        0x4 
 .gnu.linkonce.r._ZTV6CDCACM._ZTV6CDCACM
                0x9d0014d0       0x78 /home/ishyro/Documents/Info/M1/S2/OMicrob-next/src/byterun/pic32/cores/core.a(USB_CDCACM.cpp.o)
                0x9d0014d0                vtable for CDCACM
 .gnu.linkonce.r._ZTI9USBDriver._ZTI9USBDriver
                0x9d001548        0x8 /home/ishyro/Documents/Info/M1/S2/OMicrob-next/src/byterun/pic32/cores/core.a(USB_FS.cpp.o)
                0x9d001548                typeinfo for USBDriver
 .gnu.linkonce.r._ZTS9USBDriver._ZTS9USBDriver
                0x9d001550        0xc /home/ishyro/Documents/Info/M1/S2/OMicrob-next/src/byterun/pic32/cores/core.a(USB_FS.cpp.o)
                0x9d001550                typeinfo name for USBDriver
 .gnu.linkonce.r._ZTS5USBFS._ZTS5USBFS
                0x9d00155c        0x8 /home/ishyro/Documents/Info/M1/S2/OMicrob-next/src/byterun/pic32/cores/core.a(USB_FS.cpp.o)
                0x9d00155c                typeinfo name for USBFS
 .gnu.linkonce.r._ZTI5USBFS._ZTI5USBFS
                0x9d001564        0xc /home/ishyro/Documents/Info/M1/S2/OMicrob-next/src/byterun/pic32/cores/core.a(USB_FS.cpp.o)
                0x9d001564                typeinfo for USBFS
 .gnu.linkonce.r._ZTV5USBFS._ZTV5USBFS
                0x9d001570       0x40 /home/ishyro/Documents/Info/M1/S2/OMicrob-next/src/byterun/pic32/cores/core.a(USB_FS.cpp.o)
                0x9d001570                vtable for USBFS
 .gnu.linkonce.r._ZTS5Print._ZTS5Print
                0x9d0015b0        0x8 /home/ishyro/Documents/Info/M1/S2/OMicrob-next/src/byterun/pic32/cores/core.a(Print.cpp.o)
                0x9d0015b0                typeinfo name for Print
 .gnu.linkonce.r._ZTI5Print._ZTI5Print
                0x9d0015b8        0x8 /home/ishyro/Documents/Info/M1/S2/OMicrob-next/src/byterun/pic32/cores/core.a(Print.cpp.o)
                0x9d0015b8                typeinfo for Print
 .gnu.linkonce.r._ZTVN10__cxxabiv117__class_type_infoE._ZTVN10__cxxabiv117__class_type_infoE
                0x9d0015c0       0x30 /home/ishyro/.arduino15/packages/chipKIT/tools/pic32-tools/1.43-pic32gcc/bin/bin/../../lib/gcc/pic32mx/4.8.3/../../../../pic32mx/lib/size/libsupc++.a(class_type_info.o)
                0x9d0015c0                vtable for __cxxabiv1::__class_type_info
 .gnu.linkonce.r._ZTVN10__cxxabiv120__si_class_type_infoE._ZTVN10__cxxabiv120__si_class_type_infoE
                0x9d0015f0       0x30 /home/ishyro/.arduino15/packages/chipKIT/tools/pic32-tools/1.43-pic32gcc/bin/bin/../../lib/gcc/pic32mx/4.8.3/../../../../pic32mx/lib/size/libsupc++.a(si_class_type_info.o)
                0x9d0015f0                vtable for __cxxabiv1::__si_class_type_info
 .gnu.linkonce.r._ZTVSt9type_info._ZTVSt9type_info
                0x9d001620       0x20 /home/ishyro/.arduino15/packages/chipKIT/tools/pic32-tools/1.43-pic32gcc/bin/bin/../../lib/gcc/pic32mx/4.8.3/../../../../pic32mx/lib/size/libsupc++.a(tinfo.o)
                0x9d001620                vtable for std::type_info
 .gnu.linkonce.r._ZTVN10__cxxabiv121__vmi_class_type_infoE._ZTVN10__cxxabiv121__vmi_class_type_infoE
                0x9d001640       0x30 /home/ishyro/.arduino15/packages/chipKIT/tools/pic32-tools/1.43-pic32gcc/bin/bin/../../lib/gcc/pic32mx/4.8.3/../../../../pic32mx/lib/size/libsupc++.a(vmi_class_type_info.o)
                0x9d001640                vtable for __cxxabiv1::__vmi_class_type_info
 *(.rodata1)
                0x9d001670                . = ALIGN (0x4)

.romdata        0x9d001670        0x0
 *(.romdata .romdata.*)
                0x9d001670                . = ALIGN (0x4)

.sdata2         0x9d001670        0x0
 *(.sdata2 .sdata2.* .gnu.linkonce.s2.*)
                0x9d001670                . = ALIGN (0x4)

.sbss2          0x9d001670        0x0
 *(.sbss2 .sbss2.* .gnu.linkonce.sb2.*)
                0x9d001670                . = ALIGN (0x4)

.dbg_data       0xa0000000      0x200
                0xa0000000                . = (. + DEFINED (_DEBUGGER)?0x200:0x0)
 *fill*         0xa0000000      0x200 

.ram_exchange_data
                0xa0000200        0x8
                0xa0000200                _ram_header_addr = .
                0xa0000208                . = (. + 0x8)
 *fill*         0xa0000200        0x8 

.persist        0xa0000208        0x0
                0xa0000208                _persist_begin = .
 *(.persist .persist.*)
                0xa0000208                . = ALIGN (0x4)
                0xa0000208                _persist_end = .
                0x00000001                ASSERT ((_persist_end <= (ORIGIN (kseg1_data_mem) + 0x600)), Bootloader does not preserve debug, RAM Header, or persistent data beyond the first 1.5K)
                0xa0000208                _protected_end = ((_IMAGE_TYPE & ((_imageSplitFlashBootloader | _imageProgramFlashBootloader) | _imageBootFlashBootloader)) != 0x0)?(ORIGIN (kseg1_data_mem) + 0x600):.

.protected_bootloader
                0xa0000000        0x0
                0xa0000000                . = (. + ((_IMAGE_TYPE & ((_imageSplitFlashBootloader | _imageProgramFlashBootloader) | _imageBootFlashBootloader)) != 0x0)?(ORIGIN (kseg1_data_mem) + 0x600):0x0)

.data           0xa0000208        0x0
                0xa0000208                _data_begin = .
 *(.gnu.linkonce.d.*)
 *(.gnu.linkonce.d.*personality*)
 *(.data1)
                0xa0000208                . = ALIGN (0x4)
                0xa0000208                _data_image_begin = LOADADDR (.data)
                0xa0000208                . = .
                0xa0008200                _gp = (ALIGN (0x10) + 0x7ff0)

.got
 *(.got.plt)
 *(.got)

.sdata          0xa0000208       0xf0
                0xa0000208                _sdata_begin = .
 *(.sdata .sdata.* .gnu.linkonce.s.*)
 .sdata         0xa0000208       0x18 /tmp/cc2tldj7.o
                0xa0000208                acc
                0xa000020c                env
 .sdata.gCoreTimerInfo.gCoreTimerInfo
                0xa0000220       0x18 /home/ishyro/Documents/Info/M1/S2/OMicrob-next/src/byterun/pic32/cores/core.a(wiring.c.o)
                0xa0000220                gCoreTimerInfo
 .sdata._pwmPeriod._pwmPeriod
                0xa0000238        0x4 /home/ishyro/Documents/Info/M1/S2/OMicrob-next/src/byterun/pic32/cores/core.a(wiring_analog.c.o)
 .sdata._pwmResolution._pwmResolution
                0xa000023c        0x4 /home/ishyro/Documents/Info/M1/S2/OMicrob-next/src/byterun/pic32/cores/core.a(wiring_analog.c.o)
 .sdata._pwmFrequency._pwmFrequency
                0xa0000240        0x4 /home/ishyro/Documents/Info/M1/S2/OMicrob-next/src/byterun/pic32/cores/core.a(wiring_analog.c.o)
 .sdata._isr_primary_install._isr_primary_install
                0xa0000244       0xb0 /home/ishyro/Documents/Info/M1/S2/OMicrob-next/src/byterun/pic32/cores/core.a(WSystem.c.o)
                0xa0000244                _isr_primary_install
 .sdata         0xa00002f4        0x4 /home/ishyro/.arduino15/packages/chipKIT/tools/pic32-tools/1.43-pic32gcc/bin/bin/../../lib/gcc/pic32mx/4.8.3/size/crtbegin.o
                0xa00002f4                __dso_handle
                0xa00002f8                . = ALIGN (0x4)
                0xa00002f8                _sdata_end = .

.lit8           0xa00002f8        0x0
 *(.lit8)
                0xa00002f8                . = ALIGN (0x4)

.lit4
 *(.lit4)
                0xa00002f8                . = ALIGN (0x4)
                0xa00002f8                _data_end = .
                0xa00002f8                _bss_begin = .

.sbss           0xa00002f8      0x498
                0xa00002f8                _sbss_begin = .
 *(.dynsbss)
 *(.sbss .sbss.* .gnu.linkonce.sb.*)
 .sbss          0xa00002f8       0x20 /tmp/cc2tldj7.o
                0xa00002f8                ocaml_ram_global_data
                0xa00002fc                pc
                0xa0000300                sp
                0xa0000304                trapSp
                0xa0000308                extra_args
                0xa000030c                gc_count
                0xa0000310                heap_ptr
                0xa0000314                heap_end
 .sbss._excep_addr._excep_addr
                0xa0000318        0x4 /home/ishyro/Documents/Info/M1/S2/OMicrob-next/src/byterun/pic32/cores/core.a(exceptions.c.o)
 .sbss._epc_code._epc_code
                0xa000031c        0x4 /home/ishyro/Documents/Info/M1/S2/OMicrob-next/src/byterun/pic32/cores/core.a(exceptions.c.o)
 .sbss._excep_code._excep_code
                0xa0000320        0x4 /home/ishyro/Documents/Info/M1/S2/OMicrob-next/src/byterun/pic32/cores/core.a(exceptions.c.o)
 .sbss.tmsLastEvent.tmsLastEvent
                0xa0000324        0x4 /home/ishyro/Documents/Info/M1/S2/OMicrob-next/src/byterun/pic32/cores/core.a(task_manager.c.o)
 .sbss.tmsNextEvent.tmsNextEvent
                0xa0000328        0x4 /home/ishyro/Documents/Info/M1/S2/OMicrob-next/src/byterun/pic32/cores/core.a(task_manager.c.o)
 .sbss.cntActiveTask.cntActiveTask
                0xa000032c        0x4 /home/ishyro/Documents/Info/M1/S2/OMicrob-next/src/byterun/pic32/cores/core.a(task_manager.c.o)
 .sbss.rgtaskTable.rgtaskTable
                0xa0000330       0xa0 /home/ishyro/Documents/Info/M1/S2/OMicrob-next/src/byterun/pic32/cores/core.a(task_manager.c.o)
 .sbss.nextInt.9019.nextInt
                0xa00003d0        0x4 /home/ishyro/Documents/Info/M1/S2/OMicrob-next/src/byterun/pic32/cores/core.a(wiring.c.o)
 .sbss.gLastBaseCount.gLastBaseCount
                0xa00003d4        0x4 /home/ishyro/Documents/Info/M1/S2/OMicrob-next/src/byterun/pic32/cores/core.a(wiring.c.o)
 .sbss.ppsGlobalLock.ppsGlobalLock
                0xa00003d8        0x1 /home/ishyro/Documents/Info/M1/S2/OMicrob-next/src/byterun/pic32/cores/core.a(wiring.c.o)
                0xa00003d8                ppsGlobalLock
 *fill*         0xa00003d9        0x3 
 .sbss.gSoftPWMServoUpdate.gSoftPWMServoUpdate
                0xa00003dc        0x4 /home/ishyro/Documents/Info/M1/S2/OMicrob-next/src/byterun/pic32/cores/core.a(wiring.c.o)
                0xa00003dc                gSoftPWMServoUpdate
 .sbss.gMicros_calculating.gMicros_calculating
                0xa00003e0        0x4 /home/ishyro/Documents/Info/M1/S2/OMicrob-next/src/byterun/pic32/cores/core.a(wiring.c.o)
                0xa00003e0                gMicros_calculating
 .sbss.gCore_timer_first_val.gCore_timer_first_val
                0xa00003e4        0x4 /home/ishyro/Documents/Info/M1/S2/OMicrob-next/src/byterun/pic32/cores/core.a(wiring.c.o)
                0xa00003e4                gCore_timer_first_val
 .sbss.gMicros_overflows.gMicros_overflows
                0xa00003e8        0x4 /home/ishyro/Documents/Info/M1/S2/OMicrob-next/src/byterun/pic32/cores/core.a(wiring.c.o)
                0xa00003e8                gMicros_overflows
 .sbss.gCore_timer_micros.gCore_timer_micros
                0xa00003ec        0x4 /home/ishyro/Documents/Info/M1/S2/OMicrob-next/src/byterun/pic32/cores/core.a(wiring.c.o)
                0xa00003ec                gCore_timer_micros
 .sbss.gCore_timer_last_val.gCore_timer_last_val
                0xa00003f0        0x4 /home/ishyro/Documents/Info/M1/S2/OMicrob-next/src/byterun/pic32/cores/core.a(wiring.c.o)
                0xa00003f0                gCore_timer_last_val
 .sbss.gTimer0_millis.gTimer0_millis
                0xa00003f4        0x4 /home/ishyro/Documents/Info/M1/S2/OMicrob-next/src/byterun/pic32/cores/core.a(wiring.c.o)
                0xa00003f4                gTimer0_millis
 .sbss.pwm_active.pwm_active
                0xa00003f8        0x2 /home/ishyro/Documents/Info/M1/S2/OMicrob-next/src/byterun/pic32/cores/core.a(wiring_analog.c.o)
                0xa00003f8                pwm_active
 *fill*         0xa00003fa        0x2 
 .sbss.analog_reference.analog_reference
                0xa00003fc        0x4 /home/ishyro/Documents/Info/M1/S2/OMicrob-next/src/byterun/pic32/cores/core.a(wiring_analog.c.o)
                0xa00003fc                analog_reference
 .sbss.Serial.Serial
                0xa0000400      0x34c /home/ishyro/Documents/Info/M1/S2/OMicrob-next/src/byterun/pic32/cores/core.a(USB.cpp.o)
                0xa0000400                Serial
 .sbss.USB.USB  0xa000074c       0x38 /home/ishyro/Documents/Info/M1/S2/OMicrob-next/src/byterun/pic32/cores/core.a(USB.cpp.o)
                0xa000074c                USB
 .sbss._ZN5USBFS5_thisE._this
                0xa0000784        0x4 /home/ishyro/Documents/Info/M1/S2/OMicrob-next/src/byterun/pic32/cores/core.a(USB_FS.cpp.o)
                0xa0000784                USBFS::_this
 *(.scommon)
 .scommon       0xa0000788        0x4 /home/ishyro/Documents/Info/M1/S2/OMicrob-next/src/byterun/pic32/cores/core.a(wiring.c.o)
                0xa0000788                __PIC32_pbClk
 .scommon       0xa000078c        0x1 /home/ishyro/Documents/Info/M1/S2/OMicrob-next/src/byterun/pic32/cores/core.a(wiring_analog.c.o)
                0xa000078c                _analogRead_channelNumber
                0xa0000790                . = ALIGN (0x4)
 *fill*         0xa000078d        0x3 
                0xa0000790                _sbss_end = .

.bss            0xa0000790        0x0
 *(.dynbss)
 *(.gnu.linkonce.b.*)
 *(COMMON)
                0xa0000790                . = ALIGN (0x4)
                0xa0000790                . = ALIGN (0x4)
                0xa0000790                _end = .
                0xa0000790                _bss_end = .
                0x00008000                _bmxdudba_address = 0x8000
                0x00008000                _bmxdupba_address = 0x8000

.gcc_compiled_long32
 *(.gcc_compiled_long32)

.gcc_compiled_long64
 *(.gcc_compiled_long64)

.stab
 *(.stab)

.stabstr
 *(.stabstr)

.stab.excl
 *(.stab.excl)

.stab.exclstr
 *(.stab.exclstr)

.stab.index
 *(.stab.index)

.stab.indexstr
 *(.stab.indexstr)

.comment        0x00000000       0x86
 *(.comment)
 .comment       0x00000000       0x3b /home/ishyro/Documents/Info/M1/S2/OMicrob-next/src/byterun/pic32/Board_Data.o
                                 0x3c (size before relaxing)
 .comment       0x00000000       0x3c /home/ishyro/Documents/Info/M1/S2/OMicrob-next/src/byterun/pic32/cores/core.a(exceptions.c.o)
 .comment       0x00000000       0x3c /home/ishyro/Documents/Info/M1/S2/OMicrob-next/src/byterun/pic32/cores/core.a(task_manager.c.o)
 .comment       0x00000000       0x3c /home/ishyro/Documents/Info/M1/S2/OMicrob-next/src/byterun/pic32/cores/core.a(wiring.c.o)
 .comment       0x00000000       0x3c /home/ishyro/Documents/Info/M1/S2/OMicrob-next/src/byterun/pic32/cores/core.a(wiring_analog.c.o)
 .comment       0x00000000       0x3c /home/ishyro/Documents/Info/M1/S2/OMicrob-next/src/byterun/pic32/cores/core.a(wiring_digital.c.o)
 .comment       0x00000000       0x3c /home/ishyro/Documents/Info/M1/S2/OMicrob-next/src/byterun/pic32/cores/core.a(USB.cpp.o)
 .comment       0x00000000       0x3c /home/ishyro/Documents/Info/M1/S2/OMicrob-next/src/byterun/pic32/cores/core.a(USB_CDCACM.cpp.o)
 .comment       0x00000000       0x3c /home/ishyro/Documents/Info/M1/S2/OMicrob-next/src/byterun/pic32/cores/core.a(USB_FS.cpp.o)
 .comment       0x00000000       0x3c /home/ishyro/Documents/Info/M1/S2/OMicrob-next/src/byterun/pic32/cores/core.a(WSystem.c.o)
 .comment       0x00000000       0x3c /home/ishyro/Documents/Info/M1/S2/OMicrob-next/src/byterun/pic32/cores/core.a(pins_arduino.c.o)
 .comment       0x00000000       0x3c /home/ishyro/Documents/Info/M1/S2/OMicrob-next/src/byterun/pic32/cores/core.a(Print.cpp.o)
 .comment       0x00000000       0x3c /home/ishyro/Documents/Info/M1/S2/OMicrob-next/src/byterun/pic32/cores/core.a(doprnt.cpp.o)
 .comment       0x00000000       0x3c /home/ishyro/.arduino15/packages/chipKIT/tools/pic32-tools/1.43-pic32gcc/bin/bin/../../lib/gcc/pic32mx/4.8.3/../../../../pic32mx/lib/size/libsupc++.a(class_type_info.o)
 .comment       0x00000000       0x3c /home/ishyro/.arduino15/packages/chipKIT/tools/pic32-tools/1.43-pic32gcc/bin/bin/../../lib/gcc/pic32mx/4.8.3/../../../../pic32mx/lib/size/libsupc++.a(del_op.o)
 .comment       0x00000000       0x3c /home/ishyro/.arduino15/packages/chipKIT/tools/pic32-tools/1.43-pic32gcc/bin/bin/../../lib/gcc/pic32mx/4.8.3/../../../../pic32mx/lib/size/libsupc++.a(si_class_type_info.o)
 .comment       0x00000000       0x3c /home/ishyro/.arduino15/packages/chipKIT/tools/pic32-tools/1.43-pic32gcc/bin/bin/../../lib/gcc/pic32mx/4.8.3/../../../../pic32mx/lib/size/libsupc++.a(tinfo.o)
 .comment       0x00000000       0x3c /home/ishyro/.arduino15/packages/chipKIT/tools/pic32-tools/1.43-pic32gcc/bin/bin/../../lib/gcc/pic32mx/4.8.3/../../../../pic32mx/lib/size/libsupc++.a(vmi_class_type_info.o)
 .comment       0x00000000       0x3c /home/ishyro/.arduino15/packages/chipKIT/tools/pic32-tools/1.43-pic32gcc/bin/bin/../../lib/gcc/pic32mx/4.8.3/../../../../pic32mx/lib/size/libsupc++.a(pure.o)
 .comment       0x00000000       0x3c /home/ishyro/.arduino15/packages/chipKIT/tools/pic32-tools/1.43-pic32gcc/bin/bin/../../lib/gcc/pic32mx/4.8.3/../../../../pic32mx/lib/size/libsupc++.a(eh_terminate.o)
 .comment       0x00000000       0x3c /home/ishyro/.arduino15/packages/chipKIT/tools/pic32-tools/1.43-pic32gcc/bin/bin/../../lib/gcc/pic32mx/4.8.3/../../../../pic32mx/lib/size/libsupc++.a(eh_unex_handler.o)
 .comment       0x00000000       0x3c /home/ishyro/.arduino15/packages/chipKIT/tools/pic32-tools/1.43-pic32gcc/bin/bin/../../lib/gcc/pic32mx/4.8.3/../../../../pic32mx/lib/size/libsupc++.a(eh_term_handler.o)
 .comment       0x00000000       0x3c /home/ishyro/.arduino15/packages/chipKIT/tools/pic32-tools/1.43-pic32gcc/bin/bin/../../lib/gcc/pic32mx/4.8.3/../../../../pic32mx/lib/size/libm.a(lib_a-s_cos.o)
 .comment       0x00000000       0x3c /home/ishyro/.arduino15/packages/chipKIT/tools/pic32-tools/1.43-pic32gcc/bin/bin/../../lib/gcc/pic32mx/4.8.3/../../../../pic32mx/lib/size/libm.a(lib_a-s_fpclassify.o)
 .comment       0x00000000       0x3c /home/ishyro/.arduino15/packages/chipKIT/tools/pic32-tools/1.43-pic32gcc/bin/bin/../../lib/gcc/pic32mx/4.8.3/../../../../pic32mx/lib/size/libm.a(lib_a-s_modf.o)
 .comment       0x00000000       0x3c /home/ishyro/.arduino15/packages/chipKIT/tools/pic32-tools/1.43-pic32gcc/bin/bin/../../lib/gcc/pic32mx/4.8.3/../../../../pic32mx/lib/size/libm.a(lib_a-s_sin.o)
 .comment       0x00000000       0x3c /home/ishyro/.arduino15/packages/chipKIT/tools/pic32-tools/1.43-pic32gcc/bin/bin/../../lib/gcc/pic32mx/4.8.3/../../../../pic32mx/lib/size/libm.a(lib_a-w_atan2.o)
 .comment       0x00000000       0x3c /home/ishyro/.arduino15/packages/chipKIT/tools/pic32-tools/1.43-pic32gcc/bin/bin/../../lib/gcc/pic32mx/4.8.3/../../../../pic32mx/lib/size/libm.a(lib_a-w_sqrt.o)
 .comment       0x00000000       0x3c /home/ishyro/.arduino15/packages/chipKIT/tools/pic32-tools/1.43-pic32gcc/bin/bin/../../lib/gcc/pic32mx/4.8.3/../../../../pic32mx/lib/size/libm.a(lib_a-e_atan2.o)
 .comment       0x00000000       0x3c /home/ishyro/.arduino15/packages/chipKIT/tools/pic32-tools/1.43-pic32gcc/bin/bin/../../lib/gcc/pic32mx/4.8.3/../../../../pic32mx/lib/size/libm.a(lib_a-e_rem_pio2.o)
 .comment       0x00000000       0x3c /home/ishyro/.arduino15/packages/chipKIT/tools/pic32-tools/1.43-pic32gcc/bin/bin/../../lib/gcc/pic32mx/4.8.3/../../../../pic32mx/lib/size/libm.a(lib_a-e_sqrt.o)
 .comment       0x00000000       0x3c /home/ishyro/.arduino15/packages/chipKIT/tools/pic32-tools/1.43-pic32gcc/bin/bin/../../lib/gcc/pic32mx/4.8.3/../../../../pic32mx/lib/size/libm.a(lib_a-k_cos.o)
 .comment       0x00000000       0x3c /home/ishyro/.arduino15/packages/chipKIT/tools/pic32-tools/1.43-pic32gcc/bin/bin/../../lib/gcc/pic32mx/4.8.3/../../../../pic32mx/lib/size/libm.a(lib_a-k_rem_pio2.o)
 .comment       0x00000000       0x3c /home/ishyro/.arduino15/packages/chipKIT/tools/pic32-tools/1.43-pic32gcc/bin/bin/../../lib/gcc/pic32mx/4.8.3/../../../../pic32mx/lib/size/libm.a(lib_a-k_sin.o)
 .comment       0x00000000       0x3c /home/ishyro/.arduino15/packages/chipKIT/tools/pic32-tools/1.43-pic32gcc/bin/bin/../../lib/gcc/pic32mx/4.8.3/../../../../pic32mx/lib/size/libm.a(lib_a-s_atan.o)
 .comment       0x00000000       0x3c /home/ishyro/.arduino15/packages/chipKIT/tools/pic32-tools/1.43-pic32gcc/bin/bin/../../lib/gcc/pic32mx/4.8.3/../../../../pic32mx/lib/size/libm.a(lib_a-s_fabs.o)
 .comment       0x00000000       0x3c /home/ishyro/.arduino15/packages/chipKIT/tools/pic32-tools/1.43-pic32gcc/bin/bin/../../lib/gcc/pic32mx/4.8.3/../../../../pic32mx/lib/size/libm.a(lib_a-s_floor.o)
 .comment       0x00000000       0x3c /home/ishyro/.arduino15/packages/chipKIT/tools/pic32-tools/1.43-pic32gcc/bin/bin/../../lib/gcc/pic32mx/4.8.3/../../../../pic32mx/lib/size/libm.a(lib_a-s_lib_ver.o)
 .comment       0x00000000       0x3c /home/ishyro/.arduino15/packages/chipKIT/tools/pic32-tools/1.43-pic32gcc/bin/bin/../../lib/gcc/pic32mx/4.8.3/../../../../pic32mx/lib/size/libm.a(lib_a-s_matherr.o)
 .comment       0x00000000       0x3c /home/ishyro/.arduino15/packages/chipKIT/tools/pic32-tools/1.43-pic32gcc/bin/bin/../../lib/gcc/pic32mx/4.8.3/../../../../pic32mx/lib/size/libm.a(lib_a-s_scalbn.o)
 .comment       0x00000000       0x3c /home/ishyro/.arduino15/packages/chipKIT/tools/pic32-tools/1.43-pic32gcc/bin/bin/../../lib/gcc/pic32mx/4.8.3/../../../../pic32mx/lib/size/libm.a(lib_a-s_copysign.o)
 .comment       0x00000000       0x3c /home/ishyro/.arduino15/packages/chipKIT/tools/pic32-tools/1.43-pic32gcc/bin/bin/../../lib/gcc/pic32mx/4.8.3/size/crtbegin.o
 .comment       0x00000000       0x3c /home/ishyro/.arduino15/packages/chipKIT/tools/pic32-tools/1.43-pic32gcc/bin/bin/../../lib/gcc/pic32mx/4.8.3/size/crtend.o
 .comment       0x00000000       0x3c /home/ishyro/.arduino15/packages/chipKIT/tools/pic32-tools/1.43-pic32gcc/bin/bin/../../lib/gcc/pic32mx/4.8.3/size/libgcc.a(_lshrdi3.o)
 .comment       0x00000000       0x3c /home/ishyro/.arduino15/packages/chipKIT/tools/pic32-tools/1.43-pic32gcc/bin/bin/../../lib/gcc/pic32mx/4.8.3/size/libgcc.a(_ashldi3.o)
 .comment       0x00000000       0x3c /home/ishyro/.arduino15/packages/chipKIT/tools/pic32-tools/1.43-pic32gcc/bin/bin/../../lib/gcc/pic32mx/4.8.3/size/libgcc.a(_ashrdi3.o)
 .comment       0x00000000       0x3c /home/ishyro/.arduino15/packages/chipKIT/tools/pic32-tools/1.43-pic32gcc/bin/bin/../../lib/gcc/pic32mx/4.8.3/size/libgcc.a(_divdi3.o)
 .comment       0x00000000       0x3c /home/ishyro/.arduino15/packages/chipKIT/tools/pic32-tools/1.43-pic32gcc/bin/bin/../../lib/gcc/pic32mx/4.8.3/size/libgcc.a(_moddi3.o)
 .comment       0x00000000       0x3c /home/ishyro/.arduino15/packages/chipKIT/tools/pic32-tools/1.43-pic32gcc/bin/bin/../../lib/gcc/pic32mx/4.8.3/size/libgcc.a(addsf3.o)
 .comment       0x00000000       0x3c /home/ishyro/.arduino15/packages/chipKIT/tools/pic32-tools/1.43-pic32gcc/bin/bin/../../lib/gcc/pic32mx/4.8.3/size/libgcc.a(divsf3.o)
 .comment       0x00000000       0x3c /home/ishyro/.arduino15/packages/chipKIT/tools/pic32-tools/1.43-pic32gcc/bin/bin/../../lib/gcc/pic32mx/4.8.3/size/libgcc.a(eqsf2.o)
 .comment       0x00000000       0x3c /home/ishyro/.arduino15/packages/chipKIT/tools/pic32-tools/1.43-pic32gcc/bin/bin/../../lib/gcc/pic32mx/4.8.3/size/libgcc.a(gesf2.o)
 .comment       0x00000000       0x3c /home/ishyro/.arduino15/packages/chipKIT/tools/pic32-tools/1.43-pic32gcc/bin/bin/../../lib/gcc/pic32mx/4.8.3/size/libgcc.a(lesf2.o)
 .comment       0x00000000       0x3c /home/ishyro/.arduino15/packages/chipKIT/tools/pic32-tools/1.43-pic32gcc/bin/bin/../../lib/gcc/pic32mx/4.8.3/size/libgcc.a(mulsf3.o)
 .comment       0x00000000       0x3c /home/ishyro/.arduino15/packages/chipKIT/tools/pic32-tools/1.43-pic32gcc/bin/bin/../../lib/gcc/pic32mx/4.8.3/size/libgcc.a(subsf3.o)
 .comment       0x00000000       0x3c /home/ishyro/.arduino15/packages/chipKIT/tools/pic32-tools/1.43-pic32gcc/bin/bin/../../lib/gcc/pic32mx/4.8.3/size/libgcc.a(fixsfsi.o)
 .comment       0x00000000       0x3c /home/ishyro/.arduino15/packages/chipKIT/tools/pic32-tools/1.43-pic32gcc/bin/bin/../../lib/gcc/pic32mx/4.8.3/size/libgcc.a(floatsisf.o)
 .comment       0x00000000       0x3c /home/ishyro/.arduino15/packages/chipKIT/tools/pic32-tools/1.43-pic32gcc/bin/bin/../../lib/gcc/pic32mx/4.8.3/size/libgcc.a(fixsfdi.o)
 .comment       0x00000000       0x3c /home/ishyro/.arduino15/packages/chipKIT/tools/pic32-tools/1.43-pic32gcc/bin/bin/../../lib/gcc/pic32mx/4.8.3/size/libgcc.a(floatdisf.o)
 .comment       0x00000000       0x3c /home/ishyro/.arduino15/packages/chipKIT/tools/pic32-tools/1.43-pic32gcc/bin/bin/../../lib/gcc/pic32mx/4.8.3/size/libgcc.a(adddf3.o)
 .comment       0x00000000       0x3c /home/ishyro/.arduino15/packages/chipKIT/tools/pic32-tools/1.43-pic32gcc/bin/bin/../../lib/gcc/pic32mx/4.8.3/size/libgcc.a(divdf3.o)
 .comment       0x00000000       0x3c /home/ishyro/.arduino15/packages/chipKIT/tools/pic32-tools/1.43-pic32gcc/bin/bin/../../lib/gcc/pic32mx/4.8.3/size/libgcc.a(eqdf2.o)
 .comment       0x00000000       0x3c /home/ishyro/.arduino15/packages/chipKIT/tools/pic32-tools/1.43-pic32gcc/bin/bin/../../lib/gcc/pic32mx/4.8.3/size/libgcc.a(gedf2.o)
 .comment       0x00000000       0x3c /home/ishyro/.arduino15/packages/chipKIT/tools/pic32-tools/1.43-pic32gcc/bin/bin/../../lib/gcc/pic32mx/4.8.3/size/libgcc.a(ledf2.o)
 .comment       0x00000000       0x3c /home/ishyro/.arduino15/packages/chipKIT/tools/pic32-tools/1.43-pic32gcc/bin/bin/../../lib/gcc/pic32mx/4.8.3/size/libgcc.a(muldf3.o)
 .comment       0x00000000       0x3c /home/ishyro/.arduino15/packages/chipKIT/tools/pic32-tools/1.43-pic32gcc/bin/bin/../../lib/gcc/pic32mx/4.8.3/size/libgcc.a(subdf3.o)
 .comment       0x00000000       0x3c /home/ishyro/.arduino15/packages/chipKIT/tools/pic32-tools/1.43-pic32gcc/bin/bin/../../lib/gcc/pic32mx/4.8.3/size/libgcc.a(fixdfsi.o)
 .comment       0x00000000       0x3c /home/ishyro/.arduino15/packages/chipKIT/tools/pic32-tools/1.43-pic32gcc/bin/bin/../../lib/gcc/pic32mx/4.8.3/size/libgcc.a(fixunsdfsi.o)
 .comment       0x00000000       0x3c /home/ishyro/.arduino15/packages/chipKIT/tools/pic32-tools/1.43-pic32gcc/bin/bin/../../lib/gcc/pic32mx/4.8.3/size/libgcc.a(floatsidf.o)
 .comment       0x00000000       0x3c /home/ishyro/.arduino15/packages/chipKIT/tools/pic32-tools/1.43-pic32gcc/bin/bin/../../lib/gcc/pic32mx/4.8.3/size/libgcc.a(floatunsidf.o)
 .comment       0x00000000       0x3c /home/ishyro/.arduino15/packages/chipKIT/tools/pic32-tools/1.43-pic32gcc/bin/bin/../../lib/gcc/pic32mx/4.8.3/size/libgcc.a(extendsfdf2.o)
 .comment       0x00000000       0x3c /home/ishyro/.arduino15/packages/chipKIT/tools/pic32-tools/1.43-pic32gcc/bin/bin/../../lib/gcc/pic32mx/4.8.3/size/libgcc.a(truncdfsf2.o)
 .comment       0x00000000       0x3c /home/ishyro/.arduino15/packages/chipKIT/tools/pic32-tools/1.43-pic32gcc/bin/bin/../../lib/gcc/pic32mx/4.8.3/../../../../pic32mx/lib/size/libc.a(lib_a-abort.o)
 .comment       0x00000000       0x3c /home/ishyro/.arduino15/packages/chipKIT/tools/pic32-tools/1.43-pic32gcc/bin/bin/../../lib/gcc/pic32mx/4.8.3/../../../../pic32mx/lib/size/libc.a(lib_a-errno.o)
 .comment       0x00000000       0x3c /home/ishyro/.arduino15/packages/chipKIT/tools/pic32-tools/1.43-pic32gcc/bin/bin/../../lib/gcc/pic32mx/4.8.3/../../../../pic32mx/lib/size/libc.a(lib_a-impure.o)
 .comment       0x00000000       0x3c /home/ishyro/.arduino15/packages/chipKIT/tools/pic32-tools/1.43-pic32gcc/bin/bin/../../lib/gcc/pic32mx/4.8.3/../../../../pic32mx/lib/size/libc.a(lib_a-malloc.o)
 .comment       0x00000000       0x3c /home/ishyro/.arduino15/packages/chipKIT/tools/pic32-tools/1.43-pic32gcc/bin/bin/../../lib/gcc/pic32mx/4.8.3/../../../../pic32mx/lib/size/libc.a(lib_a-mallocr.o)
 .comment       0x00000000       0x3c /home/ishyro/.arduino15/packages/chipKIT/tools/pic32-tools/1.43-pic32gcc/bin/bin/../../lib/gcc/pic32mx/4.8.3/../../../../pic32mx/lib/size/libc.a(lib_a-memcpy.o)
 .comment       0x00000000       0x3c /home/ishyro/.arduino15/packages/chipKIT/tools/pic32-tools/1.43-pic32gcc/bin/bin/../../lib/gcc/pic32mx/4.8.3/../../../../pic32mx/lib/size/libc.a(lib_a-memmove.o)
 .comment       0x00000000       0x3c /home/ishyro/.arduino15/packages/chipKIT/tools/pic32-tools/1.43-pic32gcc/bin/bin/../../lib/gcc/pic32mx/4.8.3/../../../../pic32mx/lib/size/libc.a(lib_a-mlock.o)
 .comment       0x00000000       0x3c /home/ishyro/.arduino15/packages/chipKIT/tools/pic32-tools/1.43-pic32gcc/bin/bin/../../lib/gcc/pic32mx/4.8.3/../../../../pic32mx/lib/size/libc.a(lib_a-sbrkr.o)
 .comment       0x00000000       0x3c /home/ishyro/.arduino15/packages/chipKIT/tools/pic32-tools/1.43-pic32gcc/bin/bin/../../lib/gcc/pic32mx/4.8.3/../../../../pic32mx/lib/size/libc.a(lib_a-signal.o)
 .comment       0x00000000       0x3c /home/ishyro/.arduino15/packages/chipKIT/tools/pic32-tools/1.43-pic32gcc/bin/bin/../../lib/gcc/pic32mx/4.8.3/../../../../pic32mx/lib/size/libc.a(lib_a-signalr.o)
 .comment       0x00000000       0x3c /home/ishyro/.arduino15/packages/chipKIT/tools/pic32-tools/1.43-pic32gcc/bin/bin/../../lib/gcc/pic32mx/4.8.3/../../../../pic32mx/lib/size/libc.a(lib_a-snprintf.o)
 .comment       0x00000000       0x3c /home/ishyro/.arduino15/packages/chipKIT/tools/pic32-tools/1.43-pic32gcc/bin/bin/../../lib/gcc/pic32mx/4.8.3/../../../../pic32mx/lib/size/libc.a(lib_a-strcmp.o)
 .comment       0x00000000       0x3c /home/ishyro/.arduino15/packages/chipKIT/tools/pic32-tools/1.43-pic32gcc/bin/bin/../../lib/gcc/pic32mx/4.8.3/../../../../pic32mx/lib/size/libc.a(lib_a-strlen.o)
 .comment       0x00000000       0x3c /home/ishyro/.arduino15/packages/chipKIT/tools/pic32-tools/1.43-pic32gcc/bin/bin/../../lib/gcc/pic32mx/4.8.3/../../../../pic32mx/lib/size/libc.a(lib_a-svfprintf.o)
 .comment       0x00000000       0x3c /home/ishyro/.arduino15/packages/chipKIT/tools/pic32-tools/1.43-pic32gcc/bin/bin/../../lib/gcc/pic32mx/4.8.3/../../../../pic32mx/lib/size/libc.a(lib_a-dtoa.o)
 .comment       0x00000000       0x3c /home/ishyro/.arduino15/packages/chipKIT/tools/pic32-tools/1.43-pic32gcc/bin/bin/../../lib/gcc/pic32mx/4.8.3/../../../../pic32mx/lib/size/libc.a(lib_a-freer.o)
 .comment       0x00000000       0x3c /home/ishyro/.arduino15/packages/chipKIT/tools/pic32-tools/1.43-pic32gcc/bin/bin/../../lib/gcc/pic32mx/4.8.3/../../../../pic32mx/lib/size/libc.a(lib_a-locale.o)
 .comment       0x00000000       0x3c /home/ishyro/.arduino15/packages/chipKIT/tools/pic32-tools/1.43-pic32gcc/bin/bin/../../lib/gcc/pic32mx/4.8.3/../../../../pic32mx/lib/size/libc.a(lib_a-memchr.o)
 .comment       0x00000000       0x3c /home/ishyro/.arduino15/packages/chipKIT/tools/pic32-tools/1.43-pic32gcc/bin/bin/../../lib/gcc/pic32mx/4.8.3/../../../../pic32mx/lib/size/libc.a(lib_a-mprec.o)
 .comment       0x00000000       0x3c /home/ishyro/.arduino15/packages/chipKIT/tools/pic32-tools/1.43-pic32gcc/bin/bin/../../lib/gcc/pic32mx/4.8.3/../../../../pic32mx/lib/size/libc.a(lib_a-reent.o)
 .comment       0x00000000       0x3c /home/ishyro/.arduino15/packages/chipKIT/tools/pic32-tools/1.43-pic32gcc/bin/bin/../../lib/gcc/pic32mx/4.8.3/../../../../pic32mx/lib/size/libc.a(lib_a-svfiprintf.o)
 .comment       0x00000000       0x3c /home/ishyro/.arduino15/packages/chipKIT/tools/pic32-tools/1.43-pic32gcc/bin/bin/../../lib/gcc/pic32mx/4.8.3/../../../../pic32mx/lib/size/libc.a(lib_a-callocr.o)
 .comment       0x00000000       0x3c /home/ishyro/.arduino15/packages/chipKIT/tools/pic32-tools/1.43-pic32gcc/bin/bin/../../lib/gcc/pic32mx/4.8.3/../../../../pic32mx/lib/size/libc.a(lib_a-memset.o)
 .comment       0x00000000       0x3c /home/ishyro/.arduino15/packages/chipKIT/tools/pic32-tools/1.43-pic32gcc/bin/bin/../../lib/gcc/pic32mx/4.8.3/../../../../pic32mx/lib/size/libc.a(lib_a-reallocr.o)
 .comment       0x0000003b       0x4b /home/ishyro/.arduino15/packages/chipKIT/tools/pic32-tools/1.43-pic32gcc/bin/bin/../../lib/gcc/pic32mx/4.8.3/../../../../pic32mx/lib/size/libpic32.a(sbrk.o)
                                 0x87 (size before relaxing)
 .comment       0x00000000       0x3c /home/ishyro/.arduino15/packages/chipKIT/tools/pic32-tools/1.43-pic32gcc/bin/bin/../../lib/gcc/pic32mx/4.8.3/../../../../pic32mx/lib/size/libpic32.a(default-bootstrap-exception-handler.o)
 .comment       0x00000000       0x3c /home/ishyro/.arduino15/packages/chipKIT/tools/pic32-tools/1.43-pic32gcc/bin/bin/../../lib/gcc/pic32mx/4.8.3/../../../../pic32mx/lib/size/libpic32.a(default-on-reset.o)
 .comment       0x00000000       0x3c /home/ishyro/.arduino15/packages/chipKIT/tools/pic32-tools/1.43-pic32gcc/bin/bin/../../lib/gcc/pic32mx/4.8.3/../../../../pic32mx/lib/size/libpic32.a(default-on-bootstrap.o)
 .comment       0x00000000       0x3c /home/ishyro/.arduino15/packages/chipKIT/tools/pic32-tools/1.43-pic32gcc/bin/bin/../../lib/gcc/pic32mx/4.8.3/../../../../pic32mx/lib/size/libpic32.a(_exit.o)
 .comment       0x00000000       0x3c /home/ishyro/.arduino15/packages/chipKIT/tools/pic32-tools/1.43-pic32gcc/bin/bin/../../lib/gcc/pic32mx/4.8.3/../../../../pic32mx/lib/size/libpic32.a(kill.o)
 .comment       0x00000000       0x3c /home/ishyro/.arduino15/packages/chipKIT/tools/pic32-tools/1.43-pic32gcc/bin/bin/../../lib/gcc/pic32mx/4.8.3/../../../../pic32mx/lib/size/libpic32.a(getpid.o)
 .comment       0x00000000       0x3c /home/ishyro/.arduino15/packages/chipKIT/tools/pic32-tools/1.43-pic32gcc/bin/bin/../../lib/gcc/pic32mx/4.8.3/size/libgcc.a(_udivdi3.o)
 .comment       0x00000000       0x3c /home/ishyro/.arduino15/packages/chipKIT/tools/pic32-tools/1.43-pic32gcc/bin/bin/../../lib/gcc/pic32mx/4.8.3/size/libgcc.a(_umoddi3.o)

.debug
 *(.debug)

.line
 *(.line)

.debug_srcinfo
 *(.debug_srcinfo)

.debug_sfnames
 *(.debug_sfnames)

.debug_aranges  0x00000000      0xe00
 *(.debug_aranges)
 .debug_aranges
                0x00000000       0x18 /home/ishyro/Documents/Info/M1/S2/OMicrob-next/src/byterun/pic32/Board_Data.o
 .debug_aranges
                0x00000018       0x28 /home/ishyro/Documents/Info/M1/S2/OMicrob-next/src/byterun/pic32/cores/core.a(exceptions.c.o)
 .debug_aranges
                0x00000040       0x88 /home/ishyro/Documents/Info/M1/S2/OMicrob-next/src/byterun/pic32/cores/core.a(task_manager.c.o)
 .debug_aranges
                0x000000c8      0x218 /home/ishyro/Documents/Info/M1/S2/OMicrob-next/src/byterun/pic32/cores/core.a(vector_table.S.o)
 .debug_aranges
                0x000002e0       0x88 /home/ishyro/Documents/Info/M1/S2/OMicrob-next/src/byterun/pic32/cores/core.a(wiring.c.o)
 .debug_aranges
                0x00000368       0x68 /home/ishyro/Documents/Info/M1/S2/OMicrob-next/src/byterun/pic32/cores/core.a(wiring_analog.c.o)
 .debug_aranges
                0x000003d0       0x38 /home/ishyro/Documents/Info/M1/S2/OMicrob-next/src/byterun/pic32/cores/core.a(wiring_digital.c.o)
 .debug_aranges
                0x00000408       0x90 /home/ishyro/Documents/Info/M1/S2/OMicrob-next/src/byterun/pic32/cores/core.a(USB.cpp.o)
 .debug_aranges
                0x00000498       0xf0 /home/ishyro/Documents/Info/M1/S2/OMicrob-next/src/byterun/pic32/cores/core.a(USB_CDCACM.cpp.o)
 .debug_aranges
                0x00000588       0x98 /home/ishyro/Documents/Info/M1/S2/OMicrob-next/src/byterun/pic32/cores/core.a(USB_FS.cpp.o)
 .debug_aranges
                0x00000620       0xc8 /home/ishyro/Documents/Info/M1/S2/OMicrob-next/src/byterun/pic32/cores/core.a(WSystem.c.o)
 .debug_aranges
                0x000006e8       0x20 /home/ishyro/Documents/Info/M1/S2/OMicrob-next/src/byterun/pic32/cores/core.a(pins_arduino.c.o)
 .debug_aranges
                0x00000708       0xf8 /home/ishyro/Documents/Info/M1/S2/OMicrob-next/src/byterun/pic32/cores/core.a(Print.cpp.o)
 .debug_aranges
                0x00000800       0x28 /home/ishyro/Documents/Info/M1/S2/OMicrob-next/src/byterun/pic32/cores/core.a(doprnt.cpp.o)
 .debug_aranges
                0x00000828       0x58 /home/ishyro/.arduino15/packages/chipKIT/tools/pic32-tools/1.43-pic32gcc/bin/bin/../../lib/gcc/pic32mx/4.8.3/../../../../pic32mx/lib/size/libsupc++.a(class_type_info.o)
 .debug_aranges
                0x00000880       0x20 /home/ishyro/.arduino15/packages/chipKIT/tools/pic32-tools/1.43-pic32gcc/bin/bin/../../lib/gcc/pic32mx/4.8.3/../../../../pic32mx/lib/size/libsupc++.a(del_op.o)
 .debug_aranges
                0x000008a0       0x48 /home/ishyro/.arduino15/packages/chipKIT/tools/pic32-tools/1.43-pic32gcc/bin/bin/../../lib/gcc/pic32mx/4.8.3/../../../../pic32mx/lib/size/libsupc++.a(si_class_type_info.o)
 .debug_aranges
                0x000008e8       0x48 /home/ishyro/.arduino15/packages/chipKIT/tools/pic32-tools/1.43-pic32gcc/bin/bin/../../lib/gcc/pic32mx/4.8.3/../../../../pic32mx/lib/size/libsupc++.a(tinfo.o)
 .debug_aranges
                0x00000930       0x50 /home/ishyro/.arduino15/packages/chipKIT/tools/pic32-tools/1.43-pic32gcc/bin/bin/../../lib/gcc/pic32mx/4.8.3/../../../../pic32mx/lib/size/libsupc++.a(vmi_class_type_info.o)
 .debug_aranges
                0x00000980       0x28 /home/ishyro/.arduino15/packages/chipKIT/tools/pic32-tools/1.43-pic32gcc/bin/bin/../../lib/gcc/pic32mx/4.8.3/../../../../pic32mx/lib/size/libsupc++.a(pure.o)
 .debug_aranges
                0x000009a8       0x48 /home/ishyro/.arduino15/packages/chipKIT/tools/pic32-tools/1.43-pic32gcc/bin/bin/../../lib/gcc/pic32mx/4.8.3/../../../../pic32mx/lib/size/libsupc++.a(eh_terminate.o)
 .debug_aranges
                0x000009f0       0x18 /home/ishyro/.arduino15/packages/chipKIT/tools/pic32-tools/1.43-pic32gcc/bin/bin/../../lib/gcc/pic32mx/4.8.3/../../../../pic32mx/lib/size/libsupc++.a(eh_unex_handler.o)
 .debug_aranges
                0x00000a08       0x18 /home/ishyro/.arduino15/packages/chipKIT/tools/pic32-tools/1.43-pic32gcc/bin/bin/../../lib/gcc/pic32mx/4.8.3/../../../../pic32mx/lib/size/libsupc++.a(eh_term_handler.o)
 .debug_aranges
                0x00000a20       0x20 /home/ishyro/.arduino15/packages/chipKIT/tools/pic32-tools/1.43-pic32gcc/bin/bin/../../lib/gcc/pic32mx/4.8.3/size/libgcc.a(_lshrdi3.o)
 .debug_aranges
                0x00000a40       0x20 /home/ishyro/.arduino15/packages/chipKIT/tools/pic32-tools/1.43-pic32gcc/bin/bin/../../lib/gcc/pic32mx/4.8.3/size/libgcc.a(_ashldi3.o)
 .debug_aranges
                0x00000a60       0x20 /home/ishyro/.arduino15/packages/chipKIT/tools/pic32-tools/1.43-pic32gcc/bin/bin/../../lib/gcc/pic32mx/4.8.3/size/libgcc.a(_ashrdi3.o)
 .debug_aranges
                0x00000a80       0x20 /home/ishyro/.arduino15/packages/chipKIT/tools/pic32-tools/1.43-pic32gcc/bin/bin/../../lib/gcc/pic32mx/4.8.3/size/libgcc.a(_divdi3.o)
 .debug_aranges
                0x00000aa0       0x20 /home/ishyro/.arduino15/packages/chipKIT/tools/pic32-tools/1.43-pic32gcc/bin/bin/../../lib/gcc/pic32mx/4.8.3/size/libgcc.a(_moddi3.o)
 .debug_aranges
                0x00000ac0       0x20 /home/ishyro/.arduino15/packages/chipKIT/tools/pic32-tools/1.43-pic32gcc/bin/bin/../../lib/gcc/pic32mx/4.8.3/size/libgcc.a(addsf3.o)
 .debug_aranges
                0x00000ae0       0x20 /home/ishyro/.arduino15/packages/chipKIT/tools/pic32-tools/1.43-pic32gcc/bin/bin/../../lib/gcc/pic32mx/4.8.3/size/libgcc.a(divsf3.o)
 .debug_aranges
                0x00000b00       0x20 /home/ishyro/.arduino15/packages/chipKIT/tools/pic32-tools/1.43-pic32gcc/bin/bin/../../lib/gcc/pic32mx/4.8.3/size/libgcc.a(eqsf2.o)
 .debug_aranges
                0x00000b20       0x20 /home/ishyro/.arduino15/packages/chipKIT/tools/pic32-tools/1.43-pic32gcc/bin/bin/../../lib/gcc/pic32mx/4.8.3/size/libgcc.a(gesf2.o)
 .debug_aranges
                0x00000b40       0x20 /home/ishyro/.arduino15/packages/chipKIT/tools/pic32-tools/1.43-pic32gcc/bin/bin/../../lib/gcc/pic32mx/4.8.3/size/libgcc.a(lesf2.o)
 .debug_aranges
                0x00000b60       0x20 /home/ishyro/.arduino15/packages/chipKIT/tools/pic32-tools/1.43-pic32gcc/bin/bin/../../lib/gcc/pic32mx/4.8.3/size/libgcc.a(mulsf3.o)
 .debug_aranges
                0x00000b80       0x20 /home/ishyro/.arduino15/packages/chipKIT/tools/pic32-tools/1.43-pic32gcc/bin/bin/../../lib/gcc/pic32mx/4.8.3/size/libgcc.a(subsf3.o)
 .debug_aranges
                0x00000ba0       0x20 /home/ishyro/.arduino15/packages/chipKIT/tools/pic32-tools/1.43-pic32gcc/bin/bin/../../lib/gcc/pic32mx/4.8.3/size/libgcc.a(fixsfsi.o)
 .debug_aranges
                0x00000bc0       0x20 /home/ishyro/.arduino15/packages/chipKIT/tools/pic32-tools/1.43-pic32gcc/bin/bin/../../lib/gcc/pic32mx/4.8.3/size/libgcc.a(floatsisf.o)
 .debug_aranges
                0x00000be0       0x20 /home/ishyro/.arduino15/packages/chipKIT/tools/pic32-tools/1.43-pic32gcc/bin/bin/../../lib/gcc/pic32mx/4.8.3/size/libgcc.a(fixsfdi.o)
 .debug_aranges
                0x00000c00       0x20 /home/ishyro/.arduino15/packages/chipKIT/tools/pic32-tools/1.43-pic32gcc/bin/bin/../../lib/gcc/pic32mx/4.8.3/size/libgcc.a(floatdisf.o)
 .debug_aranges
                0x00000c20       0x20 /home/ishyro/.arduino15/packages/chipKIT/tools/pic32-tools/1.43-pic32gcc/bin/bin/../../lib/gcc/pic32mx/4.8.3/size/libgcc.a(adddf3.o)
 .debug_aranges
                0x00000c40       0x20 /home/ishyro/.arduino15/packages/chipKIT/tools/pic32-tools/1.43-pic32gcc/bin/bin/../../lib/gcc/pic32mx/4.8.3/size/libgcc.a(divdf3.o)
 .debug_aranges
                0x00000c60       0x20 /home/ishyro/.arduino15/packages/chipKIT/tools/pic32-tools/1.43-pic32gcc/bin/bin/../../lib/gcc/pic32mx/4.8.3/size/libgcc.a(eqdf2.o)
 .debug_aranges
                0x00000c80       0x20 /home/ishyro/.arduino15/packages/chipKIT/tools/pic32-tools/1.43-pic32gcc/bin/bin/../../lib/gcc/pic32mx/4.8.3/size/libgcc.a(gedf2.o)
 .debug_aranges
                0x00000ca0       0x20 /home/ishyro/.arduino15/packages/chipKIT/tools/pic32-tools/1.43-pic32gcc/bin/bin/../../lib/gcc/pic32mx/4.8.3/size/libgcc.a(ledf2.o)
 .debug_aranges
                0x00000cc0       0x20 /home/ishyro/.arduino15/packages/chipKIT/tools/pic32-tools/1.43-pic32gcc/bin/bin/../../lib/gcc/pic32mx/4.8.3/size/libgcc.a(muldf3.o)
 .debug_aranges
                0x00000ce0       0x20 /home/ishyro/.arduino15/packages/chipKIT/tools/pic32-tools/1.43-pic32gcc/bin/bin/../../lib/gcc/pic32mx/4.8.3/size/libgcc.a(subdf3.o)
 .debug_aranges
                0x00000d00       0x20 /home/ishyro/.arduino15/packages/chipKIT/tools/pic32-tools/1.43-pic32gcc/bin/bin/../../lib/gcc/pic32mx/4.8.3/size/libgcc.a(fixdfsi.o)
 .debug_aranges
                0x00000d20       0x20 /home/ishyro/.arduino15/packages/chipKIT/tools/pic32-tools/1.43-pic32gcc/bin/bin/../../lib/gcc/pic32mx/4.8.3/size/libgcc.a(fixunsdfsi.o)
 .debug_aranges
                0x00000d40       0x20 /home/ishyro/.arduino15/packages/chipKIT/tools/pic32-tools/1.43-pic32gcc/bin/bin/../../lib/gcc/pic32mx/4.8.3/size/libgcc.a(floatsidf.o)
 .debug_aranges
                0x00000d60       0x20 /home/ishyro/.arduino15/packages/chipKIT/tools/pic32-tools/1.43-pic32gcc/bin/bin/../../lib/gcc/pic32mx/4.8.3/size/libgcc.a(floatunsidf.o)
 .debug_aranges
                0x00000d80       0x20 /home/ishyro/.arduino15/packages/chipKIT/tools/pic32-tools/1.43-pic32gcc/bin/bin/../../lib/gcc/pic32mx/4.8.3/size/libgcc.a(extendsfdf2.o)
 .debug_aranges
                0x00000da0       0x20 /home/ishyro/.arduino15/packages/chipKIT/tools/pic32-tools/1.43-pic32gcc/bin/bin/../../lib/gcc/pic32mx/4.8.3/size/libgcc.a(truncdfsf2.o)
 .debug_aranges
                0x00000dc0       0x20 /home/ishyro/.arduino15/packages/chipKIT/tools/pic32-tools/1.43-pic32gcc/bin/bin/../../lib/gcc/pic32mx/4.8.3/size/libgcc.a(_udivdi3.o)
 .debug_aranges
                0x00000de0       0x20 /home/ishyro/.arduino15/packages/chipKIT/tools/pic32-tools/1.43-pic32gcc/bin/bin/../../lib/gcc/pic32mx/4.8.3/size/libgcc.a(_umoddi3.o)

.debug_pubnames
 *(.debug_pubnames)

.debug_info     0x00000000    0x263ff
 *(.debug_info .gnu.linkonce.wi.*)
 .debug_info    0x00000000      0x13a /home/ishyro/Documents/Info/M1/S2/OMicrob-next/src/byterun/pic32/Board_Data.o
 .debug_info    0x0000013a      0x2ff /home/ishyro/Documents/Info/M1/S2/OMicrob-next/src/byterun/pic32/cores/core.a(exceptions.c.o)
 .debug_info    0x00000439      0x84f /home/ishyro/Documents/Info/M1/S2/OMicrob-next/src/byterun/pic32/cores/core.a(task_manager.c.o)
 .debug_info    0x00000c88       0xa7 /home/ishyro/Documents/Info/M1/S2/OMicrob-next/src/byterun/pic32/cores/core.a(vector_table.S.o)
 .debug_info    0x00000d2f     0x1b0c /home/ishyro/Documents/Info/M1/S2/OMicrob-next/src/byterun/pic32/cores/core.a(wiring.c.o)
 .debug_info    0x0000283b     0x11c1 /home/ishyro/Documents/Info/M1/S2/OMicrob-next/src/byterun/pic32/cores/core.a(wiring_analog.c.o)
 .debug_info    0x000039fc      0xe1b /home/ishyro/Documents/Info/M1/S2/OMicrob-next/src/byterun/pic32/cores/core.a(wiring_digital.c.o)
 .debug_info    0x00004817     0x410a /home/ishyro/Documents/Info/M1/S2/OMicrob-next/src/byterun/pic32/cores/core.a(USB.cpp.o)
 .debug_info    0x00008921     0x49de /home/ishyro/Documents/Info/M1/S2/OMicrob-next/src/byterun/pic32/cores/core.a(USB_CDCACM.cpp.o)
 .debug_info    0x0000d2ff     0x3841 /home/ishyro/Documents/Info/M1/S2/OMicrob-next/src/byterun/pic32/cores/core.a(USB_FS.cpp.o)
 .debug_info    0x00010b40     0x1074 /home/ishyro/Documents/Info/M1/S2/OMicrob-next/src/byterun/pic32/cores/core.a(WSystem.c.o)
 .debug_info    0x00011bb4      0x74c /home/ishyro/Documents/Info/M1/S2/OMicrob-next/src/byterun/pic32/cores/core.a(pins_arduino.c.o)
 .debug_info    0x00012300     0x343e /home/ishyro/Documents/Info/M1/S2/OMicrob-next/src/byterun/pic32/cores/core.a(Print.cpp.o)
 .debug_info    0x0001573e      0xebb /home/ishyro/Documents/Info/M1/S2/OMicrob-next/src/byterun/pic32/cores/core.a(doprnt.cpp.o)
 .debug_info    0x000165f9     0x13c1 /home/ishyro/.arduino15/packages/chipKIT/tools/pic32-tools/1.43-pic32gcc/bin/bin/../../lib/gcc/pic32mx/4.8.3/../../../../pic32mx/lib/size/libsupc++.a(class_type_info.o)
 .debug_info    0x000179ba      0x578 /home/ishyro/.arduino15/packages/chipKIT/tools/pic32-tools/1.43-pic32gcc/bin/bin/../../lib/gcc/pic32mx/4.8.3/../../../../pic32mx/lib/size/libsupc++.a(del_op.o)
 .debug_info    0x00017f32     0x10e9 /home/ishyro/.arduino15/packages/chipKIT/tools/pic32-tools/1.43-pic32gcc/bin/bin/../../lib/gcc/pic32mx/4.8.3/../../../../pic32mx/lib/size/libsupc++.a(si_class_type_info.o)
 .debug_info    0x0001901b      0xbf3 /home/ishyro/.arduino15/packages/chipKIT/tools/pic32-tools/1.43-pic32gcc/bin/bin/../../lib/gcc/pic32mx/4.8.3/../../../../pic32mx/lib/size/libsupc++.a(tinfo.o)
 .debug_info    0x00019c0e     0x1ca4 /home/ishyro/.arduino15/packages/chipKIT/tools/pic32-tools/1.43-pic32gcc/bin/bin/../../lib/gcc/pic32mx/4.8.3/../../../../pic32mx/lib/size/libsupc++.a(vmi_class_type_info.o)
 .debug_info    0x0001b8b2      0x97d /home/ishyro/.arduino15/packages/chipKIT/tools/pic32-tools/1.43-pic32gcc/bin/bin/../../lib/gcc/pic32mx/4.8.3/../../../../pic32mx/lib/size/libsupc++.a(pure.o)
 .debug_info    0x0001c22f      0xc24 /home/ishyro/.arduino15/packages/chipKIT/tools/pic32-tools/1.43-pic32gcc/bin/bin/../../lib/gcc/pic32mx/4.8.3/../../../../pic32mx/lib/size/libsupc++.a(eh_terminate.o)
 .debug_info    0x0001ce53      0x95f /home/ishyro/.arduino15/packages/chipKIT/tools/pic32-tools/1.43-pic32gcc/bin/bin/../../lib/gcc/pic32mx/4.8.3/../../../../pic32mx/lib/size/libsupc++.a(eh_unex_handler.o)
 .debug_info    0x0001d7b2      0x95c /home/ishyro/.arduino15/packages/chipKIT/tools/pic32-tools/1.43-pic32gcc/bin/bin/../../lib/gcc/pic32mx/4.8.3/../../../../pic32mx/lib/size/libsupc++.a(eh_term_handler.o)
 .debug_info    0x0001e10e      0x2fd /home/ishyro/.arduino15/packages/chipKIT/tools/pic32-tools/1.43-pic32gcc/bin/bin/../../lib/gcc/pic32mx/4.8.3/size/libgcc.a(_lshrdi3.o)
 .debug_info    0x0001e40b      0x2fa /home/ishyro/.arduino15/packages/chipKIT/tools/pic32-tools/1.43-pic32gcc/bin/bin/../../lib/gcc/pic32mx/4.8.3/size/libgcc.a(_ashldi3.o)
 .debug_info    0x0001e705      0x2fd /home/ishyro/.arduino15/packages/chipKIT/tools/pic32-tools/1.43-pic32gcc/bin/bin/../../lib/gcc/pic32mx/4.8.3/size/libgcc.a(_ashrdi3.o)
 .debug_info    0x0001ea02      0x77c /home/ishyro/.arduino15/packages/chipKIT/tools/pic32-tools/1.43-pic32gcc/bin/bin/../../lib/gcc/pic32mx/4.8.3/size/libgcc.a(_divdi3.o)
 .debug_info    0x0001f17e      0x7c7 /home/ishyro/.arduino15/packages/chipKIT/tools/pic32-tools/1.43-pic32gcc/bin/bin/../../lib/gcc/pic32mx/4.8.3/size/libgcc.a(_moddi3.o)
 .debug_info    0x0001f945      0x439 /home/ishyro/.arduino15/packages/chipKIT/tools/pic32-tools/1.43-pic32gcc/bin/bin/../../lib/gcc/pic32mx/4.8.3/size/libgcc.a(addsf3.o)
 .debug_info    0x0001fd7e      0x49e /home/ishyro/.arduino15/packages/chipKIT/tools/pic32-tools/1.43-pic32gcc/bin/bin/../../lib/gcc/pic32mx/4.8.3/size/libgcc.a(divsf3.o)
 .debug_info    0x0002021c      0x303 /home/ishyro/.arduino15/packages/chipKIT/tools/pic32-tools/1.43-pic32gcc/bin/bin/../../lib/gcc/pic32mx/4.8.3/size/libgcc.a(eqsf2.o)
 .debug_info    0x0002051f      0x343 /home/ishyro/.arduino15/packages/chipKIT/tools/pic32-tools/1.43-pic32gcc/bin/bin/../../lib/gcc/pic32mx/4.8.3/size/libgcc.a(gesf2.o)
 .debug_info    0x00020862      0x33d /home/ishyro/.arduino15/packages/chipKIT/tools/pic32-tools/1.43-pic32gcc/bin/bin/../../lib/gcc/pic32mx/4.8.3/size/libgcc.a(lesf2.o)
 .debug_info    0x00020b9f      0x436 /home/ishyro/.arduino15/packages/chipKIT/tools/pic32-tools/1.43-pic32gcc/bin/bin/../../lib/gcc/pic32mx/4.8.3/size/libgcc.a(mulsf3.o)
 .debug_info    0x00020fd5      0x43d /home/ishyro/.arduino15/packages/chipKIT/tools/pic32-tools/1.43-pic32gcc/bin/bin/../../lib/gcc/pic32mx/4.8.3/size/libgcc.a(subsf3.o)
 .debug_info    0x00021412      0x2d5 /home/ishyro/.arduino15/packages/chipKIT/tools/pic32-tools/1.43-pic32gcc/bin/bin/../../lib/gcc/pic32mx/4.8.3/size/libgcc.a(fixsfsi.o)
 .debug_info    0x000216e7      0x331 /home/ishyro/.arduino15/packages/chipKIT/tools/pic32-tools/1.43-pic32gcc/bin/bin/../../lib/gcc/pic32mx/4.8.3/size/libgcc.a(floatsisf.o)
 .debug_info    0x00021a18      0x2d9 /home/ishyro/.arduino15/packages/chipKIT/tools/pic32-tools/1.43-pic32gcc/bin/bin/../../lib/gcc/pic32mx/4.8.3/size/libgcc.a(fixsfdi.o)
 .debug_info    0x00021cf1      0x331 /home/ishyro/.arduino15/packages/chipKIT/tools/pic32-tools/1.43-pic32gcc/bin/bin/../../lib/gcc/pic32mx/4.8.3/size/libgcc.a(floatdisf.o)
 .debug_info    0x00022022      0x626 /home/ishyro/.arduino15/packages/chipKIT/tools/pic32-tools/1.43-pic32gcc/bin/bin/../../lib/gcc/pic32mx/4.8.3/size/libgcc.a(adddf3.o)
 .debug_info    0x00022648      0x697 /home/ishyro/.arduino15/packages/chipKIT/tools/pic32-tools/1.43-pic32gcc/bin/bin/../../lib/gcc/pic32mx/4.8.3/size/libgcc.a(divdf3.o)
 .debug_info    0x00022cdf      0x331 /home/ishyro/.arduino15/packages/chipKIT/tools/pic32-tools/1.43-pic32gcc/bin/bin/../../lib/gcc/pic32mx/4.8.3/size/libgcc.a(eqdf2.o)
 .debug_info    0x00023010      0x375 /home/ishyro/.arduino15/packages/chipKIT/tools/pic32-tools/1.43-pic32gcc/bin/bin/../../lib/gcc/pic32mx/4.8.3/size/libgcc.a(gedf2.o)
 .debug_info    0x00023385      0x36d /home/ishyro/.arduino15/packages/chipKIT/tools/pic32-tools/1.43-pic32gcc/bin/bin/../../lib/gcc/pic32mx/4.8.3/size/libgcc.a(ledf2.o)
 .debug_info    0x000236f2      0x5ff /home/ishyro/.arduino15/packages/chipKIT/tools/pic32-tools/1.43-pic32gcc/bin/bin/../../lib/gcc/pic32mx/4.8.3/size/libgcc.a(muldf3.o)
 .debug_info    0x00023cf1      0x62a /home/ishyro/.arduino15/packages/chipKIT/tools/pic32-tools/1.43-pic32gcc/bin/bin/../../lib/gcc/pic32mx/4.8.3/size/libgcc.a(subdf3.o)
 .debug_info    0x0002431b      0x2fe /home/ishyro/.arduino15/packages/chipKIT/tools/pic32-tools/1.43-pic32gcc/bin/bin/../../lib/gcc/pic32mx/4.8.3/size/libgcc.a(fixdfsi.o)
 .debug_info    0x00024619      0x2f2 /home/ishyro/.arduino15/packages/chipKIT/tools/pic32-tools/1.43-pic32gcc/bin/bin/../../lib/gcc/pic32mx/4.8.3/size/libgcc.a(fixunsdfsi.o)
 .debug_info    0x0002490b      0x320 /home/ishyro/.arduino15/packages/chipKIT/tools/pic32-tools/1.43-pic32gcc/bin/bin/../../lib/gcc/pic32mx/4.8.3/size/libgcc.a(floatsidf.o)
 .debug_info    0x00024c2b      0x17b /home/ishyro/.arduino15/packages/chipKIT/tools/pic32-tools/1.43-pic32gcc/bin/bin/../../lib/gcc/pic32mx/4.8.3/size/libgcc.a(floatunsidf.o)