Archive member included because of file (symbol)

cores/core_no_main.a(exceptions.c.o)
                              /tmp/cc86yoVA.o (_general_exception_handler_entry)
cores/core_no_main.a(task_manager.c.o)
                              /tmp/ccmZprsd.o (_scheduleTask)
cores/core_no_main.a(vector_table.S.o)
                              /tmp/ccmZprsd.o (__use_isr_install)
cores/core_no_main.a(wiring.c.o)
                              cores/core_no_main.a(task_manager.c.o) (millis)
cores/core_no_main.a(wiring_digital.c.o)
                              /tmp/ccmZprsd.o (pinMode)
cores/core_no_main.a(USB.cpp.o)
                              cores/core_no_main.a(wiring.c.o) (usb_boot_system)
cores/core_no_main.a(USB_CDCACM.cpp.o)
                              cores/core_no_main.a(USB.cpp.o) (vtable for CDCACM)
cores/core_no_main.a(USB_FS.cpp.o)
                              cores/core_no_main.a(USB.cpp.o) (USBFS::_this)
cores/core_no_main.a(WSystem.c.o)
                              cores/core_no_main.a(wiring.c.o) (initIntVector)
cores/core_no_main.a(pins_arduino.c.o)
                              cores/core_no_main.a(wiring.c.o) (_board_init)
cores/core_no_main.a(wiring_analog.c.o)
                              cores/core_no_main.a(wiring_digital.c.o) (turnOffPWM)
cores/core_no_main.a(Print.cpp.o)
                              cores/core_no_main.a(USB_CDCACM.cpp.o) (typeinfo for Print)
cores/core_no_main.a(doprnt.cpp.o)
                              cores/core_no_main.a(Print.cpp.o) (_doprnt(char const*, void*, Print*))
/home/ishyro/.arduino15/packages/chipKIT/tools/pic32-tools/1.43-pic32gcc/bin/bin/../../lib/gcc/pic32mx/4.8.3/../../../../pic32mx/lib/size/libm.a(lib_a-s_fpclassify.o)
                              cores/core_no_main.a(Print.cpp.o) (__fpclassifyd)
/home/ishyro/.arduino15/packages/chipKIT/tools/pic32-tools/1.43-pic32gcc/bin/bin/../../lib/gcc/pic32mx/4.8.3/../../../../pic32mx/lib/size/libm.a(lib_a-s_modf.o)
                              cores/core_no_main.a(doprnt.cpp.o) (modf)

Optional file libmchp_peripheral_32MX250F128D.a not found

Optional file libmchp_peripheral.a not found
/home/ishyro/.arduino15/packages/chipKIT/tools/pic32-tools/1.43-pic32gcc/bin/bin/../../lib/gcc/pic32mx/4.8.3/size/libgcc.a(adddf3.o)
                              cores/core_no_main.a(Print.cpp.o) (__adddf3)
/home/ishyro/.arduino15/packages/chipKIT/tools/pic32-tools/1.43-pic32gcc/bin/bin/../../lib/gcc/pic32mx/4.8.3/size/libgcc.a(divdf3.o)
                              cores/core_no_main.a(Print.cpp.o) (__divdf3)
/home/ishyro/.arduino15/packages/chipKIT/tools/pic32-tools/1.43-pic32gcc/bin/bin/../../lib/gcc/pic32mx/4.8.3/size/libgcc.a(eqdf2.o)
                              cores/core_no_main.a(doprnt.cpp.o) (__nedf2)
/home/ishyro/.arduino15/packages/chipKIT/tools/pic32-tools/1.43-pic32gcc/bin/bin/../../lib/gcc/pic32mx/4.8.3/size/libgcc.a(gedf2.o)
                              cores/core_no_main.a(Print.cpp.o) (__gtdf2)
/home/ishyro/.arduino15/packages/chipKIT/tools/pic32-tools/1.43-pic32gcc/bin/bin/../../lib/gcc/pic32mx/4.8.3/size/libgcc.a(ledf2.o)
                              cores/core_no_main.a(Print.cpp.o) (__ltdf2)
/home/ishyro/.arduino15/packages/chipKIT/tools/pic32-tools/1.43-pic32gcc/bin/bin/../../lib/gcc/pic32mx/4.8.3/size/libgcc.a(muldf3.o)
                              cores/core_no_main.a(Print.cpp.o) (__muldf3)
/home/ishyro/.arduino15/packages/chipKIT/tools/pic32-tools/1.43-pic32gcc/bin/bin/../../lib/gcc/pic32mx/4.8.3/size/libgcc.a(subdf3.o)
                              cores/core_no_main.a(Print.cpp.o) (__subdf3)
/home/ishyro/.arduino15/packages/chipKIT/tools/pic32-tools/1.43-pic32gcc/bin/bin/../../lib/gcc/pic32mx/4.8.3/size/libgcc.a(fixdfsi.o)
                              cores/core_no_main.a(Print.cpp.o) (__fixdfsi)
/home/ishyro/.arduino15/packages/chipKIT/tools/pic32-tools/1.43-pic32gcc/bin/bin/../../lib/gcc/pic32mx/4.8.3/size/libgcc.a(fixunsdfsi.o)
                              cores/core_no_main.a(Print.cpp.o) (__fixunsdfsi)
/home/ishyro/.arduino15/packages/chipKIT/tools/pic32-tools/1.43-pic32gcc/bin/bin/../../lib/gcc/pic32mx/4.8.3/size/libgcc.a(floatsidf.o)
                              cores/core_no_main.a(Print.cpp.o) (__floatsidf)
/home/ishyro/.arduino15/packages/chipKIT/tools/pic32-tools/1.43-pic32gcc/bin/bin/../../lib/gcc/pic32mx/4.8.3/size/libgcc.a(floatunsidf.o)
                              cores/core_no_main.a(Print.cpp.o) (__floatunsidf)
/home/ishyro/.arduino15/packages/chipKIT/tools/pic32-tools/1.43-pic32gcc/bin/bin/../../lib/gcc/pic32mx/4.8.3/../../../../pic32mx/lib/size/libc.a(lib_a-errno.o)
                              cores/core_no_main.a(wiring.c.o) (__errno)
/home/ishyro/.arduino15/packages/chipKIT/tools/pic32-tools/1.43-pic32gcc/bin/bin/../../lib/gcc/pic32mx/4.8.3/../../../../pic32mx/lib/size/libc.a(lib_a-impure.o)
[...]
Memory Configuration

Name             Origin             Length             Attributes
exception_mem    0x9d000000         0x00001000
kseg0_program_mem 0x9d001000         0x0001d000         xr
kseg0_eeprom_mem 0x9d01e000         0x00001000
kseg0_splitflash_mem 0x9d01f000         0x00001000
kseg0_boot_mem   0x9fc00200         0x00000000
kseg1_boot_mem   0xbfc00000         0x00000000
debug_exec_mem   0xbfc00490         0x00000000
config3          0xbfc00bf0         0x00000004
config2          0xbfc00bf4         0x00000004
config1          0xbfc00bf8         0x00000004
config0          0xbfc00bfc         0x00000004
kseg1_data_mem   0xa0000000         0x00008000         w !x
sfrs             0xbf800000         0x00100000
configsfrs       0xbfc00bf0         0x00000010
*default*        0x00000000         0xffffffff

Linker script and memory map

                0x00000001                _DEBUGGER = 0x1
LOAD /tmp/ccmZprsd.o
LOAD /tmp/ccV8lcgl.o
LOAD /tmp/ccDSgI4s.o
LOAD /tmp/cc86yoVA.o
LOAD /tmp/ccIZmcRI.o
LOAD Board_Data.o
LOAD cores/core_no_main.a
LOAD /home/ishyro/.arduino15/packages/chipKIT/tools/pic32-tools/1.43-pic32gcc/bin/bin/../../lib/gcc/pic32mx/4.8.3/../../../../pic32mx/lib/size/libm.a
                0x00000800                PROVIDE (_min_stack_size, 0x800)
                0x00000800                PROVIDE (_min_heap_size, 0x800)
LOAD /home/ishyro/.arduino15/packages/chipKIT/tools/pic32-tools/1.43-pic32gcc/bin/bin/../../lib/gcc/pic32mx/4.8.3/../../../../pic32mx/lib/./proc/32MX250F128D/processor.o
START GROUP
LOAD libmchp_peripheral_32MX250F128D.a
END GROUP
                0x9d000000                _ebase_address = ORIGIN (exception_mem)
                0x9d0000f8                _IMAGE_PTR_TABLE = (_ebase_address + 0xf8)
                0x9d0000fc                _IMAGE_HEADER_ADDR = (_ebase_address + 0xfc)
                0x9d000180                _GEN_EXCPT_ADDR = (_ebase_address + 0x180)
                0x9d001000                _RESET_ADDR = ORIGIN (kseg0_program_mem)
                0x9d01e000                _EEPROM_ADDR = ORIGIN (kseg0_eeprom_mem)
                0xbfc00380                _BEV_EXCPT_ADDR = 0xbfc00380
                0xbfc00480                _DBG_EXCPT_ADDR = 0xbfc00480
                0xbfc00490                _DBG_CODE_ADDR = ORIGIN (debug_exec_mem)
                0x00000000                _imageReserved = 0x0
                0x00000001                _imageMPIDE = 0x1
                0x00000002                _imageBootFlashBootloader = 0x2
                0x00000004                _imageProgramFlashBootloader = 0x4
                0x00000008                _imageSplitFlashBootloader = 0x8
                0x00010000                _imageFullFlashEraseLess4KEEProm = 0x10000
                0x00020000                _imageJustInTimeFlashErase = 0x20000
                0x00040000                _imageLinkerSpecifiedFlashErase = 0x40000
                0x00080000                _imageFullFlashErase = 0x80000
                0x01000000                _imageExecutionJumpAddress = 0x1000000
                0x02000000                _imageExecutionJumpToFirstInFlash = 0x2000000
                0x01020001                _IMAGE_TYPE = ((_imageMPIDE | _imageJustInTimeFlashErase) | _imageExecutionJumpAddress)
                0x0001e000                _IMAGE_FLASH_SIZE = 0x1e000
                0x9d001000                _JUMP_ADDR = _RESET_ADDR

.reset          0x9d001000        0x8
 *(.reset)
 .reset         0x9d001000        0x8 /tmp/cc86yoVA.o
                0x9d001000                _reset
                0x00000001                PROVIDE (_vector_spacing, 0x1)
LOAD /home/ishyro/.arduino15/packages/chipKIT/tools/pic32-tools/1.43-pic32gcc/bin/bin/../../lib/gcc/pic32mx/4.8.3/size/crtbegin.o
LOAD /home/ishyro/.arduino15/packages/chipKIT/tools/pic32-tools/1.43-pic32gcc/bin/bin/../../lib/gcc/pic32mx/4.8.3/size/crtend.o
LOAD /home/ishyro/.arduino15/packages/chipKIT/tools/pic32-tools/1.43-pic32gcc/bin/bin/../../lib/gcc/pic32mx/4.8.3/size/crtn.o
START GROUP
LOAD libmchp_peripheral.a
END GROUP

/DISCARD/
 *(.config_*)
 *(.bev_handler)
 *(.pdr)
 *(.reginfo)
 *(.rel.dyn)
 *(.note.GNU-stack)
 *(.note.GNU-stack)
 *(.gnu_debuglink)
 *(.gnu.lto_*)
 *(.discard)

.eeprom_pic32
 *(.eeprom_pic32 .eeprom_pic32.*)

.image_ptr_table
                0x9d0000f8        0x8
                0x9d0000f8        0x4 LONG 0x9d000000 _ebase_address
                0x9d0000fc        0x4 LONG 0x9d001430 _image_header_info

.app_excpt      0x9d000180       0x10
 *(.gen_handler)
 .gen_handler   0x9d000180       0x10 /tmp/cc86yoVA.o

.vector_0       0x9d000200       0x14
                0x9d000200                _new_vector_0 = .
 *(.vector_new_0)
 .vector_new_0  0x9d000200       0x14 cores/core_no_main.a(vector_table.S.o)
                0x9d000200                __vector_0
                0x9d000214                _original_vector_0 = .
 *(.vector_0)
                0x00000001                ASSERT (((_vector_spacing == 0x0) || (SIZEOF (.vector_0) <= (_vector_spacing << 0x5))), function at exception vector 0 too large)

.vector_1       0x9d000220       0x14
 *(.vector_new_1)
 .vector_new_1  0x9d000220       0x14 cores/core_no_main.a(vector_table.S.o)
                0x9d000220                __vector_1
 *(.vector_1)
                0x00000001                ASSERT (((_vector_spacing == 0x0) || (SIZEOF (.vector_1) <= (_vector_spacing << 0x5))), function at exception vector 1 too large)

.vector_2       0x9d000240       0x14
 *(.vector_new_2)
 .vector_new_2  0x9d000240       0x14 cores/core_no_main.a(vector_table.S.o)
                0x9d000240                __vector_2
 *(.vector_2)
                0x00000001                ASSERT (((_vector_spacing == 0x0) || (SIZEOF (.vector_2) <= (_vector_spacing << 0x5))), function at exception vector 2 too large)

.vector_3       0x9d000260       0x14
 *(.vector_new_3)
 .vector_new_3  0x9d000260       0x14 cores/core_no_main.a(vector_table.S.o)
                0x9d000260                __vector_3
 *(.vector_3)
                0x00000001                ASSERT (((_vector_spacing == 0x0) || (SIZEOF (.vector_3) <= (_vector_spacing << 0x5))), function at exception vector 3 too large)

.vector_4       0x9d000280       0x14
 *(.vector_new_4)
 .vector_new_4  0x9d000280       0x14 cores/core_no_main.a(vector_table.S.o)
                0x9d000280                __vector_4
 *(.vector_4)
                0x00000001                ASSERT (((_vector_spacing == 0x0) || (SIZEOF (.vector_4) <= (_vector_spacing << 0x5))), function at exception vector 4 too large)

.vector_5       0x9d0002a0       0x14
 *(.vector_new_5)
 .vector_new_5  0x9d0002a0       0x14 cores/core_no_main.a(vector_table.S.o)
                0x9d0002a0                __vector_5
 *(.vector_5)
                0x00000001                ASSERT (((_vector_spacing == 0x0) || (SIZEOF (.vector_5) <= (_vector_spacing << 0x5))), function at exception vector 5 too large)

.vector_6       0x9d0002c0       0x14
 *(.vector_new_6)
 .vector_new_6  0x9d0002c0       0x14 cores/core_no_main.a(vector_table.S.o)
                0x9d0002c0                __vector_6
 *(.vector_6)
                0x00000001                ASSERT (((_vector_spacing == 0x0) || (SIZEOF (.vector_6) <= (_vector_spacing << 0x5))), function at exception vector 6 too large)

.vector_7       0x9d0002e0       0x14
 *(.vector_new_7)
 .vector_new_7  0x9d0002e0       0x14 cores/core_no_main.a(vector_table.S.o)
                0x9d0002e0                __vector_7
 *(.vector_7)
                0x00000001                ASSERT (((_vector_spacing == 0x0) || (SIZEOF (.vector_7) <= (_vector_spacing << 0x5))), function at exception vector 7 too large)

.vector_8       0x9d000300       0x14
 *(.vector_new_8)
 .vector_new_8  0x9d000300       0x14 cores/core_no_main.a(vector_table.S.o)
                0x9d000300                __vector_8
 *(.vector_8)
                0x00000001                ASSERT (((_vector_spacing == 0x0) || (SIZEOF (.vector_8) <= (_vector_spacing << 0x5))), function at exception vector 8 too large)

.vector_9       0x9d000320       0x14
 *(.vector_new_9)
 .vector_new_9  0x9d000320       0x14 cores/core_no_main.a(vector_table.S.o)
                0x9d000320                __vector_9
 *(.vector_9)
                0x00000001                ASSERT (((_vector_spacing == 0x0) || (SIZEOF (.vector_9) <= (_vector_spacing << 0x5))), function at exception vector 9 too large)

.vector_10      0x9d000340       0x14
 *(.vector_new_10)
 .vector_new_10
                0x9d000340       0x14 cores/core_no_main.a(vector_table.S.o)
                0x9d000340                __vector_10
 *(.vector_10)
                0x00000001                ASSERT (((_vector_spacing == 0x0) || (SIZEOF (.vector_10) <= (_vector_spacing << 0x5))), function at exception vector 10 too large)

.vector_11      0x9d000360       0x14
 *(.vector_new_11)
 .vector_new_11
                0x9d000360       0x14 cores/core_no_main.a(vector_table.S.o)
                0x9d000360                __vector_11
 *(.vector_11)
                0x00000001                ASSERT (((_vector_spacing == 0x0) || (SIZEOF (.vector_11) <= (_vector_spacing << 0x5))), function at exception vector 11 too large)

.vector_12      0x9d000380       0x14
 *(.vector_new_12)
 .vector_new_12
                0x9d000380       0x14 cores/core_no_main.a(vector_table.S.o)
                0x9d000380                __vector_12
 *(.vector_12)
                0x00000001                ASSERT (((_vector_spacing == 0x0) || (SIZEOF (.vector_12) <= (_vector_spacing << 0x5))), function at exception vector 12 too large)

.vector_13      0x9d0003a0       0x14
 *(.vector_new_13)
 .vector_new_13
                0x9d0003a0       0x14 cores/core_no_main.a(vector_table.S.o)
                0x9d0003a0                __vector_13
 *(.vector_13)
                0x00000001                ASSERT (((_vector_spacing == 0x0) || (SIZEOF (.vector_13) <= (_vector_spacing << 0x5))), function at exception vector 13 too large)

.vector_14      0x9d0003c0       0x14
 *(.vector_new_14)
 .vector_new_14
                0x9d0003c0       0x14 cores/core_no_main.a(vector_table.S.o)
                0x9d0003c0                __vector_14
 *(.vector_14)
                0x00000001                ASSERT (((_vector_spacing == 0x0) || (SIZEOF (.vector_14) <= (_vector_spacing << 0x5))), function at exception vector 14 too large)

.vector_15      0x9d0003e0       0x14
 *(.vector_new_15)
 .vector_new_15
                0x9d0003e0       0x14 cores/core_no_main.a(vector_table.S.o)
                0x9d0003e0                __vector_15
 *(.vector_15)
                0x00000001                ASSERT (((_vector_spacing == 0x0) || (SIZEOF (.vector_15) <= (_vector_spacing << 0x5))), function at exception vector 15 too large)

.vector_16      0x9d000400       0x14
 *(.vector_new_16)
 .vector_new_16
                0x9d000400       0x14 cores/core_no_main.a(vector_table.S.o)
                0x9d000400                __vector_16
 *(.vector_16)
                0x00000001                ASSERT (((_vector_spacing == 0x0) || (SIZEOF (.vector_16) <= (_vector_spacing << 0x5))), function at exception vector 16 too large)

.vector_17      0x9d000420       0x14
 *(.vector_new_17)
 .vector_new_17
                0x9d000420       0x14 cores/core_no_main.a(vector_table.S.o)
                0x9d000420                __vector_17
 *(.vector_17)
                0x00000001                ASSERT (((_vector_spacing == 0x0) || (SIZEOF (.vector_17) <= (_vector_spacing << 0x5))), function at exception vector 17 too large)

.vector_18      0x9d000440       0x14
 *(.vector_new_18)
 .vector_new_18
                0x9d000440       0x14 cores/core_no_main.a(vector_table.S.o)
                0x9d000440                __vector_18
 *(.vector_18)
                0x00000001                ASSERT (((_vector_spacing == 0x0) || (SIZEOF (.vector_18) <= (_vector_spacing << 0x5))), function at exception vector 18 too large)

.vector_19      0x9d000460       0x14
 *(.vector_new_19)
 .vector_new_19
                0x9d000460       0x14 cores/core_no_main.a(vector_table.S.o)
                0x9d000460                __vector_19
 *(.vector_19)
                0x00000001                ASSERT (((_vector_spacing == 0x0) || (SIZEOF (.vector_19) <= (_vector_spacing << 0x5))), function at exception vector 19 too large)

.vector_20      0x9d000480       0x14
 *(.vector_new_20)
 .vector_new_20
                0x9d000480       0x14 cores/core_no_main.a(vector_table.S.o)
                0x9d000480                __vector_20
 *(.vector_20)
                0x00000001                ASSERT (((_vector_spacing == 0x0) || (SIZEOF (.vector_20) <= (_vector_spacing << 0x5))), function at exception vector 20 too large)

.vector_21      0x9d0004a0       0x14
 *(.vector_new_21)
 .vector_new_21
                0x9d0004a0       0x14 cores/core_no_main.a(vector_table.S.o)
                0x9d0004a0                __vector_21
 *(.vector_21)
                0x00000001                ASSERT (((_vector_spacing == 0x0) || (SIZEOF (.vector_21) <= (_vector_spacing << 0x5))), function at exception vector 21 too large)

.vector_22      0x9d0004c0       0x14
 *(.vector_new_22)
 .vector_new_22
                0x9d0004c0       0x14 cores/core_no_main.a(vector_table.S.o)
                0x9d0004c0                __vector_22
 *(.vector_22)
                0x00000001                ASSERT (((_vector_spacing == 0x0) || (SIZEOF (.vector_22) <= (_vector_spacing << 0x5))), function at exception vector 22 too large)

.vector_23      0x9d0004e0       0x14
 *(.vector_new_23)
 .vector_new_23
                0x9d0004e0       0x14 cores/core_no_main.a(vector_table.S.o)
                0x9d0004e0                __vector_23
 *(.vector_23)
                0x00000001                ASSERT (((_vector_spacing == 0x0) || (SIZEOF (.vector_23) <= (_vector_spacing << 0x5))), function at exception vector 23 too large)

.vector_24      0x9d000500       0x14
 *(.vector_new_24)
 .vector_new_24
                0x9d000500       0x14 cores/core_no_main.a(vector_table.S.o)
                0x9d000500                __vector_24
 *(.vector_24)
                0x00000001                ASSERT (((_vector_spacing == 0x0) || (SIZEOF (.vector_24) <= (_vector_spacing << 0x5))), function at exception vector 24 too large)

.vector_25      0x9d000520       0x14
 *(.vector_new_25)
 .vector_new_25
                0x9d000520       0x14 cores/core_no_main.a(vector_table.S.o)
                0x9d000520                __vector_25
 *(.vector_25)
                0x00000001                ASSERT (((_vector_spacing == 0x0) || (SIZEOF (.vector_25) <= (_vector_spacing << 0x5))), function at exception vector 25 too large)

.vector_26      0x9d000540       0x14
 *(.vector_new_26)
 .vector_new_26
                0x9d000540       0x14 cores/core_no_main.a(vector_table.S.o)
                0x9d000540                __vector_26
 *(.vector_26)
                0x00000001                ASSERT (((_vector_spacing == 0x0) || (SIZEOF (.vector_26) <= (_vector_spacing << 0x5))), function at exception vector 26 too large)

.vector_27      0x9d000560       0x14
 *(.vector_new_27)
 .vector_new_27
                0x9d000560       0x14 cores/core_no_main.a(vector_table.S.o)
                0x9d000560                __vector_27
 *(.vector_27)
                0x00000001                ASSERT (((_vector_spacing == 0x0) || (SIZEOF (.vector_27) <= (_vector_spacing << 0x5))), function at exception vector 27 too large)

.vector_28      0x9d000580       0x14
 *(.vector_new_28)
 .vector_new_28
                0x9d000580       0x14 cores/core_no_main.a(vector_table.S.o)
                0x9d000580                __vector_28
 *(.vector_28)
                0x00000001                ASSERT (((_vector_spacing == 0x0) || (SIZEOF (.vector_28) <= (_vector_spacing << 0x5))), function at exception vector 28 too large)

.vector_29      0x9d0005a0       0x14
 *(.vector_new_29)
 .vector_new_29
                0x9d0005a0       0x14 cores/core_no_main.a(vector_table.S.o)
                0x9d0005a0                __vector_29
 *(.vector_29)
                0x00000001                ASSERT (((_vector_spacing == 0x0) || (SIZEOF (.vector_29) <= (_vector_spacing << 0x5))), function at exception vector 29 too large)

.vector_30      0x9d0005c0       0x14
 *(.vector_new_30)
 .vector_new_30
                0x9d0005c0       0x14 cores/core_no_main.a(vector_table.S.o)
                0x9d0005c0                __vector_30
 *(.vector_30)
                0x00000001                ASSERT (((_vector_spacing == 0x0) || (SIZEOF (.vector_30) <= (_vector_spacing << 0x5))), function at exception vector 30 too large)

.vector_31      0x9d0005e0       0x14
 *(.vector_new_31)
 .vector_new_31
                0x9d0005e0       0x14 cores/core_no_main.a(vector_table.S.o)
                0x9d0005e0                __vector_31
 *(.vector_31)
                0x00000001                ASSERT (((_vector_spacing == 0x0) || (SIZEOF (.vector_31) <= (_vector_spacing << 0x5))), function at exception vector 31 too large)

.vector_32      0x9d000600       0x14
 *(.vector_new_32)
 .vector_new_32
                0x9d000600       0x14 cores/core_no_main.a(vector_table.S.o)
                0x9d000600                __vector_32
 *(.vector_32)
                0x00000001                ASSERT (((_vector_spacing == 0x0) || (SIZEOF (.vector_32) <= (_vector_spacing << 0x5))), function at exception vector 32 too large)

.vector_33      0x9d000620       0x14
 *(.vector_new_33)
 .vector_new_33
                0x9d000620       0x14 cores/core_no_main.a(vector_table.S.o)
                0x9d000620                __vector_33
 *(.vector_33)
                0x00000001                ASSERT (((_vector_spacing == 0x0) || (SIZEOF (.vector_33) <= (_vector_spacing << 0x5))), function at exception vector 33 too large)

.vector_34      0x9d000640       0x14
 *(.vector_new_34)
 .vector_new_34
                0x9d000640       0x14 cores/core_no_main.a(vector_table.S.o)
                0x9d000640                __vector_34
 *(.vector_34)
                0x00000001                ASSERT (((_vector_spacing == 0x0) || (SIZEOF (.vector_34) <= (_vector_spacing << 0x5))), function at exception vector 34 too large)

.vector_35      0x9d000660       0x14
 *(.vector_new_35)
 .vector_new_35
                0x9d000660       0x14 cores/core_no_main.a(vector_table.S.o)
                0x9d000660                __vector_35
 *(.vector_35)
                0x00000001                ASSERT (((_vector_spacing == 0x0) || (SIZEOF (.vector_35) <= (_vector_spacing << 0x5))), function at exception vector 35 too large)

.vector_36      0x9d000680       0x14
 *(.vector_new_36)
 .vector_new_36
                0x9d000680       0x14 cores/core_no_main.a(vector_table.S.o)
                0x9d000680                __vector_36
 *(.vector_36)
                0x00000001                ASSERT (((_vector_spacing == 0x0) || (SIZEOF (.vector_36) <= (_vector_spacing << 0x5))), function at exception vector 36 too large)

.vector_37      0x9d0006a0       0x14
 *(.vector_new_37)
 .vector_new_37
                0x9d0006a0       0x14 cores/core_no_main.a(vector_table.S.o)
                0x9d0006a0                __vector_37
 *(.vector_37)
                0x00000001                ASSERT (((_vector_spacing == 0x0) || (SIZEOF (.vector_37) <= (_vector_spacing << 0x5))), function at exception vector 37 too large)

.vector_38      0x9d0006c0       0x14
 *(.vector_new_38)
 .vector_new_38
                0x9d0006c0       0x14 cores/core_no_main.a(vector_table.S.o)
                0x9d0006c0                __vector_38
 *(.vector_38)
                0x00000001                ASSERT (((_vector_spacing == 0x0) || (SIZEOF (.vector_38) <= (_vector_spacing << 0x5))), function at exception vector 38 too large)

.vector_39      0x9d0006e0       0x14
 *(.vector_new_39)
 .vector_new_39
                0x9d0006e0       0x14 cores/core_no_main.a(vector_table.S.o)
                0x9d0006e0                __vector_39
 *(.vector_39)
                0x00000001                ASSERT (((_vector_spacing == 0x0) || (SIZEOF (.vector_39) <= (_vector_spacing << 0x5))), function at exception vector 39 too large)

.vector_40      0x9d000700       0x14
 *(.vector_new_40)
 .vector_new_40
                0x9d000700       0x14 cores/core_no_main.a(vector_table.S.o)
                0x9d000700                __vector_40
 *(.vector_40)
                0x00000001                ASSERT (((_vector_spacing == 0x0) || (SIZEOF (.vector_40) <= (_vector_spacing << 0x5))), function at exception vector 40 too large)

.vector_41      0x9d000720       0x14
 *(.vector_new_41)
 .vector_new_41
                0x9d000720       0x14 cores/core_no_main.a(vector_table.S.o)
                0x9d000720                __vector_41
 *(.vector_41)
                0x00000001                ASSERT (((_vector_spacing == 0x0) || (SIZEOF (.vector_41) <= (_vector_spacing << 0x5))), function at exception vector 41 too large)

.vector_42      0x9d000740       0x14
 *(.vector_new_42)
 .vector_new_42
                0x9d000740       0x14 cores/core_no_main.a(vector_table.S.o)
                0x9d000740                __vector_42
 *(.vector_42)
                0x00000001                ASSERT (((_vector_spacing == 0x0) || (SIZEOF (.vector_42) <= (_vector_spacing << 0x5))), function at exception vector 42 too large)

.vector_43      0x9d000760       0x14
 *(.vector_new_43)
 .vector_new_43
                0x9d000760       0x14 cores/core_no_main.a(vector_table.S.o)
                0x9d000760                __vector_43
 *(.vector_43)
                0x00000001                ASSERT (((_vector_spacing == 0x0) || (SIZEOF (.vector_43) <= (_vector_spacing << 0x5))), function at exception vector 43 too large)

.vector_44      0x9d000780       0x14
 *(.vector_new_44)
 .vector_new_44
                0x9d000780       0x14 cores/core_no_main.a(vector_table.S.o)
                0x9d000780                __vector_44
 *(.vector_44)
                0x00000001                ASSERT (((_vector_spacing == 0x0) || (SIZEOF (.vector_44) <= (_vector_spacing << 0x5))), function at exception vector 44 too large)

.vector_45      0x9d0007a0       0x14
 *(.vector_new_45)
 .vector_new_45
                0x9d0007a0       0x14 cores/core_no_main.a(vector_table.S.o)
                0x9d0007a0                __vector_45
 *(.vector_45)
                0x00000001                ASSERT (((_vector_spacing == 0x0) || (SIZEOF (.vector_45) <= (_vector_spacing << 0x5))), function at exception vector 45 too large)

.vector_46      0x9d0007c0       0x14
 *(.vector_new_46)
 .vector_new_46
                0x9d0007c0       0x14 cores/core_no_main.a(vector_table.S.o)
                0x9d0007c0                __vector_46
 *(.vector_46)
                0x00000001                ASSERT (((_vector_spacing == 0x0) || (SIZEOF (.vector_46) <= (_vector_spacing << 0x5))), function at exception vector 46 too large)

.vector_47      0x9d0007e0       0x14
 *(.vector_new_47)
 .vector_new_47
                0x9d0007e0       0x14 cores/core_no_main.a(vector_table.S.o)
                0x9d0007e0                __vector_47
 *(.vector_47)
                0x00000001                ASSERT (((_vector_spacing == 0x0) || (SIZEOF (.vector_47) <= (_vector_spacing << 0x5))), function at exception vector 47 too large)

.vector_48      0x9d000800       0x14
 *(.vector_new_48)
 .vector_new_48
                0x9d000800       0x14 cores/core_no_main.a(vector_table.S.o)
                0x9d000800                __vector_48
 *(.vector_48)
                0x00000001                ASSERT (((_vector_spacing == 0x0) || (SIZEOF (.vector_48) <= (_vector_spacing << 0x5))), function at exception vector 48 too large)

.vector_49      0x9d000820       0x14
 *(.vector_new_49)
 .vector_new_49
                0x9d000820       0x14 cores/core_no_main.a(vector_table.S.o)
                0x9d000820                __vector_49
 *(.vector_49)
                0x00000001                ASSERT (((_vector_spacing == 0x0) || (SIZEOF (.vector_49) <= (_vector_spacing << 0x5))), function at exception vector 49 too large)

.vector_50      0x9d000840       0x14
 *(.vector_new_50)
 .vector_new_50
                0x9d000840       0x14 cores/core_no_main.a(vector_table.S.o)
                0x9d000840                __vector_50
 *(.vector_50)
                0x00000001                ASSERT (((_vector_spacing == 0x0) || (SIZEOF (.vector_50) <= (_vector_spacing << 0x5))), function at exception vector 50 too large)

.vector_51      0x9d000860       0x14
 *(.vector_new_51)
 .vector_new_51
                0x9d000860       0x14 cores/core_no_main.a(vector_table.S.o)
                0x9d000860                __vector_51
 *(.vector_51)
                0x00000001                ASSERT (((_vector_spacing == 0x0) || (SIZEOF (.vector_51) <= (_vector_spacing << 0x5))), function at exception vector 51 too large)

.vector_52      0x9d000880       0x14
 *(.vector_new_52)
 .vector_new_52
                0x9d000880       0x14 cores/core_no_main.a(vector_table.S.o)
                0x9d000880                __vector_52
 *(.vector_52)
                0x00000001                ASSERT (((_vector_spacing == 0x0) || (SIZEOF (.vector_52) <= (_vector_spacing << 0x5))), function at exception vector 52 too large)

.vector_53      0x9d0008a0       0x14
 *(.vector_new_53)
 .vector_new_53
                0x9d0008a0       0x14 cores/core_no_main.a(vector_table.S.o)
                0x9d0008a0                __vector_53
 *(.vector_53)
                0x00000001                ASSERT (((_vector_spacing == 0x0) || (SIZEOF (.vector_53) <= (_vector_spacing << 0x5))), function at exception vector 53 too large)

.vector_54      0x9d0008c0       0x14
 *(.vector_new_54)
 .vector_new_54
                0x9d0008c0       0x14 cores/core_no_main.a(vector_table.S.o)
                0x9d0008c0                __vector_54
 *(.vector_54)
                0x00000001                ASSERT (((_vector_spacing == 0x0) || (SIZEOF (.vector_54) <= (_vector_spacing << 0x5))), function at exception vector 54 too large)

.vector_55      0x9d0008e0       0x14
 *(.vector_new_55)
 .vector_new_55
                0x9d0008e0       0x14 cores/core_no_main.a(vector_table.S.o)
                0x9d0008e0                __vector_55
 *(.vector_55)
                0x00000001                ASSERT (((_vector_spacing == 0x0) || (SIZEOF (.vector_55) <= (_vector_spacing << 0x5))), function at exception vector 55 too large)

.vector_56      0x9d000900       0x14
 *(.vector_new_56)
 .vector_new_56
                0x9d000900       0x14 cores/core_no_main.a(vector_table.S.o)
                0x9d000900                __vector_56
 *(.vector_56)
                0x00000001                ASSERT (((_vector_spacing == 0x0) || (SIZEOF (.vector_56) <= (_vector_spacing << 0x5))), function at exception vector 56 too large)

.vector_57      0x9d000920       0x14
 *(.vector_new_57)
 .vector_new_57
                0x9d000920       0x14 cores/core_no_main.a(vector_table.S.o)
                0x9d000920                __vector_57
 *(.vector_57)
                0x00000001                ASSERT (((_vector_spacing == 0x0) || (SIZEOF (.vector_57) <= (_vector_spacing << 0x5))), function at exception vector 57 too large)

.vector_58      0x9d000940       0x14
 *(.vector_new_58)
 .vector_new_58
                0x9d000940       0x14 cores/core_no_main.a(vector_table.S.o)
                0x9d000940                __vector_58
 *(.vector_58)
                0x00000001                ASSERT (((_vector_spacing == 0x0) || (SIZEOF (.vector_58) <= (_vector_spacing << 0x5))), function at exception vector 58 too large)

.vector_59      0x9d000960       0x14
 *(.vector_new_59)
 .vector_new_59
                0x9d000960       0x14 cores/core_no_main.a(vector_table.S.o)
                0x9d000960                __vector_59
 *(.vector_59)
                0x00000001                ASSERT (((_vector_spacing == 0x0) || (SIZEOF (.vector_59) <= (_vector_spacing << 0x5))), function at exception vector 59 too large)

.vector_60      0x9d000980       0x14
 *(.vector_new_60)
 .vector_new_60
                0x9d000980       0x14 cores/core_no_main.a(vector_table.S.o)
                0x9d000980                __vector_60
 *(.vector_60)
                0x00000001                ASSERT (((_vector_spacing == 0x0) || (SIZEOF (.vector_60) <= (_vector_spacing << 0x5))), function at exception vector 60 too large)

.vector_61      0x9d0009a0       0x14
 *(.vector_new_61)
 .vector_new_61
                0x9d0009a0       0x14 cores/core_no_main.a(vector_table.S.o)
                0x9d0009a0                __vector_61
 *(.vector_61)
                0x00000001                ASSERT (((_vector_spacing == 0x0) || (SIZEOF (.vector_61) <= (_vector_spacing << 0x5))), function at exception vector 61 too large)

.vector_62      0x9d0009c0       0x14
 *(.vector_new_62)
 .vector_new_62
                0x9d0009c0       0x14 cores/core_no_main.a(vector_table.S.o)
                0x9d0009c0                __vector_62
 *(.vector_62)
                0x00000001                ASSERT (((_vector_spacing == 0x0) || (SIZEOF (.vector_62) <= (_vector_spacing << 0x5))), function at exception vector 62 too large)

.vector_63      0x9d0009e0       0x14
 *(.vector_new_63)
 .vector_new_63
                0x9d0009e0       0x14 cores/core_no_main.a(vector_table.S.o)
                0x9d0009e0                __vector_63
 *(.vector_63)
                0x00000001                ASSERT (((_vector_spacing == 0x0) || (SIZEOF (.vector_63) <= (_vector_spacing << 0x5))), function at exception vector 63 too large)

.startup        0x9d001008      0x200
 *(.startup)
 .startup       0x9d001008      0x200 /tmp/cc86yoVA.o

.text           0x9d001208      0x1bc
                0x9d001208                _text_begin = .
 *(.stub .gnu.linkonce.t.*)
 .gnu.linkonce.t._ZN9USBDriver10setManagerEP10USBManager
                0x9d001208        0x8 cores/core_no_main.a(USB.cpp.o)
                0x9d001208                USBDriver::setManager(USBManager*)
 .gnu.linkonce.t._ZN6CDCACM19getReportDescriptorEhhhh
                0x9d001210        0x8 cores/core_no_main.a(USB_CDCACM.cpp.o)
                0x9d001210                CDCACM::getReportDescriptor(unsigned char, unsigned char, unsigned char, unsigned char)
 .gnu.linkonce.t._ZN6CDCACM19getStringDescriptorEht
                0x9d001218        0x8 cores/core_no_main.a(USB_CDCACM.cpp.o)
                0x9d001218                CDCACM::getStringDescriptor(unsigned char, unsigned short)
 .gnu.linkonce.t._ZN5USBFS11isHighSpeedEv
                0x9d001220        0x8 cores/core_no_main.a(USB_FS.cpp.o)
                0x9d001220                USBFS::isHighSpeed()
 .gnu.linkonce.t._ZN5USBFS12haltEndpointEh
                0x9d001228        0x8 cores/core_no_main.a(USB_FS.cpp.o)
                0x9d001228                USBFS::haltEndpoint(unsigned char)
 .gnu.linkonce.t._ZN5USBFS14resumeEndpointEh
                0x9d001230        0x8 cores/core_no_main.a(USB_FS.cpp.o)
                0x9d001230                USBFS::resumeEndpoint(unsigned char)
 .gnu.linkonce.t._ZN5USBFS13_usbInterruptEv
                0x9d001238      0x138 cores/core_no_main.a(USB_FS.cpp.o)
                0x9d001238                USBFS::_usbInterrupt()
 .gnu.linkonce.t._ZNK10__cxxabiv117__class_type_info17__find_public_srcElPKvPKS0_S2_
                0x9d001370       0x54 /home/ishyro/.arduino15/packages/chipKIT/tools/pic32-tools/1.43-pic32gcc/bin/bin/../../lib/gcc/pic32mx/4.8.3/../../../../pic32mx/lib/size/libsupc++.a(vmi_class_type_info.o)
                0x9d001370                __cxxabiv1::__class_type_info::__find_public_src(long, void const*, __cxxabiv1::__class_type_info const*, void const*) const
 *(.text.*personality*)
 *(.mips16.fn.*)
 *(.mips16.call.*)
 *(.gnu.warning)
                0x9d0013c4                . = ALIGN (0x4)

.init           0x9d0013c4       0x30
 *crti.o(.init)
 *crtbegin.o(.init)
 .init          0x9d0013c4        0x8 /home/ishyro/.arduino15/packages/chipKIT/tools/pic32-tools/1.43-pic32gcc/bin/bin/../../lib/gcc/pic32mx/4.8.3/size/crtbegin.o
 *(EXCLUDE_FILE(*crtn.o *crtend?.o *crtend.o) .init)
 .init          0x9d0013cc        0xc /tmp/ccV8lcgl.o
 .init          0x9d0013d8        0x8 /tmp/ccIZmcRI.o
                0x9d0013d8                _init
 *crtend.o(.init)
 .init          0x9d0013e0        0x8 /home/ishyro/.arduino15/packages/chipKIT/tools/pic32-tools/1.43-pic32gcc/bin/bin/../../lib/gcc/pic32mx/4.8.3/size/crtend.o
 *crtn.o(.init)
 .init          0x9d0013e8        0xc /home/ishyro/.arduino15/packages/chipKIT/tools/pic32-tools/1.43-pic32gcc/bin/bin/../../lib/gcc/pic32mx/4.8.3/size/crtn.o
                0x9d0013f4                . = ALIGN (0x4)

.fini           0x9d0013f4       0x28
 *(.fini)
 .fini          0x9d0013f4        0xc /tmp/ccV8lcgl.o
 .fini          0x9d001400        0x8 /tmp/ccIZmcRI.o
                0x9d001400                _fini
 .fini          0x9d001408        0x8 /home/ishyro/.arduino15/packages/chipKIT/tools/pic32-tools/1.43-pic32gcc/bin/bin/../../lib/gcc/pic32mx/4.8.3/size/crtbegin.o
 .fini          0x9d001410        0xc /home/ishyro/.arduino15/packages/chipKIT/tools/pic32-tools/1.43-pic32gcc/bin/bin/../../lib/gcc/pic32mx/4.8.3/size/crtn.o
                0x9d00141c                . = ALIGN (0x4)

.preinit_array  0x9d00141c        0x0
                0x9d00141c                PROVIDE (__preinit_array_start, .)
 *(.preinit_array)
                0x9d00141c                . = ALIGN (0x4)
                0x9d00141c                PROVIDE (__preinit_array_end, .)
 *(.preinit_array)
                0x9d00141c                . = ALIGN (0x4)

.init_array     0x9d00141c        0x0
                0x9d00141c                PROVIDE (__init_array_start, .)
 *(SORT(.init_array.*))
 *(.init_array)
                0x9d00141c                . = ALIGN (0x4)
                0x9d00141c                PROVIDE (__init_array_end, .)

.fini_array     0x9d00141c        0x0
                0x9d00141c                PROVIDE (__fini_array_start, .)
 *(SORT(.fini_array.*))
 *(.fini_array)
                0x9d00141c                . = ALIGN (0x4)
                0x9d00141c                PROVIDE (__fini_array_end, .)

.ctors          0x9d00141c        0xc
 *crtbegin.o(.ctors)
 .ctors         0x9d00141c        0x4 /home/ishyro/.arduino15/packages/chipKIT/tools/pic32-tools/1.43-pic32gcc/bin/bin/../../lib/gcc/pic32mx/4.8.3/size/crtbegin.o
 *crtbegin?.o(.ctors)
 *(EXCLUDE_FILE(*crtend?.o *crtend.o) .ctors)
 .ctors         0x9d001420        0x4 cores/core_no_main.a(USB.cpp.o)
 *(SORT(.ctors.*))
 *(.ctors)
 .ctors         0x9d001424        0x4 /home/ishyro/.arduino15/packages/chipKIT/tools/pic32-tools/1.43-pic32gcc/bin/bin/../../lib/gcc/pic32mx/4.8.3/size/crtend.o
                0x9d001428                . = ALIGN (0x4)

.dtors          0x9d001428        0x8
 *crtbegin.o(.dtors)
 .dtors         0x9d001428        0x4 /home/ishyro/.arduino15/packages/chipKIT/tools/pic32-tools/1.43-pic32gcc/bin/bin/../../lib/gcc/pic32mx/4.8.3/size/crtbegin.o
 *crtbegin?.o(.dtors)
 *(EXCLUDE_FILE(*crtend?.o *crtend.o) .dtors)
 *(SORT(.dtors.*))
 *(.dtors)
 .dtors         0x9d00142c        0x4 /home/ishyro/.arduino15/packages/chipKIT/tools/pic32-tools/1.43-pic32gcc/bin/bin/../../lib/gcc/pic32mx/4.8.3/size/crtend.o
                0x9d00142c                __DTOR_END__
                0x9d001430                . = ALIGN (0x4)

.header_info    0x9d001430       0x4c
                0x9d001430                _image_header_info = .
                0x9d001430        0x4 LONG 0x4c SIZEOF (.header_info)
                0x9d001434        0x4 LONG 0xffffffff
 *(.mpide_version *.mpide_version.*)
 .mpide_version._verMPIDE_Stub
                0x9d001438        0x4 cores/core_no_main.a(wiring.c.o)
                0x9d001438                _verMPIDE_Stub
                0x9d00143c        0x4 LONG 0xffffffff
                0x9d001440        0x4 LONG 0xffffffff
                0x9d001444        0x4 LONG 0x1020001 _IMAGE_TYPE
                0x9d001448        0x4 LONG 0x9d001000 _JUMP_ADDR
                0x9d00144c        0x4 LONG 0x9d000000 _ebase_address
                0x9d001450        0x4 LONG 0x1e000 _IMAGE_FLASH_SIZE
                0x9d001454        0x4 LONG 0x9d01e000 ORIGIN (kseg0_eeprom_mem)
                0x9d001458        0x4 LONG 0x1000
                0x9d00145c        0x4 LONG 0xbfc00bf0 ORIGIN (configsfrs)
                0x9d001460        0x4 LONG 0x10
                0x9d001464        0x4 LONG 0xa0000200 _ram_header_addr
                0x9d001468        0x4 LONG 0x8 SIZEOF (.ram_exchange_data)
                0x9d00146c        0x4 LONG 0xffffffff
                0x9d001470        0x4 LONG 0x9d000214 _original_vector_0
                0x9d001474        0x4 LONG 0x9d000200 _new_vector_0
                0x9d001478        0x4 LONG 0x20 (_vector_spacing << 0x5)
                0x9d00147c                _image_header_info_end = .

.rodata         0x9d00147c      0x1f4
 *(.gnu.linkonce.r.*)
 .gnu.linkonce.r._ZTI6Stream._ZTI6Stream
                0x9d00147c        0xc cores/core_no_main.a(USB_CDCACM.cpp.o)
                0x9d00147c                typeinfo for Stream
 .gnu.linkonce.r._ZTS6Stream._ZTS6Stream
                0x9d001488        0x8 cores/core_no_main.a(USB_CDCACM.cpp.o)
                0x9d001488                typeinfo name for Stream
 .gnu.linkonce.r._ZTI9USBDevice._ZTI9USBDevice
                0x9d001490        0x8 cores/core_no_main.a(USB_CDCACM.cpp.o)
                0x9d001490                typeinfo for USBDevice
 .gnu.linkonce.r._ZTS9USBDevice._ZTS9USBDevice
                0x9d001498        0xc cores/core_no_main.a(USB_CDCACM.cpp.o)
                0x9d001498                typeinfo name for USBDevice
 .gnu.linkonce.r._ZTS6CDCACM._ZTS6CDCACM
                0x9d0014a4        0x8 cores/core_no_main.a(USB_CDCACM.cpp.o)
                0x9d0014a4                typeinfo name for CDCACM
 .gnu.linkonce.r._ZTI6CDCACM._ZTI6CDCACM
                0x9d0014ac       0x20 cores/core_no_main.a(USB_CDCACM.cpp.o)
                0x9d0014ac                typeinfo for CDCACM
 *fill*         0x9d0014cc        0x4 
 .gnu.linkonce.r._ZTV6CDCACM._ZTV6CDCACM
                0x9d0014d0       0x78 cores/core_no_main.a(USB_CDCACM.cpp.o)
                0x9d0014d0                vtable for CDCACM
 .gnu.linkonce.r._ZTI9USBDriver._ZTI9USBDriver
                0x9d001548        0x8 cores/core_no_main.a(USB_FS.cpp.o)
                0x9d001548                typeinfo for USBDriver
 .gnu.linkonce.r._ZTS9USBDriver._ZTS9USBDriver
                0x9d001550        0xc cores/core_no_main.a(USB_FS.cpp.o)
                0x9d001550                typeinfo name for USBDriver
 .gnu.linkonce.r._ZTS5USBFS._ZTS5USBFS
                0x9d00155c        0x8 cores/core_no_main.a(USB_FS.cpp.o)
                0x9d00155c                typeinfo name for USBFS
 .gnu.linkonce.r._ZTI5USBFS._ZTI5USBFS
                0x9d001564        0xc cores/core_no_main.a(USB_FS.cpp.o)
                0x9d001564                typeinfo for USBFS
 .gnu.linkonce.r._ZTV5USBFS._ZTV5USBFS
                0x9d001570       0x40 cores/core_no_main.a(USB_FS.cpp.o)
                0x9d001570                vtable for USBFS
 .gnu.linkonce.r._ZTS5Print._ZTS5Print
                0x9d0015b0        0x8 cores/core_no_main.a(Print.cpp.o)
                0x9d0015b0                typeinfo name for Print
 .gnu.linkonce.r._ZTI5Print._ZTI5Print
                0x9d0015b8        0x8 cores/core_no_main.a(Print.cpp.o)
                0x9d0015b8                typeinfo for Print
 .gnu.linkonce.r._ZTVN10__cxxabiv117__class_type_infoE._ZTVN10__cxxabiv117__class_type_infoE
                0x9d0015c0       0x30 /home/ishyro/.arduino15/packages/chipKIT/tools/pic32-tools/1.43-pic32gcc/bin/bin/../../lib/gcc/pic32mx/4.8.3/../../../../pic32mx/lib/size/libsupc++.a(class_type_info.o)
                0x9d0015c0                vtable for __cxxabiv1::__class_type_info
 .gnu.linkonce.r._ZTVN10__cxxabiv120__si_class_type_infoE._ZTVN10__cxxabiv120__si_class_type_infoE
                0x9d0015f0       0x30 /home/ishyro/.arduino15/packages/chipKIT/tools/pic32-tools/1.43-pic32gcc/bin/bin/../../lib/gcc/pic32mx/4.8.3/../../../../pic32mx/lib/size/libsupc++.a(si_class_type_info.o)
                0x9d0015f0                vtable for __cxxabiv1::__si_class_type_info
 .gnu.linkonce.r._ZTVSt9type_info._ZTVSt9type_info
                0x9d001620       0x20 /home/ishyro/.arduino15/packages/chipKIT/tools/pic32-tools/1.43-pic32gcc/bin/bin/../../lib/gcc/pic32mx/4.8.3/../../../../pic32mx/lib/size/libsupc++.a(tinfo.o)
                0x9d001620                vtable for std::type_info
 .gnu.linkonce.r._ZTVN10__cxxabiv121__vmi_class_type_infoE._ZTVN10__cxxabiv121__vmi_class_type_infoE
                0x9d001640       0x30 /home/ishyro/.arduino15/packages/chipKIT/tools/pic32-tools/1.43-pic32gcc/bin/bin/../../lib/gcc/pic32mx/4.8.3/../../../../pic32mx/lib/size/libsupc++.a(vmi_class_type_info.o)
                0x9d001640                vtable for __cxxabiv1::__vmi_class_type_info
 *(.rodata1)
                0x9d001670                . = ALIGN (0x4)

.romdata        0x9d001670        0x0
 *(.romdata .romdata.*)
                0x9d001670                . = ALIGN (0x4)

.sdata2         0x9d001670        0x0
 *(.sdata2 .sdata2.* .gnu.linkonce.s2.*)
                0x9d001670                . = ALIGN (0x4)

.sbss2          0x9d001670        0x0
 *(.sbss2 .sbss2.* .gnu.linkonce.sb2.*)
                0x9d001670                . = ALIGN (0x4)

.dbg_data       0xa0000000      0x200
                0xa0000000                . = (. + DEFINED (_DEBUGGER)?0x200:0x0)
 *fill*         0xa0000000      0x200 

.ram_exchange_data
                0xa0000200        0x8
                0xa0000200                _ram_header_addr = .
                0xa0000208                . = (. + 0x8)
 *fill*         0xa0000200        0x8 

.persist        0xa0000208        0x0
                0xa0000208                _persist_begin = .
 *(.persist .persist.*)
                0xa0000208                . = ALIGN (0x4)
                0xa0000208                _persist_end = .
                0x00000001                ASSERT ((_persist_end <= (ORIGIN (kseg1_data_mem) + 0x600)), Bootloader does not preserve debug, RAM Header, or persistent data beyond the first 1.5K)
                0xa0000208                _protected_end = ((_IMAGE_TYPE & ((_imageSplitFlashBootloader | _imageProgramFlashBootloader) | _imageBootFlashBootloader)) != 0x0)?(ORIGIN (kseg1_data_mem) + 0x600):.

.protected_bootloader
                0xa0000000        0x0
                0xa0000000                . = (. + ((_IMAGE_TYPE & ((_imageSplitFlashBootloader | _imageProgramFlashBootloader) | _imageBootFlashBootloader)) != 0x0)?(ORIGIN (kseg1_data_mem) + 0x600):0x0)

.data           0xa0000208        0x0
                0xa0000208                _data_begin = .
 *(.gnu.linkonce.d.*)
 *(.gnu.linkonce.d.*personality*)
 *(.data1)
                0xa0000208                . = ALIGN (0x4)
                0xa0000208                _data_image_begin = LOADADDR (.data)
                0xa0000208                . = .
                0xa0008200                _gp = (ALIGN (0x10) + 0x7ff0)

.got
 *(.got.plt)
 *(.got)

.sdata          0xa0000208       0xd8
                0xa0000208                _sdata_begin = .
 *(.sdata .sdata.* .gnu.linkonce.s.*)
 .sdata.gCoreTimerInfo.gCoreTimerInfo
                0xa0000208       0x18 cores/core_no_main.a(wiring.c.o)
                0xa0000208                gCoreTimerInfo
 .sdata._isr_primary_install._isr_primary_install
                0xa0000220       0xb0 cores/core_no_main.a(WSystem.c.o)
                0xa0000220                _isr_primary_install
 .sdata._pwmPeriod._pwmPeriod
                0xa00002d0        0x4 cores/core_no_main.a(wiring_analog.c.o)
 .sdata._pwmResolution._pwmResolution
                0xa00002d4        0x4 cores/core_no_main.a(wiring_analog.c.o)
 .sdata._pwmFrequency._pwmFrequency
                0xa00002d8        0x4 cores/core_no_main.a(wiring_analog.c.o)
 .sdata         0xa00002dc        0x4 /home/ishyro/.arduino15/packages/chipKIT/tools/pic32-tools/1.43-pic32gcc/bin/bin/../../lib/gcc/pic32mx/4.8.3/size/crtbegin.o
                0xa00002dc                __dso_handle
                0xa00002e0                . = ALIGN (0x4)
                0xa00002e0                _sdata_end = .

.lit8           0xa00002e0        0x0
 *(.lit8)
                0xa00002e0                . = ALIGN (0x4)

.lit4
 *(.lit4)
                0xa00002e0                . = ALIGN (0x4)
                0xa00002e0                _data_end = .
                0xa00002e0                _bss_begin = .

.sbss           0xa00002e0      0x478
                0xa00002e0                _sbss_begin = .
 *(.dynsbss)
 *(.sbss .sbss.* .gnu.linkonce.sb.*)
 .sbss._excep_addr._excep_addr
                0xa00002e0        0x4 cores/core_no_main.a(exceptions.c.o)
 .sbss._epc_code._epc_code
                0xa00002e4        0x4 cores/core_no_main.a(exceptions.c.o)
 .sbss._excep_code._excep_code
                0xa00002e8        0x4 cores/core_no_main.a(exceptions.c.o)
 .sbss.tmsLastEvent.tmsLastEvent
                0xa00002ec        0x4 cores/core_no_main.a(task_manager.c.o)
 .sbss.tmsNextEvent.tmsNextEvent
                0xa00002f0        0x4 cores/core_no_main.a(task_manager.c.o)
 .sbss.cntActiveTask.cntActiveTask
                0xa00002f4        0x4 cores/core_no_main.a(task_manager.c.o)
 .sbss.rgtaskTable.rgtaskTable
                0xa00002f8       0xa0 cores/core_no_main.a(task_manager.c.o)
 .sbss.nextInt.9019.nextInt
                0xa0000398        0x4 cores/core_no_main.a(wiring.c.o)
 .sbss.gLastBaseCount.gLastBaseCount
                0xa000039c        0x4 cores/core_no_main.a(wiring.c.o)
 .sbss.ppsGlobalLock.ppsGlobalLock
                0xa00003a0        0x1 cores/core_no_main.a(wiring.c.o)
                0xa00003a0                ppsGlobalLock
 *fill*         0xa00003a1        0x3 
 .sbss.gSoftPWMServoUpdate.gSoftPWMServoUpdate
                0xa00003a4        0x4 cores/core_no_main.a(wiring.c.o)
                0xa00003a4                gSoftPWMServoUpdate
 .sbss.gMicros_calculating.gMicros_calculating
                0xa00003a8        0x4 cores/core_no_main.a(wiring.c.o)
                0xa00003a8                gMicros_calculating
 .sbss.gCore_timer_first_val.gCore_timer_first_val
                0xa00003ac        0x4 cores/core_no_main.a(wiring.c.o)
                0xa00003ac                gCore_timer_first_val
 .sbss.gMicros_overflows.gMicros_overflows
                0xa00003b0        0x4 cores/core_no_main.a(wiring.c.o)
                0xa00003b0                gMicros_overflows
 .sbss.gCore_timer_micros.gCore_timer_micros
                0xa00003b4        0x4 cores/core_no_main.a(wiring.c.o)
                0xa00003b4                gCore_timer_micros
 .sbss.gCore_timer_last_val.gCore_timer_last_val
                0xa00003b8        0x4 cores/core_no_main.a(wiring.c.o)
                0xa00003b8                gCore_timer_last_val
 .sbss.gTimer0_millis.gTimer0_millis
                0xa00003bc        0x4 cores/core_no_main.a(wiring.c.o)
                0xa00003bc                gTimer0_millis
 .sbss.Serial.Serial
                0xa00003c0      0x34c cores/core_no_main.a(USB.cpp.o)
                0xa00003c0                Serial
 .sbss.USB.USB  0xa000070c       0x38 cores/core_no_main.a(USB.cpp.o)
                0xa000070c                USB
 .sbss._ZN5USBFS5_thisE._this
                0xa0000744        0x4 cores/core_no_main.a(USB_FS.cpp.o)
                0xa0000744                USBFS::_this
 .sbss.pwm_active.pwm_active
                0xa0000748        0x2 cores/core_no_main.a(wiring_analog.c.o)
                0xa0000748                pwm_active
 *fill*         0xa000074a        0x2 
 .sbss.analog_reference.analog_reference
                0xa000074c        0x4 cores/core_no_main.a(wiring_analog.c.o)
                0xa000074c                analog_reference
 *(.scommon)
 .scommon       0xa0000750        0x4 cores/core_no_main.a(wiring.c.o)
                0xa0000750                __PIC32_pbClk
 .scommon       0xa0000754        0x1 cores/core_no_main.a(wiring_analog.c.o)
                0xa0000754                _analogRead_channelNumber
                0xa0000758                . = ALIGN (0x4)
 *fill*         0xa0000755        0x3 
                0xa0000758                _sbss_end = .

.bss            0xa0000758        0x0
 *(.dynbss)
 *(.gnu.linkonce.b.*)
 *(COMMON)
                0xa0000758                . = ALIGN (0x4)
                0xa0000758                . = ALIGN (0x4)
                0xa0000758                _end = .
                0xa0000758                _bss_end = .
                0x00008000                _bmxdudba_address = 0x8000
                0x00008000                _bmxdupba_address = 0x8000

.gcc_compiled_long32
 *(.gcc_compiled_long32)

.gcc_compiled_long64
 *(.gcc_compiled_long64)

.stab
 *(.stab)

.stabstr
 *(.stabstr)

.stab.excl
 *(.stab.excl)

.stab.exclstr
 *(.stab.exclstr)

.stab.index
 *(.stab.index)

.stab.indexstr
 *(.stab.indexstr)

.comment        0x00000000       0x86
 *(.comment)
 .comment       0x00000000       0x3b Board_Data.o
                                 0x3c (size before relaxing)
 .comment       0x00000000       0x3c cores/core_no_main.a(exceptions.c.o)
 .comment       0x00000000       0x3c cores/core_no_main.a(task_manager.c.o)
 .comment       0x00000000       0x3c cores/core_no_main.a(wiring.c.o)
 .comment       0x00000000       0x3c cores/core_no_main.a(wiring_digital.c.o)
 .comment       0x00000000       0x3c cores/core_no_main.a(USB.cpp.o)
 .comment       0x00000000       0x3c cores/core_no_main.a(USB_CDCACM.cpp.o)
 .comment       0x00000000       0x3c cores/core_no_main.a(USB_FS.cpp.o)
 .comment       0x00000000       0x3c cores/core_no_main.a(WSystem.c.o)
 .comment       0x00000000       0x3c cores/core_no_main.a(pins_arduino.c.o)
 .comment       0x00000000       0x3c cores/core_no_main.a(wiring_analog.c.o)
 .comment       0x00000000       0x3c cores/core_no_main.a(Print.cpp.o)
 .comment       0x00000000       0x3c cores/core_no_main.a(doprnt.cpp.o)
 .comment       0x00000000       0x3c /home/ishyro/.arduino15/packages/chipKIT/tools/pic32-tools/1.43-pic32gcc/bin/bin/../../lib/gcc/pic32mx/4.8.3/../../../../pic32mx/lib/size/libm.a(lib_a-s_fpclassify.o)
 .comment       0x00000000       0x3c /home/ishyro/.arduino15/packages/chipKIT/tools/pic32-tools/1.43-pic32gcc/bin/bin/../../lib/gcc/pic32mx/4.8.3/../../../../pic32mx/lib/size/libm.a(lib_a-s_modf.o)
 .comment       0x00000000       0x3c /home/ishyro/.arduino15/packages/chipKIT/tools/pic32-tools/1.43-pic32gcc/bin/bin/../../lib/gcc/pic32mx/4.8.3/size/crtbegin.o
 .comment       0x00000000       0x3c /home/ishyro/.arduino15/packages/chipKIT/tools/pic32-tools/1.43-pic32gcc/bin/bin/../../lib/gcc/pic32mx/4.8.3/size/crtend.o
 .comment       0x00000000       0x3c /home/ishyro/.arduino15/packages/chipKIT/tools/pic32-tools/1.43-pic32gcc/bin/bin/../../lib/gcc/pic32mx/4.8.3/size/libgcc.a(adddf3.o)
 .comment       0x00000000       0x3c /home/ishyro/.arduino15/packages/chipKIT/tools/pic32-tools/1.43-pic32gcc/bin/bin/../../lib/gcc/pic32mx/4.8.3/size/libgcc.a(divdf3.o)
 .comment       0x00000000       0x3c /home/ishyro/.arduino15/packages/chipKIT/tools/pic32-tools/1.43-pic32gcc/bin/bin/../../lib/gcc/pic32mx/4.8.3/size/libgcc.a(eqdf2.o)
 .comment       0x00000000       0x3c /home/ishyro/.arduino15/packages/chipKIT/tools/pic32-tools/1.43-pic32gcc/bin/bin/../../lib/gcc/pic32mx/4.8.3/size/libgcc.a(gedf2.o)
 .comment       0x00000000       0x3c /home/ishyro/.arduino15/packages/chipKIT/tools/pic32-tools/1.43-pic32gcc/bin/bin/../../lib/gcc/pic32mx/4.8.3/size/libgcc.a(ledf2.o)
 .comment       0x00000000       0x3c /home/ishyro/.arduino15/packages/chipKIT/tools/pic32-tools/1.43-pic32gcc/bin/bin/../../lib/gcc/pic32mx/4.8.3/size/libgcc.a(muldf3.o)
 .comment       0x00000000       0x3c /home/ishyro/.arduino15/packages/chipKIT/tools/pic32-tools/1.43-pic32gcc/bin/bin/../../lib/gcc/pic32mx/4.8.3/size/libgcc.a(subdf3.o)
 .comment       0x00000000       0x3c /home/ishyro/.arduino15/packages/chipKIT/tools/pic32-tools/1.43-pic32gcc/bin/bin/../../lib/gcc/pic32mx/4.8.3/size/libgcc.a(fixdfsi.o)
 .comment       0x00000000       0x3c /home/ishyro/.arduino15/packages/chipKIT/tools/pic32-tools/1.43-pic32gcc/bin/bin/../../lib/gcc/pic32mx/4.8.3/size/libgcc.a(fixunsdfsi.o)
 .comment       0x00000000       0x3c /home/ishyro/.arduino15/packages/chipKIT/tools/pic32-tools/1.43-pic32gcc/bin/bin/../../lib/gcc/pic32mx/4.8.3/size/libgcc.a(floatsidf.o)
 .comment       0x00000000       0x3c /home/ishyro/.arduino15/packages/chipKIT/tools/pic32-tools/1.43-pic32gcc/bin/bin/../../lib/gcc/pic32mx/4.8.3/size/libgcc.a(floatunsidf.o)
 .comment       0x00000000       0x3c /home/ishyro/.arduino15/packages/chipKIT/tools/pic32-tools/1.43-pic32gcc/bin/bin/../../lib/gcc/pic32mx/4.8.3/../../../../pic32mx/lib/size/libc.a(lib_a-errno.o)
 .comment       0x00000000       0x3c /home/ishyro/.arduino15/packages/chipKIT/tools/pic32-tools/1.43-pic32gcc/bin/bin/../../lib/gcc/pic32mx/4.8.3/../../../../pic32mx/lib/size/libc.a(lib_a-impure.o)
 .comment       0x00000000       0x3c /home/ishyro/.arduino15/packages/chipKIT/tools/pic32-tools/1.43-pic32gcc/bin/bin/../../lib/gcc/pic32mx/4.8.3/../../../../pic32mx/lib/size/libc.a(lib_a-malloc.o)
 .comment       0x00000000       0x3c /home/ishyro/.arduino15/packages/chipKIT/tools/pic32-tools/1.43-pic32gcc/bin/bin/../../lib/gcc/pic32mx/4.8.3/../../../../pic32mx/lib/size/libc.a(lib_a-mallocr.o)
 .comment       0x00000000       0x3c /home/ishyro/.arduino15/packages/chipKIT/tools/pic32-tools/1.43-pic32gcc/bin/bin/../../lib/gcc/pic32mx/4.8.3/../../../../pic32mx/lib/size/libc.a(lib_a-memcpy.o)
 .comment       0x00000000       0x3c /home/ishyro/.arduino15/packages/chipKIT/tools/pic32-tools/1.43-pic32gcc/bin/bin/../../lib/gcc/pic32mx/4.8.3/../../../../pic32mx/lib/size/libc.a(lib_a-mlock.o)
 .comment       0x00000000       0x3c /home/ishyro/.arduino15/packages/chipKIT/tools/pic32-tools/1.43-pic32gcc/bin/bin/../../lib/gcc/pic32mx/4.8.3/../../../../pic32mx/lib/size/libc.a(lib_a-sbrkr.o)
 .comment       0x00000000       0x3c /home/ishyro/.arduino15/packages/chipKIT/tools/pic32-tools/1.43-pic32gcc/bin/bin/../../lib/gcc/pic32mx/4.8.3/../../../../pic32mx/lib/size/libc.a(lib_a-strlen.o)
 .comment       0x00000000       0x3c /home/ishyro/.arduino15/packages/chipKIT/tools/pic32-tools/1.43-pic32gcc/bin/bin/../../lib/gcc/pic32mx/4.8.3/../../../../pic32mx/lib/size/libc.a(lib_a-freer.o)
 .comment       0x00000000       0x3c /home/ishyro/.arduino15/packages/chipKIT/tools/pic32-tools/1.43-pic32gcc/bin/bin/../../lib/gcc/pic32mx/4.8.3/../../../../pic32mx/lib/size/libc.a(lib_a-reent.o)
 .comment       0x00000000       0x3c /home/ishyro/.arduino15/packages/chipKIT/tools/pic32-tools/1.43-pic32gcc/bin/bin/../../lib/gcc/pic32mx/4.8.3/../../../../pic32mx/lib/size/libsupc++.a(class_type_info.o)
 .comment       0x00000000       0x3c /home/ishyro/.arduino15/packages/chipKIT/tools/pic32-tools/1.43-pic32gcc/bin/bin/../../lib/gcc/pic32mx/4.8.3/../../../../pic32mx/lib/size/libsupc++.a(del_op.o)
 .comment       0x00000000       0x3c /home/ishyro/.arduino15/packages/chipKIT/tools/pic32-tools/1.43-pic32gcc/bin/bin/../../lib/gcc/pic32mx/4.8.3/../../../../pic32mx/lib/size/libsupc++.a(si_class_type_info.o)
 .comment       0x00000000       0x3c /home/ishyro/.arduino15/packages/chipKIT/tools/pic32-tools/1.43-pic32gcc/bin/bin/../../lib/gcc/pic32mx/4.8.3/../../../../pic32mx/lib/size/libsupc++.a(tinfo.o)
 .comment       0x00000000       0x3c /home/ishyro/.arduino15/packages/chipKIT/tools/pic32-tools/1.43-pic32gcc/bin/bin/../../lib/gcc/pic32mx/4.8.3/../../../../pic32mx/lib/size/libsupc++.a(vmi_class_type_info.o)
 .comment       0x00000000       0x3c /home/ishyro/.arduino15/packages/chipKIT/tools/pic32-tools/1.43-pic32gcc/bin/bin/../../lib/gcc/pic32mx/4.8.3/../../../../pic32mx/lib/size/libsupc++.a(pure.o)
 .comment       0x00000000       0x3c /home/ishyro/.arduino15/packages/chipKIT/tools/pic32-tools/1.43-pic32gcc/bin/bin/../../lib/gcc/pic32mx/4.8.3/../../../../pic32mx/lib/size/libsupc++.a(eh_terminate.o)
 .comment       0x00000000       0x3c /home/ishyro/.arduino15/packages/chipKIT/tools/pic32-tools/1.43-pic32gcc/bin/bin/../../lib/gcc/pic32mx/4.8.3/../../../../pic32mx/lib/size/libsupc++.a(eh_unex_handler.o)
 .comment       0x00000000       0x3c /home/ishyro/.arduino15/packages/chipKIT/tools/pic32-tools/1.43-pic32gcc/bin/bin/../../lib/gcc/pic32mx/4.8.3/../../../../pic32mx/lib/size/libsupc++.a(eh_term_handler.o)
 .comment       0x0000003b       0x4b /home/ishyro/.arduino15/packages/chipKIT/tools/pic32-tools/1.43-pic32gcc/bin/bin/../../lib/gcc/pic32mx/4.8.3/../../../../pic32mx/lib/size/libpic32.a(sbrk.o)
                                 0x87 (size before relaxing)
 .comment       0x00000000       0x3c /home/ishyro/.arduino15/packages/chipKIT/tools/pic32-tools/1.43-pic32gcc/bin/bin/../../lib/gcc/pic32mx/4.8.3/../../../../pic32mx/lib/size/libpic32.a(default-bootstrap-exception-handler.o)
 .comment       0x00000000       0x3c /home/ishyro/.arduino15/packages/chipKIT/tools/pic32-tools/1.43-pic32gcc/bin/bin/../../lib/gcc/pic32mx/4.8.3/../../../../pic32mx/lib/size/libpic32.a(default-on-reset.o)
 .comment       0x00000000       0x3c /home/ishyro/.arduino15/packages/chipKIT/tools/pic32-tools/1.43-pic32gcc/bin/bin/../../lib/gcc/pic32mx/4.8.3/../../../../pic32mx/lib/size/libpic32.a(default-on-bootstrap.o)
 .comment       0x00000000       0x3c /home/ishyro/.arduino15/packages/chipKIT/tools/pic32-tools/1.43-pic32gcc/bin/bin/../../lib/gcc/pic32mx/4.8.3/../../../../pic32mx/lib/size/libc.a(lib_a-abort.o)
 .comment       0x00000000       0x3c /home/ishyro/.arduino15/packages/chipKIT/tools/pic32-tools/1.43-pic32gcc/bin/bin/../../lib/gcc/pic32mx/4.8.3/../../../../pic32mx/lib/size/libc.a(lib_a-memset.o)
 .comment       0x00000000       0x3c /home/ishyro/.arduino15/packages/chipKIT/tools/pic32-tools/1.43-pic32gcc/bin/bin/../../lib/gcc/pic32mx/4.8.3/../../../../pic32mx/lib/size/libc.a(lib_a-signal.o)
 .comment       0x00000000       0x3c /home/ishyro/.arduino15/packages/chipKIT/tools/pic32-tools/1.43-pic32gcc/bin/bin/../../lib/gcc/pic32mx/4.8.3/../../../../pic32mx/lib/size/libc.a(lib_a-signalr.o)
 .comment       0x00000000       0x3c /home/ishyro/.arduino15/packages/chipKIT/tools/pic32-tools/1.43-pic32gcc/bin/bin/../../lib/gcc/pic32mx/4.8.3/../../../../pic32mx/lib/size/libc.a(lib_a-strcmp.o)
 .comment       0x00000000       0x3c /home/ishyro/.arduino15/packages/chipKIT/tools/pic32-tools/1.43-pic32gcc/bin/bin/../../lib/gcc/pic32mx/4.8.3/../../../../pic32mx/lib/size/libpic32.a(_exit.o)
 .comment       0x00000000       0x3c /home/ishyro/.arduino15/packages/chipKIT/tools/pic32-tools/1.43-pic32gcc/bin/bin/../../lib/gcc/pic32mx/4.8.3/../../../../pic32mx/lib/size/libpic32.a(kill.o)
 .comment       0x00000000       0x3c /home/ishyro/.arduino15/packages/chipKIT/tools/pic32-tools/1.43-pic32gcc/bin/bin/../../lib/gcc/pic32mx/4.8.3/../../../../pic32mx/lib/size/libpic32.a(getpid.o)

.debug
 *(.debug)

.line
 *(.line)

.debug_srcinfo
 *(.debug_srcinfo)

.debug_sfnames
 *(.debug_sfnames)

.debug_aranges  0x00000000      0xb80
 *(.debug_aranges)
 .debug_aranges
                0x00000000       0x18 Board_Data.o
 .debug_aranges
                0x00000018       0x28 cores/core_no_main.a(exceptions.c.o)
 .debug_aranges
                0x00000040       0x88 cores/core_no_main.a(task_manager.c.o)
 .debug_aranges
                0x000000c8      0x218 cores/core_no_main.a(vector_table.S.o)
 .debug_aranges
                0x000002e0       0x88 cores/core_no_main.a(wiring.c.o)
 .debug_aranges
                0x00000368       0x38 cores/core_no_main.a(wiring_digital.c.o)
 .debug_aranges
                0x000003a0       0x90 cores/core_no_main.a(USB.cpp.o)
 .debug_aranges
                0x00000430       0xf0 cores/core_no_main.a(USB_CDCACM.cpp.o)
 .debug_aranges
                0x00000520       0x98 cores/core_no_main.a(USB_FS.cpp.o)
 .debug_aranges
                0x000005b8       0xc8 cores/core_no_main.a(WSystem.c.o)
 .debug_aranges
                0x00000680       0x20 cores/core_no_main.a(pins_arduino.c.o)
 .debug_aranges
                0x000006a0       0x68 cores/core_no_main.a(wiring_analog.c.o)
 .debug_aranges
                0x00000708       0xf8 cores/core_no_main.a(Print.cpp.o)
 .debug_aranges
                0x00000800       0x28 cores/core_no_main.a(doprnt.cpp.o)
 .debug_aranges
                0x00000828       0x20 /home/ishyro/.arduino15/packages/chipKIT/tools/pic32-tools/1.43-pic32gcc/bin/bin/../../lib/gcc/pic32mx/4.8.3/size/libgcc.a(adddf3.o)
 .debug_aranges
                0x00000848       0x20 /home/ishyro/.arduino15/packages/chipKIT/tools/pic32-tools/1.43-pic32gcc/bin/bin/../../lib/gcc/pic32mx/4.8.3/size/libgcc.a(divdf3.o)
 .debug_aranges
                0x00000868       0x20 /home/ishyro/.arduino15/packages/chipKIT/tools/pic32-tools/1.43-pic32gcc/bin/bin/../../lib/gcc/pic32mx/4.8.3/size/libgcc.a(eqdf2.o)
 .debug_aranges
                0x00000888       0x20 /home/ishyro/.arduino15/packages/chipKIT/tools/pic32-tools/1.43-pic32gcc/bin/bin/../../lib/gcc/pic32mx/4.8.3/size/libgcc.a(gedf2.o)
 .debug_aranges
                0x000008a8       0x20 /home/ishyro/.arduino15/packages/chipKIT/tools/pic32-tools/1.43-pic32gcc/bin/bin/../../lib/gcc/pic32mx/4.8.3/size/libgcc.a(ledf2.o)
 .debug_aranges
                0x000008c8       0x20 /home/ishyro/.arduino15/packages/chipKIT/tools/pic32-tools/1.43-pic32gcc/bin/bin/../../lib/gcc/pic32mx/4.8.3/size/libgcc.a(muldf3.o)
 .debug_aranges
                0x000008e8       0x20 /home/ishyro/.arduino15/packages/chipKIT/tools/pic32-tools/1.43-pic32gcc/bin/bin/../../lib/gcc/pic32mx/4.8.3/size/libgcc.a(subdf3.o)
 .debug_aranges
                0x00000908       0x20 /home/ishyro/.arduino15/packages/chipKIT/tools/pic32-tools/1.43-pic32gcc/bin/bin/../../lib/gcc/pic32mx/4.8.3/size/libgcc.a(fixdfsi.o)
 .debug_aranges
                0x00000928       0x20 /home/ishyro/.arduino15/packages/chipKIT/tools/pic32-tools/1.43-pic32gcc/bin/bin/../../lib/gcc/pic32mx/4.8.3/size/libgcc.a(fixunsdfsi.o)
 .debug_aranges
                0x00000948       0x20 /home/ishyro/.arduino15/packages/chipKIT/tools/pic32-tools/1.43-pic32gcc/bin/bin/../../lib/gcc/pic32mx/4.8.3/size/libgcc.a(floatsidf.o)
 .debug_aranges
                0x00000968       0x20 /home/ishyro/.arduino15/packages/chipKIT/tools/pic32-tools/1.43-pic32gcc/bin/bin/../../lib/gcc/pic32mx/4.8.3/size/libgcc.a(floatunsidf.o)
 .debug_aranges
                0x00000988       0x58 /home/ishyro/.arduino15/packages/chipKIT/tools/pic32-tools/1.43-pic32gcc/bin/bin/../../lib/gcc/pic32mx/4.8.3/../../../../pic32mx/lib/size/libsupc++.a(class_type_info.o)
 .debug_aranges
                0x000009e0       0x20 /home/ishyro/.arduino15/packages/chipKIT/tools/pic32-tools/1.43-pic32gcc/bin/bin/../../lib/gcc/pic32mx/4.8.3/../../../../pic32mx/lib/size/libsupc++.a(del_op.o)
 .debug_aranges
                0x00000a00       0x48 /home/ishyro/.arduino15/packages/chipKIT/tools/pic32-tools/1.43-pic32gcc/bin/bin/../../lib/gcc/pic32mx/4.8.3/../../../../pic32mx/lib/size/libsupc++.a(si_class_type_info.o)
 .debug_aranges
                0x00000a48       0x48 /home/ishyro/.arduino15/packages/chipKIT/tools/pic32-tools/1.43-pic32gcc/bin/bin/../../lib/gcc/pic32mx/4.8.3/../../../../pic32mx/lib/size/libsupc++.a(tinfo.o)
 .debug_aranges
                0x00000a90       0x50 /home/ishyro/.arduino15/packages/chipKIT/tools/pic32-tools/1.43-pic32gcc/bin/bin/../../lib/gcc/pic32mx/4.8.3/../../../../pic32mx/lib/size/libsupc++.a(vmi_class_type_info.o)
 .debug_aranges
                0x00000ae0       0x28 /home/ishyro/.arduino15/packages/chipKIT/tools/pic32-tools/1.43-pic32gcc/bin/bin/../../lib/gcc/pic32mx/4.8.3/../../../../pic32mx/lib/size/libsupc++.a(pure.o)
 .debug_aranges
                0x00000b08       0x48 /home/ishyro/.arduino15/packages/chipKIT/tools/pic32-tools/1.43-pic32gcc/bin/bin/../../lib/gcc/pic32mx/4.8.3/../../../../pic32mx/lib/size/libsupc++.a(eh_terminate.o)
 .debug_aranges
                0x00000b50       0x18 /home/ishyro/.arduino15/packages/chipKIT/tools/pic32-tools/1.43-pic32gcc/bin/bin/../../lib/gcc/pic32mx/4.8.3/../../../../pic32mx/lib/size/libsupc++.a(eh_unex_handler.o)
 .debug_aranges
                0x00000b68       0x18 /home/ishyro/.arduino15/packages/chipKIT/tools/pic32-tools/1.43-pic32gcc/bin/bin/../../lib/gcc/pic32mx/4.8.3/../../../../pic32mx/lib/size/libsupc++.a(eh_term_handler.o)

.debug_pubnames
 *(.debug_pubnames)

.debug_info     0x00000000    0x20e8b
 *(.debug_info .gnu.linkonce.wi.*)
 .debug_info    0x00000000      0x133 Board_Data.o
 .debug_info    0x00000133      0x2ff cores/core_no_main.a(exceptions.c.o)
 .debug_info    0x00000432      0x84f cores/core_no_main.a(task_manager.c.o)
 .debug_info    0x00000c81       0xa7 cores/core_no_main.a(vector_table.S.o)
 .debug_info    0x00000d28     0x1b0c cores/core_no_main.a(wiring.c.o)
 .debug_info    0x00002834      0xe1b cores/core_no_main.a(wiring_digital.c.o)
 .debug_info    0x0000364f     0x410a cores/core_no_main.a(USB.cpp.o)
 .debug_info    0x00007759     0x49de cores/core_no_main.a(USB_CDCACM.cpp.o)
 .debug_info    0x0000c137     0x3841 cores/core_no_main.a(USB_FS.cpp.o)
 .debug_info    0x0000f978     0x1074 cores/core_no_main.a(WSystem.c.o)
 .debug_info    0x000109ec      0x74c cores/core_no_main.a(pins_arduino.c.o)
 .debug_info    0x00011138     0x11c1 cores/core_no_main.a(wiring_analog.c.o)
 .debug_info    0x000122f9     0x343e cores/core_no_main.a(Print.cpp.o)
 .debug_info    0x00015737      0xebb cores/core_no_main.a(doprnt.cpp.o)
 .debug_info    0x000165f2      0x626 /home/ishyro/.arduino15/packages/chipKIT/tools/pic32-tools/1.43-pic32gcc/bin/bin/../../lib/gcc/pic32mx/4.8.3/size/libgcc.a(adddf3.o)
 .debug_info    0x00016c18      0x697 /home/ishyro/.arduino15/packages/chipKIT/tools/pic32-tools/1.43-pic32gcc/bin/bin/../../lib/gcc/pic32mx/4.8.3/size/libgcc.a(divdf3.o)
 .debug_info    0x000172af      0x331 /home/ishyro/.arduino15/packages/chipKIT/tools/pic32-tools/1.43-pic32gcc/bin/bin/../../lib/gcc/pic32mx/4.8.3/size/libgcc.a(eqdf2.o)
 .debug_info    0x000175e0      0x375 /home/ishyro/.arduino15/packages/chipKIT/tools/pic32-tools/1.43-pic32gcc/bin/bin/../../lib/gcc/pic32mx/4.8.3/size/libgcc.a(gedf2.o)
 .debug_info    0x00017955      0x36d /home/ishyro/.arduino15/packages/chipKIT/tools/pic32-tools/1.43-pic32gcc/bin/bin/../../lib/gcc/pic32mx/4.8.3/size/libgcc.a(ledf2.o)
 .debug_info    0x00017cc2      0x5ff /home/ishyro/.arduino15/packages/chipKIT/tools/pic32-tools/1.43-pic32gcc/bin/bin/../../lib/gcc/pic32mx/4.8.3/size/libgcc.a(muldf3.o)
 .debug_info    0x000182c1      0x62a /home/ishyro/.arduino15/packages/chipKIT/tools/pic32-tools/1.43-pic32gcc/bin/bin/../../lib/gcc/pic32mx/4.8.3/size/libgcc.a(subdf3.o)
 .debug_info    0x000188eb      0x2fe /home/ishyro/.arduino15/packages/chipKIT/tools/pic32-tools/1.43-pic32gcc/bin/bin/../../lib/gcc/pic32mx/4.8.3/size/libgcc.a(fixdfsi.o)
 .debug_info    0x00018be9      0x2f2 /home/ishyro/.arduino15/packages/chipKIT/tools/pic32-tools/1.43-pic32gcc/bin/bin/../../lib/gcc/pic32mx/4.8.3/size/libgcc.a(fixunsdfsi.o)
 .debug_info    0x00018edb      0x320 /home/ishyro/.arduino15/packages/chipKIT/tools/pic32-tools/1.43-pic32gcc/bin/bin/../../lib/gcc/pic32mx/4.8.3/size/libgcc.a(floatsidf.o)
 .debug_info    0x000191fb      0x17b /home/ishyro/.arduino15/packages/chipKIT/tools/pic32-tools/1.43-pic32gcc/bin/bin/../../lib/gcc/pic32mx/4.8.3/size/libgcc.a(floatunsidf.o)
 .debug_info    0x00019376     0x13c1 /home/ishyro/.arduino15/packages/chipKIT/tools/pic32-tools/1.43-pic32gcc/bin/bin/../../lib/gcc/pic32mx/4.8.3/../../../../pic32mx/lib/size/libsupc++.a(class_type_info.o)
 .debug_info    0x0001a737      0x578 /home/ishyro/.arduino15/packages/chipKIT/tools/pic32-tools/1.43-pic32gcc/bin/bin/../../lib/gcc/pic32mx/4.8.3/../../../../pic32mx/lib/size/libsupc++.a(del_op.o)
 .debug_info    0x0001acaf     0x10e9 /home/ishyro/.arduino15/packages/chipKIT/tools/pic32-tools/1.43-pic32gcc/bin/bin/../../lib/gcc/pic32mx/4.8.3/../../../../pic32mx/lib/size/libsupc++.a(si_class_type_info.o)
 .debug_info    0x0001bd98      0xbf3 /home/ishyro/.arduino15/packages/chipKIT/tools/pic32-tools/1.43-pic32gcc/bin/bin/../../lib/gcc/pic32mx/4.8.3/../../../../pic32mx/lib/size/libsupc++.a(tinfo.o)
 .debug_info    0x0001c98b     0x1ca4 /home/ishyro/.arduino15/packages/chipKIT/tools/pic32-tools/1.43-pic32gcc/bin/bin/../../lib/gcc/pic32mx/4.8.3/../../../../pic32mx/lib/size/libsupc++.a(vmi_class_type_info.o)
 .debug_info    0x0001e62f      0x97d /home/ishyro/.arduino15/packages/chipKIT/tools/pic32-tools/1.43-pic32gcc/bin/bin/../../lib/gcc/pic32mx/4.8.3/../../../../pic32mx/lib/size/libsupc++.a(pure.o)
 .debug_info    0x0001efac      0xc24 /home/ishyro/.arduino15/packages/chipKIT/tools/pic32-tools/1.43-pic32gcc/bin/bin/../../lib/gcc/pic32mx/4.8.3/../../../../pic32mx/lib/size/libsupc++.a(eh_terminate.o)
 .debug_info    0x0001fbd0      0x95f /home/ishyro/.arduino15/packages/chipKIT/tools/pic32-tools/1.43-pic32gcc/bin/bin/../../lib/gcc/pic32mx/4.8.3/../../../../pic32mx/lib/size/libsupc++.a(eh_unex_handler.o)
 .debug_info    0x0002052f      0x95c /home/ishyro/.arduino15/packages/chipKIT/tools/pic32-tools/1.43-pic32gcc/bin/bin/../../lib/gcc/pic32mx/4.8.3/../../../../pic32mx/lib/size/libsupc++.a(eh_term_handler.o)

.debug_abbrev   0x00000000     0x52f5
 *(.debug_abbrev)
 .debug_abbrev  0x00000000       0x1b Board_Data.o
 .debug_abbrev  0x0000001b       0x85 cores/core_no_main.a(exceptions.c.o)
 .debug_abbrev  0x000000a0      0x209 cores/core_no_main.a(task_manager.c.o)
 .debug_abbrev  0x000002a9       0x12 cores/core_no_main.a(vector_table.S.o)
 .debug_abbrev  0x000002bb      0x3f4 cores/core_no_main.a(wiring.c.o)
 .debug_abbrev  0x000006af      0x20e cores/core_no_main.a(wiring_digital.c.o)
 .debug_abbrev  0x000008bd      0x75c cores/core_no_main.a(USB.cpp.o)
 .debug_abbrev  0x00001019      0x778 cores/core_no_main.a(USB_CDCACM.cpp.o)
 .debug_abbrev  0x00001791      0x5eb cores/core_no_main.a(USB_FS.cpp.o)
 .debug_abbrev  0x00001d7c      0x2f8 cores/core_no_main.a(WSystem.c.o)
 .debug_abbrev  0x00002074       0xbc cores/core_no_main.a(pins_arduino.c.o)
 .debug_abbrev  0x00002130      0x36d cores/core_no_main.a(wiring_analog.c.o)
 .debug_abbrev  0x0000249d      0x4bf cores/core_no_main.a(Print.cpp.o)
 .debug_abbrev  0x0000295c      0x2a1 cores/core_no_main.a(doprnt.cpp.o)
 .debug_abbrev  0x00002bfd       0xe2 /home/ishyro/.arduino15/packages/chipKIT/tools/pic32-tools/1.43-pic32gcc/bin/bin/../../lib/gcc/pic32mx/4.8.3/size/libgcc.a(adddf3.o)
 .debug_abbrev  0x00002cdf       0xce /home/ishyro/.arduino15/packages/chipKIT/tools/pic32-tools/1.43-pic32gcc/bin/bin/../../lib/gcc/pic32mx/4.8.3/size/libgcc.a(divdf3.o)
 .debug_abbrev  0x00002dad       0xf2 /home/ishyro/.arduino15/packages/chipKIT/tools/pic32-tools/1.43-pic32gcc/bin/bin/../../lib/gcc/pic32mx/4.8.3/size/libgcc.a(eqdf2.o)
 .debug_abbrev  0x00002e9f       0xf0 /home/ishyro/.arduino15/packages/chipKIT/tools/pic32-tools/1.43-pic32gcc/bin/bin/../../lib/gcc/pic32mx/4.8.3/size/libgcc.a(gedf2.o)
 .debug_abbrev  0x00002f8f       0xf0 /home/ishyro/.arduino15/packages/chipKIT/tools/pic32-tools/1.43-pic32gcc/bin/bin/../../lib/gcc/pic32mx/4.8.3/size/libgcc.a(ledf2.o)
 .debug_abbrev  0x0000307f       0xe7 /home/ishyro/.arduino15/packages/chipKIT/tools/pic32-tools/1.43-pic32gcc/bin/bin/../../lib/gcc/pic32mx/4.8.3/size/libgcc.a(muldf3.o)
 .debug_abbrev  0x00003166       0xe2 /home/ishyro/.arduino15/packages/chipKIT/tools/pic32-tools/1.43-pic32gcc/bin/bin/../../lib/gcc/pic32mx/4.8.3/size/libgcc.a(subdf3.o)
 .debug_abbrev  0x00003248       0xd4 /home/ishyro/.arduino15/packages/chipKIT/tools/pic32-tools/1.43-pic32gcc/bin/bin/../../lib/gcc/pic32mx/4.8.3/size/libgcc.a(fixdfsi.o)
 .debug_abbrev  0x0000331c       0xd4 /home/ishyro/.arduino15/packages/chipKIT/tools/pic32-tools/1.43-pic32gcc/bin/bin/../../lib/gcc/pic32mx/4.8.3/size/libgcc.a(fixunsdfsi.o)
 .debug_abbrev  0x000033f0       0xdd /home/ishyro/.arduino15/packages/chipKIT/tools/pic32-tools/1.43-pic32gcc/bin/bin/../../lib/gcc/pic32mx/4.8.3/size/libgcc.a(floatsidf.o)
 .debug_abbrev  0x000034cd       0x64 /home/ishyro/.arduino15/packages/chipKIT/tools/pic32-tools/1.43-pic32gcc/bin/bin/../../lib/gcc/pic32mx/4.8.3/size/libgcc.a(floatunsidf.o)
 .debug_abbrev  0x00003531      0x52c /home/ishyro/.arduino15/packages/chipKIT/tools/pic32-tools/1.43-pic32gcc/bin/bin/../../lib/gcc/pic32mx/4.8.3/../../../../pic32mx/lib/size/libsupc++.a(class_type_info.o)
 .debug_abbrev  0x00003a5d      0x1bf /home/ishyro/.arduino15/packages/chipKIT/tools/pic32-tools/1.43-pic32gcc/bin/bin/../../lib/gcc/pic32mx/4.8.3/../../../../pic32mx/lib/size/libsupc++.a(del_op.o)
 .debug_abbrev  0x00003c1c      0x49a /home/ishyro/.arduino15/packages/chipKIT/tools/pic32-tools/1.43-pic32gcc/bin/bin/../../lib/gcc/pic32mx/4.8.3/../../../../pic32mx/lib/size/libsupc++.a(si_class_type_info.o)
 .debug_abbrev  0x000040b6      0x348 /home/ishyro/.arduino15/packages/chipKIT/tools/pic32-tools/1.43-pic32gcc/bin/bin/../../lib/gcc/pic32mx/4.8.3/../../../../pic32mx/lib/size/libsupc++.a(tinfo.o)
 .debug_abbrev  0x000043fe      0x575 /home/ishyro/.arduino15/packages/chipKIT/tools/pic32-tools/1.43-pic32gcc/bin/bin/../../lib/gcc/pic32mx/4.8.3/../../../../pic32mx/lib/size/libsupc++.a(vmi_class_type_info.o)
 .debug_abbrev  0x00004973      0x252 /home/ishyro/.arduino15/packages/chipKIT/tools/pic32-tools/1.43-pic32gcc/bin/bin/../../lib/gcc/pic32mx/4.8.3/../../../../pic32mx/lib/size/libsupc++.a(pure.o)
 .debug_abbrev  0x00004bc5      0x2e2 /home/ishyro/.arduino15/packages/chipKIT/tools/pic32-tools/1.43-pic32gcc/bin/bin/../../lib/gcc/pic32mx/4.8.3/../../../../pic32mx/lib/size/libsupc++.a(eh_terminate.o)
 .debug_abbrev  0x00004ea7      0x227 /home/ishyro/.arduino15/packages/chipKIT/tools/pic32-tools/1.43-pic32gcc/bin/bin/../../lib/gcc/pic32mx/4.8.3/../../../../pic32mx/lib/size/libsupc++.a(eh_unex_handler.o)
 .debug_abbrev  0x000050ce      0x227 /home/ishyro/.arduino15/packages/chipKIT/tools/pic32-tools/1.43-pic32gcc/bin/bin/../../lib/gcc/pic32mx/4.8.3/../../../../pic32mx/lib/size/libsupc++.a(eh_term_handler.o)

.debug_line     0x00000000     0x5422
 *(.debug_line)
 .debug_line    0x00000000       0x1d Board_Data.o
 .debug_line    0x0000001d      0x103 cores/core_no_main.a(exceptions.c.o)
 .debug_line    0x00000120      0x314 cores/core_no_main.a(task_manager.c.o)
 .debug_line    0x00000434      0x479 cores/core_no_main.a(vector_table.S.o)
 .debug_line    0x000008ad      0x489 cores/core_no_main.a(wiring.c.o)
 .debug_line    0x00000d36      0x32e cores/core_no_main.a(wiring_digital.c.o)
 .debug_line    0x00001064      0x437 cores/core_no_main.a(USB.cpp.o)
 .debug_line    0x0000149b      0x5b2 cores/core_no_main.a(USB_CDCACM.cpp.o)
 .debug_line    0x00001a4d      0x568 cores/core_no_main.a(USB_FS.cpp.o)
 .debug_line    0x00001fb5      0x3fb cores/core_no_main.a(WSystem.c.o)
 .debug_line    0x000023b0      0x23b cores/core_no_main.a(pins_arduino.c.o)
 .debug_line    0x000025eb      0x367 cores/core_no_main.a(wiring_analog.c.o)
 .debug_line    0x00002952      0x521 cores/core_no_main.a(Print.cpp.o)
 .debug_line    0x00002e73      0x5fb cores/core_no_main.a(doprnt.cpp.o)
 .debug_line    0x0000346e       0xd6 /home/ishyro/.arduino15/packages/chipKIT/tools/pic32-tools/1.43-pic32gcc/bin/bin/../../lib/gcc/pic32mx/4.8.3/size/libgcc.a(adddf3.o)
 .debug_line    0x00003544       0xce /home/ishyro/.arduino15/packages/chipKIT/tools/pic32-tools/1.43-pic32gcc/bin/bin/../../lib/gcc/pic32mx/4.8.3/size/libgcc.a(divdf3.o)
 .debug_line    0x00003612      0x11a /home/ishyro/.arduino15/packages/chipKIT/tools/pic32-tools/1.43-pic32gcc/bin/bin/../../lib/gcc/pic32mx/4.8.3/size/libgcc.a(eqdf2.o)
 .debug_line    0x0000372c      0x11b /home/ishyro/.arduino15/packages/chipKIT/tools/pic32-tools/1.43-pic32gcc/bin/bin/../../lib/gcc/pic32mx/4.8.3/size/libgcc.a(gedf2.o)
 .debug_line    0x00003847      0x11b /home/ishyro/.arduino15/packages/chipKIT/tools/pic32-tools/1.43-pic32gcc/bin/bin/../../lib/gcc/pic32mx/4.8.3/size/libgcc.a(ledf2.o)
 .debug_line    0x00003962       0xc7 /home/ishyro/.arduino15/packages/chipKIT/tools/pic32-tools/1.43-pic32gcc/bin/bin/../../lib/gcc/pic32mx/4.8.3/size/libgcc.a(muldf3.o)
 .debug_line    0x00003a29       0xd2 /home/ishyro/.arduino15/packages/chipKIT/tools/pic32-tools/1.43-pic32gcc/bin/bin/../../lib/gcc/pic32mx/4.8.3/size/libgcc.a(subdf3.o)
 .debug_line    0x00003afb       0xb5 /home/ishyro/.arduino15/packages/chipKIT/tools/pic32-tools/1.43-pic32gcc/bin/bin/../../lib/gcc/pic32mx/4.8.3/size/libgcc.a(fixdfsi.o)
 .debug_line    0x00003bb0       0xb8 /home/ishyro/.arduino15/packages/chipKIT/tools/pic32-tools/1.43-pic32gcc/bin/bin/../../lib/gcc/pic32mx/4.8.3/size/libgcc.a(fixunsdfsi.o)
 .debug_line    0x00003c68       0xb7 /home/ishyro/.arduino15/packages/chipKIT/tools/pic32-tools/1.43-pic32gcc/bin/bin/../../lib/gcc/pic32mx/4.8.3/size/libgcc.a(floatsidf.o)
 .debug_line    0x00003d1f       0x96 /home/ishyro/.arduino15/packages/chipKIT/tools/pic32-tools/1.43-pic32gcc/bin/bin/../../lib/gcc/pic32mx/4.8.3/size/libgcc.a(floatunsidf.o)
 .debug_line    0x00003db5      0x290 /home/ishyro/.arduino15/packages/chipKIT/tools/pic32-tools/1.43-pic32gcc/bin/bin/../../lib/gcc/pic32mx/4.8.3/../../../../pic32mx/lib/size/libsupc++.a(class_type_info.o)
 .debug_line    0x00004045      0x14c /home/ishyro/.arduino15/packages/chipKIT/tools/pic32-tools/1.43-pic32gcc/bin/bin/../../lib/gcc/pic32mx/4.8.3/../../../../pic32mx/lib/size/libsupc++.a(del_op.o)
 .debug_line    0x00004191      0x265 /home/ishyro/.arduino15/packages/chipKIT/tools/pic32-tools/1.43-pic32gcc/bin/bin/../../lib/gcc/pic32mx/4.8.3/../../../../pic32mx/lib/size/libsupc++.a(si_class_type_info.o)
 .debug_line    0x000043f6      0x1d9 /home/ishyro/.arduino15/packages/chipKIT/tools/pic32-tools/1.43-pic32gcc/bin/bin/../../lib/gcc/pic32mx/4.8.3/../../../../pic32mx/lib/size/libsupc++.a(tinfo.o)
 .debug_line    0x000045cf      0x417 /home/ishyro/.arduino15/packages/chipKIT/tools/pic32-tools/1.43-pic32gcc/bin/bin/../../lib/gcc/pic32mx/4.8.3/../../../../pic32mx/lib/size/libsupc++.a(vmi_class_type_info.o)
 .debug_line    0x000049e6      0x268 /home/ishyro/.arduino15/packages/chipKIT/tools/pic32-tools/1.43-pic32gcc/bin/bin/../../lib/gcc/pic32mx/4.8.3/../../../../pic32mx/lib/size/libsupc++.a(pure.o)
 .debug_line    0x00004c4e      0x32e /home/ishyro/.arduino15/packages/chipKIT/tools/pic32-tools/1.43-pic32gcc/bin/bin/../../lib/gcc/pic32mx/4.8.3/../../../../pic32mx/lib/size/libsupc++.a(eh_terminate.o)
 .debug_line    0x00004f7c      0x253 /home/ishyro/.arduino15/packages/chipKIT/tools/pic32-tools/1.43-pic32gcc/bin/bin/../../lib/gcc/pic32mx/4.8.3/../../../../pic32mx/lib/size/libsupc++.a(eh_unex_handler.o)
 .debug_line    0x000051cf      0x253 /home/ishyro/.arduino15/packages/chipKIT/tools/pic32-tools/1.43-pic32gcc/bin/bin/../../lib/gcc/pic32mx/4.8.3/../../../../pic32mx/lib/size/libsupc++.a(eh_term_handler.o)

.debug_frame    0x00000000     0x1460
 *(.debug_frame)
 .debug_frame   0x00000000       0x38 cores/core_no_main.a(exceptions.c.o)
 .debug_frame   0x00000038      0x160 cores/core_no_main.a(task_manager.c.o)
 .debug_frame   0x00000198      0x18c cores/core_no_main.a(wiring.c.o)
 .debug_frame   0x00000324       0x88 cores/core_no_main.a(wiring_digital.c.o)
 .debug_frame   0x000003ac      0x1a8 cores/core_no_main.a(USB.cpp.o)
 .debug_frame   0x00000554      0x254 cores/core_no_main.a(USB_CDCACM.cpp.o)
 .debug_frame   0x000007a8      0x1a8 cores/core_no_main.a(USB_FS.cpp.o)
 .debug_frame   0x00000950      0x170 cores/core_no_main.a(WSystem.c.o)
 .debug_frame   0x00000ac0       0x20 cores/core_no_main.a(pins_arduino.c.o)
 .debug_frame   0x00000ae0       0xf8 cores/core_no_main.a(wiring_analog.c.o)
 .debug_frame   0x00000bd8      0x2bc cores/core_no_main.a(Print.cpp.o)
 .debug_frame   0x00000e94       0x5c cores/core_no_main.a(doprnt.cpp.o)
 .debug_frame   0x00000ef0       0x20 /home/ishyro/.arduino15/packages/chipKIT/tools/pic32-tools/1.43-pic32gcc/bin/bin/../../lib/gcc/pic32mx/4.8.3/size/libgcc.a(adddf3.o)
 .debug_frame   0x00000f10       0x20 /home/ishyro/.arduino15/packages/chipKIT/tools/pic32-tools/1.43-pic32gcc/bin/bin/../../lib/gcc/pic32mx/4.8.3/size/libgcc.a(divdf3.o)
 .debug_frame   0x00000f30       0x20 /home/ishyro/.arduino15/packages/chipKIT/tools/pic32-tools/1.43-pic32gcc/bin/bin/../../lib/gcc/pic32mx/4.8.3/size/libgcc.a(eqdf2.o)
 .debug_frame   0x00000f50       0x20 /home/ishyro/.arduino15/packages/chipKIT/tools/pic32-tools/1.43-pic32gcc/bin/bin/../../lib/gcc/pic32mx/4.8.3/size/libgcc.a(gedf2.o)
 .debug_frame   0x00000f70       0x20 /home/ishyro/.arduino15/packages/chipKIT/tools/pic32-tools/1.43-pic32gcc/bin/bin/../../lib/gcc/pic32mx/4.8.3/size/libgcc.a(ledf2.o)
 .debug_frame   0x00000f90       0x20 /home/ishyro/.arduino15/packages/chipKIT/tools/pic32-tools/1.43-pic32gcc/bin/bin/../../lib/gcc/pic32mx/4.8.3/size/libgcc.a(muldf3.o)
 .debug_frame   0x00000fb0       0x20 /home/ishyro/.arduino15/packages/chipKIT/tools/pic32-tools/1.43-pic32gcc/bin/bin/../../lib/gcc/pic32mx/4.8.3/size/libgcc.a(subdf3.o)
 .debug_frame   0x00000fd0       0x20 /home/ishyro/.arduino15/packages/chipKIT/tools/pic32-tools/1.43-pic32gcc/bin/bin/../../lib/gcc/pic32mx/4.8.3/size/libgcc.a(fixdfsi.o)
 .debug_frame   0x00000ff0       0x20 /home/ishyro/.arduino15/packages/chipKIT/tools/pic32-tools/1.43-pic32gcc/bin/bin/../../lib/gcc/pic32mx/4.8.3/size/libgcc.a(fixunsdfsi.o)
 .debug_frame   0x00001010       0x20 /home/ishyro/.arduino15/packages/chipKIT/tools/pic32-tools/1.43-pic32gcc/bin/bin/../../lib/gcc/pic32mx/4.8.3/size/libgcc.a(floatsidf.o)
 .debug_frame   0x00001030       0x28 /home/ishyro/.arduino15/packages/chipKIT/tools/pic32-tools/1.43-pic32gcc/bin/bin/../../lib/gcc/pic32mx/4.8.3/size/libgcc.a(floatunsidf.o)
 .debug_frame   0x00001058       0xdc /home/ishyro/.arduino15/packages/chipKIT/tools/pic32-tools/1.43-pic32gcc/bin/bin/../../lib/gcc/pic32mx/4.8.3/../../../../pic32mx/lib/size/libsupc++.a(class_type_info.o)
 .debug_frame   0x00001134       0x2c /home/ishyro/.arduino15/packages/chipKIT/tools/pic32-tools/1.43-pic32gcc/bin/bin/../../lib/gcc/pic32mx/4.8.3/../../../../pic32mx/lib/size/libsupc++.a(del_op.o)
 .debug_frame   0x00001160       0xc0 /home/ishyro/.arduino15/packages/chipKIT/tools/pic32-tools/1.43-pic32gcc/bin/bin/../../lib/gcc/pic32mx/4.8.3/../../../../pic32mx/lib/size/libsupc++.a(si_class_type_info.o)
 .debug_frame   0x00001220       0x84 /home/ishyro/.arduino15/packages/chipKIT/tools/pic32-tools/1.43-pic32gcc/bin/bin/../../lib/gcc/pic32mx/4.8.3/../../../../pic32mx/lib/size/libsupc++.a(tinfo.o)
 .debug_frame   0x000012a4       0xec /home/ishyro/.arduino15/packages/chipKIT/tools/pic32-tools/1.43-pic32gcc/bin/bin/../../lib/gcc/pic32mx/4.8.3/../../../../pic32mx/lib/size/libsupc++.a(vmi_class_type_info.o)
 .debug_frame   0x00001390       0x40 /home/ishyro/.arduino15/packages/chipKIT/tools/pic32-tools/1.43-pic32gcc/bin/bin/../../lib/gcc/pic32mx/4.8.3/../../../../pic32mx/lib/size/libsupc++.a(pure.o)
 .debug_frame   0x000013d0       0x90 /home/ishyro/.arduino15/packages/chipKIT/tools/pic32-tools/1.43-pic32gcc/bin/bin/../../lib/gcc/pic32mx/4.8.3/../../../../pic32mx/lib/size/libsupc++.a(eh_terminate.o)

.debug_str      0x00000000      0xc89
 *(.debug_str)
 .debug_str     0x00000000        0x0 Board_Data.o
 .debug_str     0x00000000        0x0 cores/core_no_main.a(exceptions.c.o)
 .debug_str     0x00000000        0x7 cores/core_no_main.a(task_manager.c.o)
 .debug_str     0x00000007       0x22 cores/core_no_main.a(wiring.c.o)
 .debug_str     0x00000029        0x0 cores/core_no_main.a(wiring_digital.c.o)
 .debug_str     0x00000029      0x189 cores/core_no_main.a(USB.cpp.o)
 .debug_str     0x000001b2      0x2a4 cores/core_no_main.a(USB_CDCACM.cpp.o)
 .debug_str     0x00000456      0x154 cores/core_no_main.a(USB_FS.cpp.o)
 .debug_str     0x000005aa        0x0 cores/core_no_main.a(WSystem.c.o)
 .debug_str     0x000005aa        0x0 cores/core_no_main.a(pins_arduino.c.o)
 .debug_str     0x000005aa       0x21 cores/core_no_main.a(wiring_analog.c.o)
 .debug_str     0x000005cb      0x17e cores/core_no_main.a(Print.cpp.o)
 .debug_str     0x00000749        0xa cores/core_no_main.a(doprnt.cpp.o)
 .debug_str     0x00000753        0x0 /home/ishyro/.arduino15/packages/chipKIT/tools/pic32-tools/1.43-pic32gcc/bin/bin/../../lib/gcc/pic32mx/4.8.3/size/libgcc.a(adddf3.o)
 .debug_str     0x00000753        0x0 /home/ishyro/.arduino15/packages/chipKIT/tools/pic32-tools/1.43-pic32gcc/bin/bin/../../lib/gcc/pic32mx/4.8.3/size/libgcc.a(divdf3.o)
 .debug_str     0x00000753        0x0 /home/ishyro/.arduino15/packages/chipKIT/tools/pic32-tools/1.43-pic32gcc/bin/bin/../../lib/gcc/pic32mx/4.8.3/size/libgcc.a(eqdf2.o)
 .debug_str     0x00000753        0x0 /home/ishyro/.arduino15/packages/chipKIT/tools/pic32-tools/1.43-pic32gcc/bin/bin/../../lib/gcc/pic32mx/4.8.3/size/libgcc.a(gedf2.o)
 .debug_str     0x00000753        0x0 /home/ishyro/.arduino15/packages/chipKIT/tools/pic32-tools/1.43-pic32gcc/bin/bin/../../lib/gcc/pic32mx/4.8.3/size/libgcc.a(ledf2.o)
 .debug_str     0x00000753        0x0 /home/ishyro/.arduino15/packages/chipKIT/tools/pic32-tools/1.43-pic32gcc/bin/bin/../../lib/gcc/pic32mx/4.8.3/size/libgcc.a(muldf3.o)
 .debug_str     0x00000753        0x0 /home/ishyro/.arduino15/packages/chipKIT/tools/pic32-tools/1.43-pic32gcc/bin/bin/../../lib/gcc/pic32mx/4.8.3/size/libgcc.a(subdf3.o)
 .debug_str     0x00000753        0x0 /home/ishyro/.arduino15/packages/chipKIT/tools/pic32-tools/1.43-pic32gcc/bin/bin/../../lib/gcc/pic32mx/4.8.3/size/libgcc.a(fixdfsi.o)
 .debug_str     0x00000753        0x0 /home/ishyro/.arduino15/packages/chipKIT/tools/pic32-tools/1.43-pic32gcc/bin/bin/../../lib/gcc/pic32mx/4.8.3/size/libgcc.a(fixunsdfsi.o)
 .debug_str     0x00000753        0x0 /home/ishyro/.arduino15/packages/chipKIT/tools/pic32-tools/1.43-pic32gcc/bin/bin/../../lib/gcc/pic32mx/4.8.3/size/libgcc.a(floatsidf.o)
 .debug_str     0x00000753        0x0 /home/ishyro/.arduino15/packages/chipKIT/tools/pic32-tools/1.43-pic32gcc/bin/bin/../../lib/gcc/pic32mx/4.8.3/size/libgcc.a(floatunsidf.o)
 .debug_str     0x00000753      0x12e /home/ishyro/.arduino15/packages/chipKIT/tools/pic32-tools/1.43-pic32gcc/bin/bin/../../lib/gcc/pic32mx/4.8.3/../../../../pic32mx/lib/size/libsupc++.a(class_type_info.o)
 .debug_str     0x00000881       0x18 /home/ishyro/.arduino15/packages/chipKIT/tools/pic32-tools/1.43-pic32gcc/bin/bin/../../lib/gcc/pic32mx/4.8.3/../../../../pic32mx/lib/size/libsupc++.a(del_op.o)
 .debug_str     0x00000899      0x131 /home/ishyro/.arduino15/packages/chipKIT/tools/pic32-tools/1.43-pic32gcc/bin/bin/../../lib/gcc/pic32mx/4.8.3/../../../../pic32mx/lib/size/libsupc++.a(si_class_type_info.o)
 .debug_str     0x000009ca       0x27 /home/ishyro/.arduino15/packages/chipKIT/tools/pic32-tools/1.43-pic32gcc/bin/bin/../../lib/gcc/pic32mx/4.8.3/../../../../pic32mx/lib/size/libsupc++.a(tinfo.o)
 .debug_str     0x000009f1      0x238 /home/ishyro/.arduino15/packages/chipKIT/tools/pic32-tools/1.43-pic32gcc/bin/bin/../../lib/gcc/pic32mx/4.8.3/../../../../pic32mx/lib/size/libsupc++.a(vmi_class_type_info.o)
 .debug_str     0x00000c29       0x18 /home/ishyro/.arduino15/packages/chipKIT/tools/pic32-tools/1.43-pic32gcc/bin/bin/../../lib/gcc/pic32mx/4.8.3/../../../../pic32mx/lib/size/libsupc++.a(pure.o)
 .debug_str     0x00000c41       0x18 /home/ishyro/.arduino15/packages/chipKIT/tools/pic32-tools/1.43-pic32gcc/bin/bin/../../lib/gcc/pic32mx/4.8.3/../../../../pic32mx/lib/size/libsupc++.a(eh_terminate.o)
 .debug_str     0x00000c59       0x18 /home/ishyro/.arduino15/packages/chipKIT/tools/pic32-tools/1.43-pic32gcc/bin/bin/../../lib/gcc/pic32mx/4.8.3/../../../../pic32mx/lib/size/libsupc++.a(eh_unex_handler.o)
 .debug_str     0x00000c71       0x18 /home/ishyro/.arduino15/packages/chipKIT/tools/pic32-tools/1.43-pic32gcc/bin/bin/../../lib/gcc/pic32mx/4.8.3/../../../../pic32mx/lib/size/libsupc++.a(eh_term_handler.o)

.debug_loc      0x00000000     0xd1aa
 *(.debug_loc)
 .debug_loc     0x00000000      0x4da cores/core_no_main.a(task_manager.c.o)
 .debug_loc     0x000004da      0x554 cores/core_no_main.a(wiring.c.o)
 .debug_loc     0x00000a2e      0x2e0 cores/core_no_main.a(wiring_digital.c.o)
 .debug_loc     0x00000d0e      0xb7d cores/core_no_main.a(USB.cpp.o)
 .debug_loc     0x0000188b     0x1561 cores/core_no_main.a(USB_CDCACM.cpp.o)
 .debug_loc     0x00002dec      0x831 cores/core_no_main.a(USB_FS.cpp.o)
 .debug_loc     0x0000361d      0x4ca cores/core_no_main.a(WSystem.c.o)
 .debug_loc     0x00003ae7      0x34c cores/core_no_main.a(wiring_analog.c.o)
 .debug_loc     0x00003e33     0x17dc cores/core_no_main.a(Print.cpp.o)
 .debug_loc     0x0000560f     0x2855 cores/core_no_main.a(doprnt.cpp.o)
 .debug_loc     0x00007e64     0x1092 /home/ishyro/.arduino15/packages/chipKIT/tools/pic32-tools/1.43-pic32gcc/bin/bin/../../lib/gcc/pic32mx/4.8.3/size/libgcc.a(adddf3.o)
 .debug_loc     0x00008ef6      0xc81 /home/ishyro/.arduino15/packages/chipKIT/tools/pic32-tools/1.43-pic32gcc/bin/bin/../../lib/gcc/pic32mx/4.8.3/size/libgcc.a(divdf3.o)
 .debug_loc     0x00009b77       0x47 /home/ishyro/.arduino15/packages/chipKIT/tools/pic32-tools/1.43-pic32gcc/bin/bin/../../lib/gcc/pic32mx/4.8.3/size/libgcc.a(eqdf2.o)
 .debug_loc     0x00009bbe      0x176 /home/ishyro/.arduino15/packages/chipKIT/tools/pic32-tools/1.43-pic32gcc/bin/bin/../../lib/gcc/pic32mx/4.8.3/size/libgcc.a(gedf2.o)
 .debug_loc     0x00009d34       0xf7 /home/ishyro/.arduino15/packages/chipKIT/tools/pic32-tools/1.43-pic32gcc/bin/bin/../../lib/gcc/pic32mx/4.8.3/size/libgcc.a(ledf2.o)
 .debug_loc     0x00009e2b      0x8ad /home/ishyro/.arduino15/packages/chipKIT/tools/pic32-tools/1.43-pic32gcc/bin/bin/../../lib/gcc/pic32mx/4.8.3/size/libgcc.a(muldf3.o)
 .debug_loc     0x0000a6d8     0x10a8 /home/ishyro/.arduino15/packages/chipKIT/tools/pic32-tools/1.43-pic32gcc/bin/bin/../../lib/gcc/pic32mx/4.8.3/size/libgcc.a(subdf3.o)
 .debug_loc     0x0000b780       0xb8 /home/ishyro/.arduino15/packages/chipKIT/tools/pic32-tools/1.43-pic32gcc/bin/bin/../../lib/gcc/pic32mx/4.8.3/size/libgcc.a(fixdfsi.o)
 .debug_loc     0x0000b838       0xb8 /home/ishyro/.arduino15/packages/chipKIT/tools/pic32-tools/1.43-pic32gcc/bin/bin/../../lib/gcc/pic32mx/4.8.3/size/libgcc.a(fixunsdfsi.o)
 .debug_loc     0x0000b8f0      0x1ab /home/ishyro/.arduino15/packages/chipKIT/tools/pic32-tools/1.43-pic32gcc/bin/bin/../../lib/gcc/pic32mx/4.8.3/size/libgcc.a(floatsidf.o)
 .debug_loc     0x0000ba9b       0x80 /home/ishyro/.arduino15/packages/chipKIT/tools/pic32-tools/1.43-pic32gcc/bin/bin/../../lib/gcc/pic32mx/4.8.3/size/libgcc.a(floatunsidf.o)
 .debug_loc     0x0000bb1b      0x474 /home/ishyro/.arduino15/packages/chipKIT/tools/pic32-tools/1.43-pic32gcc/bin/bin/../../lib/gcc/pic32mx/4.8.3/../../../../pic32mx/lib/size/libsupc++.a(class_type_info.o)
 .debug_loc     0x0000bf8f       0x21 /home/ishyro/.arduino15/packages/chipKIT/tools/pic32-tools/1.43-pic32gcc/bin/bin/../../lib/gcc/pic32mx/4.8.3/../../../../pic32mx/lib/size/libsupc++.a(del_op.o)
 .debug_loc     0x0000bfb0      0x3f3 /home/ishyro/.arduino15/packages/chipKIT/tools/pic32-tools/1.43-pic32gcc/bin/bin/../../lib/gcc/pic32mx/4.8.3/../../../../pic32mx/lib/size/libsupc++.a(si_class_type_info.o)
 .debug_loc     0x0000c3a3       0x84 /home/ishyro/.arduino15/packages/chipKIT/tools/pic32-tools/1.43-pic32gcc/bin/bin/../../lib/gcc/pic32mx/4.8.3/../../../../pic32mx/lib/size/libsupc++.a(tinfo.o)
 .debug_loc     0x0000c427      0xd41 /home/ishyro/.arduino15/packages/chipKIT/tools/pic32-tools/1.43-pic32gcc/bin/bin/../../lib/gcc/pic32mx/4.8.3/../../../../pic32mx/lib/size/libsupc++.a(vmi_class_type_info.o)
 .debug_loc     0x0000d168       0x42 /home/ishyro/.arduino15/packages/chipKIT/tools/pic32-tools/1.43-pic32gcc/bin/bin/../../lib/gcc/pic32mx/4.8.3/../../../../pic32mx/lib/size/libsupc++.a(eh_terminate.o)

.debug_macinfo
 *(.debug_macinfo)

.debug_weaknames
 *(.debug_weaknames)

.debug_funcnames
 *(.debug_funcnames)

.debug_typenames
 *(.debug_typenames)

.debug_varnames
 *(.debug_varnames)

.debug_pubtypes
 *(.debug_pubtypes)

.debug_ranges   0x00000000     0x1ad8
 *(.debug_ranges)
 .debug_ranges  0x00000000       0x18 cores/core_no_main.a(exceptions.c.o)
 .debug_ranges  0x00000018       0x78 cores/core_no_main.a(task_manager.c.o)
 .debug_ranges  0x00000090      0x210 cores/core_no_main.a(vector_table.S.o)
 .debug_ranges  0x000002a0       0xa8 cores/core_no_main.a(wiring.c.o)
 .debug_ranges  0x00000348       0x28 cores/core_no_main.a(wiring_digital.c.o)
 .debug_ranges  0x00000370      0x250 cores/core_no_main.a(USB.cpp.o)
 .debug_ranges  0x000005c0      0x300 cores/core_no_main.a(USB_CDCACM.cpp.o)
 .debug_ranges  0x000008c0      0x1d0 cores/core_no_main.a(USB_FS.cpp.o)
 .debug_ranges  0x00000a90      0x110 cores/core_no_main.a(WSystem.c.o)
 .debug_ranges  0x00000ba0       0x10 cores/core_no_main.a(pins_arduino.c.o)
 .debug_ranges  0x00000bb0       0x58 cores/core_no_main.a(wiring_analog.c.o)
 .debug_ranges  0x00000c08      0x2e0 cores/core_no_main.a(Print.cpp.o)
 .debug_ranges  0x00000ee8      0x420 cores/core_no_main.a(doprnt.cpp.o)
 .debug_ranges  0x00001308      0x150 /home/ishyro/.arduino15/packages/chipKIT/tools/pic32-tools/1.43-pic32gcc/bin/bin/../../lib/gcc/pic32mx/4.8.3/size/libgcc.a(adddf3.o)
 .debug_ranges  0x00001458       0x60 /home/ishyro/.arduino15/packages/chipKIT/tools/pic32-tools/1.43-pic32gcc/bin/bin/../../lib/gcc/pic32mx/4.8.3/size/libgcc.a(divdf3.o)
 .debug_ranges  0x000014b8       0x18 /home/ishyro/.arduino15/packages/chipKIT/tools/pic32-tools/1.43-pic32gcc/bin/bin/../../lib/gcc/pic32mx/4.8.3/size/libgcc.a(gedf2.o)
 .debug_ranges  0x000014d0       0x18 /home/ishyro/.arduino15/packages/chipKIT/tools/pic32-tools/1.43-pic32gcc/bin/bin/../../lib/gcc/pic32mx/4.8.3/size/libgcc.a(ledf2.o)
 .debug_ranges  0x000014e8       0xc0 /home/ishyro/.arduino15/packages/chipKIT/tools/pic32-tools/1.43-pic32gcc/bin/bin/../../lib/gcc/pic32mx/4.8.3/size/libgcc.a(muldf3.o)
 .debug_ranges  0x000015a8      0x130 /home/ishyro/.arduino15/packages/chipKIT/tools/pic32-tools/1.43-pic32gcc/bin/bin/../../lib/gcc/pic32mx/4.8.3/size/libgcc.a(subdf3.o)
 .debug_ranges  0x000016d8       0x18 /home/ishyro/.arduino15/packages/chipKIT/tools/pic32-tools/1.43-pic32gcc/bin/bin/../../lib/gcc/pic32mx/4.8.3/size/libgcc.a(floatsidf.o)
 .debug_ranges  0x000016f0       0x48 /home/ishyro/.arduino15/packages/chipKIT/tools/pic32-tools/1.43-pic32gcc/bin/bin/../../lib/gcc/pic32mx/4.8.3/../../../../pic32mx/lib/size/libsupc++.a(class_type_info.o)